Component: ARM Compiler 5.05 update 1 (build 106) Tool: armlink [4d0efa]

==============================================================================

Section Cross References

    startup_stm32f407xx.o(STACK) refers (Special) to heapauxi.o(.text) for __use_two_region_memory
    startup_stm32f407xx.o(HEAP) refers (Special) to heapauxi.o(.text) for __use_two_region_memory
    startup_stm32f407xx.o(RESET) refers (Special) to heapauxi.o(.text) for __use_two_region_memory
    startup_stm32f407xx.o(RESET) refers to startup_stm32f407xx.o(STACK) for __initial_sp
    startup_stm32f407xx.o(RESET) refers to startup_stm32f407xx.o(.text) for Reset_Handler
    startup_stm32f407xx.o(RESET) refers to stm32f4xx_it.o(i.NMI_Handler) for NMI_Handler
    startup_stm32f407xx.o(RESET) refers to stm32f4xx_it.o(i.HardFault_Handler) for HardFault_Handler
    startup_stm32f407xx.o(RESET) refers to stm32f4xx_it.o(i.MemManage_Handler) for MemManage_Handler
    startup_stm32f407xx.o(RESET) refers to stm32f4xx_it.o(i.BusFault_Handler) for BusFault_Handler
    startup_stm32f407xx.o(RESET) refers to stm32f4xx_it.o(i.UsageFault_Handler) for UsageFault_Handler
    startup_stm32f407xx.o(RESET) refers to stm32f4xx_it.o(i.SVC_Handler) for SVC_Handler
    startup_stm32f407xx.o(RESET) refers to stm32f4xx_it.o(i.DebugMon_Handler) for DebugMon_Handler
    startup_stm32f407xx.o(RESET) refers to stm32f4xx_it.o(i.PendSV_Handler) for PendSV_Handler
    startup_stm32f407xx.o(RESET) refers to stm32f4xx_it.o(i.SysTick_Handler) for SysTick_Handler
    startup_stm32f407xx.o(RESET) refers to wwdg.o(i.WWDG_IRQHandler) for WWDG_IRQHandler
    startup_stm32f407xx.o(RESET) refers to exti.o(i.EXTI0_IRQHandler) for EXTI0_IRQHandler
    startup_stm32f407xx.o(RESET) refers to exti.o(i.EXTI2_IRQHandler) for EXTI2_IRQHandler
    startup_stm32f407xx.o(RESET) refers to exti.o(i.EXTI3_IRQHandler) for EXTI3_IRQHandler
    startup_stm32f407xx.o(RESET) refers to exti.o(i.EXTI4_IRQHandler) for EXTI4_IRQHandler
    startup_stm32f407xx.o(RESET) refers to gtim.o(i.TIM3_IRQHandler) for TIM3_IRQHandler
    startup_stm32f407xx.o(RESET) refers to usart.o(i.USART1_IRQHandler) for USART1_IRQHandler
    startup_stm32f407xx.o(RESET) refers to atim.o(i.TIM8_UP_TIM13_IRQHandler) for TIM8_UP_TIM13_IRQHandler
    startup_stm32f407xx.o(RESET) refers to atim.o(i.TIM8_CC_IRQHandler) for TIM8_CC_IRQHandler
    startup_stm32f407xx.o(RESET) refers to btim.o(i.TIM6_DAC_IRQHandler) for TIM6_DAC_IRQHandler
    startup_stm32f407xx.o(RESET) refers to btim.o(i.TIM7_IRQHandler) for TIM7_IRQHandler
    startup_stm32f407xx.o(.text) refers (Special) to heapauxi.o(.text) for __use_two_region_memory
    startup_stm32f407xx.o(.text) refers to system_stm32f4xx.o(i.SystemInit) for SystemInit
    startup_stm32f407xx.o(.text) refers to __main.o(!!!main) for __main
    startup_stm32f407xx.o(.text) refers to startup_stm32f407xx.o(HEAP) for Heap_Mem
    startup_stm32f407xx.o(.text) refers to startup_stm32f407xx.o(STACK) for Stack_Mem
    main.o(i.main) refers to _printf_percent.o(.ARM.Collect$$_printf_percent$$00000000) for _printf_percent
    main.o(i.main) refers to _printf_d.o(.ARM.Collect$$_printf_percent$$00000009) for _printf_d
    main.o(i.main) refers to _printf_dec.o(.text) for _printf_int_dec
    main.o(i.main) refers to _printf_f.o(.ARM.Collect$$_printf_percent$$00000003) for _printf_f
    main.o(i.main) refers to printf1.o(x$fpl$printf1) for _printf_fp_dec
    main.o(i.main) refers to stm32f4xx_hal.o(i.HAL_Init) for HAL_Init
    main.o(i.main) refers to sys.o(i.sys_stm32_clock_init) for sys_stm32_clock_init
    main.o(i.main) refers to delay.o(i.delay_init) for delay_init
    main.o(i.main) refers to usart.o(i.usart_init) for usart_init
    main.o(i.main) refers to led.o(i.led_init) for led_init
    main.o(i.main) refers to gtim.o(i.gtim_timx_pwm_chy_init) for gtim_timx_pwm_chy_init
    main.o(i.main) refers to atim.o(i.atim_timx_pwmin_chy_init) for atim_timx_pwmin_chy_init
    main.o(i.main) refers to delay.o(i.delay_ms) for delay_ms
    main.o(i.main) refers to noretval__2printf.o(.text) for __2printf
    main.o(i.main) refers to dflt_clz.o(x$fpl$dfltu) for __aeabi_ui2d
    main.o(i.main) refers to daddsub_clz.o(x$fpl$dadd) for __aeabi_dadd
    main.o(i.main) refers to ddiv.o(x$fpl$ddiv) for __aeabi_ddiv
    main.o(i.main) refers to dmul.o(x$fpl$dmul) for __aeabi_dmul
    main.o(i.main) refers to atim.o(i.atim_timx_pwmin_chy_restart) for atim_timx_pwmin_chy_restart
    main.o(i.main) refers to stm32f4xx_hal_gpio.o(i.HAL_GPIO_TogglePin) for HAL_GPIO_TogglePin
    main.o(i.main) refers to atim.o(.data) for g_timxchy_pwmin_sta
    stm32f4xx_it.o(i.SysTick_Handler) refers to stm32f4xx_hal.o(i.HAL_IncTick) for HAL_IncTick
    system_stm32f4xx.o(i.SystemCoreClockUpdate) refers to system_stm32f4xx.o(.data) for SystemCoreClock
    system_stm32f4xx.o(i.SystemCoreClockUpdate) refers to system_stm32f4xx.o(.constdata) for AHBPrescTable
    delay.o(i.HAL_Delay) refers to delay.o(i.delay_ms) for delay_ms
[...]
    .ARM.Collect$$libinit$$00000017          0x08000222   Section        0  libinit2.o(.ARM.Collect$$libinit$$00000017)
    .ARM.Collect$$libinit$$00000019          0x08000222   Section        0  libinit2.o(.ARM.Collect$$libinit$$00000019)
    .ARM.Collect$$libinit$$0000001B          0x08000222   Section        0  libinit2.o(.ARM.Collect$$libinit$$0000001B)
    .ARM.Collect$$libinit$$0000001D          0x08000222   Section        0  libinit2.o(.ARM.Collect$$libinit$$0000001D)
    .ARM.Collect$$libinit$$0000001F          0x08000222   Section        0  libinit2.o(.ARM.Collect$$libinit$$0000001F)
    .ARM.Collect$$libinit$$00000021          0x08000222   Section        0  libinit2.o(.ARM.Collect$$libinit$$00000021)
    .ARM.Collect$$libinit$$00000023          0x08000222   Section        0  libinit2.o(.ARM.Collect$$libinit$$00000023)
    .ARM.Collect$$libinit$$00000025          0x08000222   Section        0  libinit2.o(.ARM.Collect$$libinit$$00000025)
    .ARM.Collect$$libinit$$0000002C          0x08000222   Section        0  libinit2.o(.ARM.Collect$$libinit$$0000002C)
    .ARM.Collect$$libinit$$0000002E          0x08000222   Section        0  libinit2.o(.ARM.Collect$$libinit$$0000002E)
    .ARM.Collect$$libinit$$00000030          0x08000222   Section        0  libinit2.o(.ARM.Collect$$libinit$$00000030)
    .ARM.Collect$$libinit$$00000032          0x08000222   Section        0  libinit2.o(.ARM.Collect$$libinit$$00000032)
    .ARM.Collect$$libinit$$00000033          0x08000222   Section        2  libinit2.o(.ARM.Collect$$libinit$$00000033)
    .ARM.Collect$$libshutdown$$00000000      0x08000224   Section        2  libshutdown.o(.ARM.Collect$$libshutdown$$00000000)
    .ARM.Collect$$libshutdown$$00000003      0x08000226   Section        0  libshutdown2.o(.ARM.Collect$$libshutdown$$00000003)
    .ARM.Collect$$libshutdown$$00000006      0x08000226   Section        0  libshutdown2.o(.ARM.Collect$$libshutdown$$00000006)
    .ARM.Collect$$libshutdown$$00000009      0x08000226   Section        0  libshutdown2.o(.ARM.Collect$$libshutdown$$00000009)
    .ARM.Collect$$libshutdown$$0000000B      0x08000226   Section        0  libshutdown2.o(.ARM.Collect$$libshutdown$$0000000B)
    .ARM.Collect$$libshutdown$$0000000E      0x08000226   Section        0  libshutdown2.o(.ARM.Collect$$libshutdown$$0000000E)
    .ARM.Collect$$libshutdown$$0000000F      0x08000226   Section        2  libshutdown2.o(.ARM.Collect$$libshutdown$$0000000F)
    .ARM.Collect$$rtentry$$00000000          0x08000228   Section        0  __rtentry.o(.ARM.Collect$$rtentry$$00000000)
    .ARM.Collect$$rtentry$$00000002          0x08000228   Section        0  __rtentry2.o(.ARM.Collect$$rtentry$$00000002)
    .ARM.Collect$$rtentry$$00000004          0x08000228   Section        6  __rtentry4.o(.ARM.Collect$$rtentry$$00000004)
    .ARM.Collect$$rtentry$$00000009          0x0800022e   Section        0  __rtentry2.o(.ARM.Collect$$rtentry$$00000009)
    .ARM.Collect$$rtentry$$0000000A          0x0800022e   Section        4  __rtentry2.o(.ARM.Collect$$rtentry$$0000000A)
    .ARM.Collect$$rtentry$$0000000C          0x08000232   Section        0  __rtentry2.o(.ARM.Collect$$rtentry$$0000000C)
    .ARM.Collect$$rtentry$$0000000D          0x08000232   Section        8  __rtentry2.o(.ARM.Collect$$rtentry$$0000000D)
    .ARM.Collect$$rtexit$$00000000           0x0800023a   Section        2  rtexit.o(.ARM.Collect$$rtexit$$00000000)
    .ARM.Collect$$rtexit$$00000002           0x0800023c   Section        0  rtexit2.o(.ARM.Collect$$rtexit$$00000002)
    .ARM.Collect$$rtexit$$00000003           0x0800023c   Section        4  rtexit2.o(.ARM.Collect$$rtexit$$00000003)
    .ARM.Collect$$rtexit$$00000004           0x08000240   Section        6  rtexit2.o(.ARM.Collect$$rtexit$$00000004)
    .text                                    0x08000248   Section       76  startup_stm32f407xx.o(.text)
    $v0                                      0x08000248   Number         0  startup_stm32f407xx.o(.text)
    .text                                    0x08000294   Section        2  use_no_semi_2.o(.text)
    .text                                    0x08000296   Section      238  lludivv7m.o(.text)
    .text                                    0x08000384   Section        0  noretval__2printf.o(.text)
    .text                                    0x0800039c   Section        0  _printf_dec.o(.text)
    .text                                    0x08000414   Section        0  __printf_wp.o(.text)
    .text                                    0x08000522   Section       78  rt_memclr_w.o(.text)
    .text                                    0x08000570   Section        0  heapauxi.o(.text)
    .text                                    0x08000576   Section        2  use_no_semi.o(.text)
    .text                                    0x08000578   Section        0  _printf_intcommon.o(.text)
    .text                                    0x0800062a   Section        0  _printf_fp_dec.o(.text)
    _fp_digits                               0x0800062d   Thumb Code   428  _printf_fp_dec.o(.text)
    .text                                    0x08000a44   Section        0  _printf_char_file.o(.text)
    .text                                    0x08000a68   Section        8  rt_locale_intlibspace.o(.text)
    .text                                    0x08000a70   Section      138  lludiv10.o(.text)
    .text                                    0x08000afc   Section        0  _printf_char_common.o(.text)
    _printf_input_char                       0x08000afd   Thumb Code    10  _printf_char_common.o(.text)
    .text                                    0x08000b2c   Section        0  _printf_fp_infnan.o(.text)
    .text                                    0x08000bac   Section        0  bigflt0.o(.text)
    .text                                    0x08000c88   Section        0  ferror.o(.text)
    .text                                    0x08000c90   Section        8  libspace.o(.text)
    .text                                    0x08000c98   Section       74  sys_stackheap_outer.o(.text)
    .text                                    0x08000ce2   Section        0  exit.o(.text)
    .text                                    0x08000cf0   Section      128  strcmpv7m.o(.text)
    CL$$btod_d2e                             0x08000d70   Section       62  btod.o(CL$$btod_d2e)
    CL$$btod_d2e_denorm_low                  0x08000dae   Section       70  btod.o(CL$$btod_d2e_denorm_low)
    CL$$btod_d2e_norm_op1                    0x08000df4   Section       96  btod.o(CL$$btod_d2e_norm_op1)
    CL$$btod_div_common                      0x08000e54   Section      824  btod.o(CL$$btod_div_common)
    CL$$btod_e2e                             0x0800118c   Section      198  btod.o(CL$$btod_e2e)
    CL$$btod_ediv                            0x08001252   Section       40  btod.o(CL$$btod_ediv)
    CL$$btod_emul                            0x0800127a   Section       40  btod.o(CL$$btod_emul)
    CL$$btod_mult_common                     0x080012a2   Section      580  btod.o(CL$$btod_mult_common)
    i.BusFault_Handler                       0x080014e6   Section        0  stm32f4xx_it.o(i.BusFault_Handler)
    i.DebugMon_Handler                       0x080014ea   Section        0  stm32f4xx_it.o(i.DebugMon_Handler)
    i.EXTI0_IRQHandler                       0x080014ec   Section        0  exti.o(i.EXTI0_IRQHandler)
    i.EXTI2_IRQHandler                       0x08001500   Section        0  exti.o(i.EXTI2_IRQHandler)
    i.EXTI3_IRQHandler                       0x08001514   Section        0  exti.o(i.EXTI3_IRQHandler)
    i.EXTI4_IRQHandler                       0x08001528   Section        0  exti.o(i.EXTI4_IRQHandler)
    i.HAL_DMA_Abort                          0x0800153c   Section        0  stm32f4xx_hal_dma.o(i.HAL_DMA_Abort)
    i.HAL_DMA_Abort_IT                       0x080015e6   Section        0  stm32f4xx_hal_dma.o(i.HAL_DMA_Abort_IT)
    i.HAL_GPIO_EXTI_Callback                 0x08001610   Section        0  exti.o(i.HAL_GPIO_EXTI_Callback)
    i.HAL_GPIO_EXTI_IRQHandler               0x080016b0   Section        0  stm32f4xx_hal_gpio.o(i.HAL_GPIO_EXTI_IRQHandler)
    i.HAL_GPIO_Init                          0x080016cc   Section        0  stm32f4xx_hal_gpio.o(i.HAL_GPIO_Init)
    i.HAL_GPIO_ReadPin                       0x080018d0   Section        0  stm32f4xx_hal_gpio.o(i.HAL_GPIO_ReadPin)
    i.HAL_GPIO_TogglePin                     0x080018e0   Section        0  stm32f4xx_hal_gpio.o(i.HAL_GPIO_TogglePin)
    i.HAL_GPIO_WritePin                      0x080018f4   Section        0  stm32f4xx_hal_gpio.o(i.HAL_GPIO_WritePin)
    i.HAL_GetREVID                           0x08001900   Section        0  stm32f4xx_hal.o(i.HAL_GetREVID)
    i.HAL_GetTick                            0x0800190c   Section        0  stm32f4xx_hal.o(i.HAL_GetTick)
    i.HAL_IncTick                            0x08001918   Section        0  stm32f4xx_hal.o(i.HAL_IncTick)
    i.HAL_Init                               0x08001930   Section        0  stm32f4xx_hal.o(i.HAL_Init)
    i.HAL_InitTick                           0x08001960   Section        0  stm32f4xx_hal.o(i.HAL_InitTick)
    i.HAL_MspInit                            0x080019ac   Section        0  stm32f4xx_hal.o(i.HAL_MspInit)
    i.HAL_NVIC_EnableIRQ                     0x080019ae   Section        0  stm32f4xx_hal_cortex.o(i.HAL_NVIC_EnableIRQ)
    i.HAL_NVIC_SetPriority                   0x080019ce   Section        0  stm32f4xx_hal_cortex.o(i.HAL_NVIC_SetPriority)
    i.HAL_NVIC_SetPriorityGrouping           0x08001a4c   Section        0  stm32f4xx_hal_cortex.o(i.HAL_NVIC_SetPriorityGrouping)
    i.HAL_RCC_ClockConfig                    0x08001a74   Section        0  stm32f4xx_hal_rcc.o(i.HAL_RCC_ClockConfig)
    i.HAL_RCC_GetHCLKFreq                    0x08001bf8   Section        0  stm32f4xx_hal_rcc.o(i.HAL_RCC_GetHCLKFreq)
    i.HAL_RCC_GetPCLK1Freq                   0x08001c04   Section        0  stm32f4xx_hal_rcc.o(i.HAL_RCC_GetPCLK1Freq)
    i.HAL_RCC_GetPCLK2Freq                   0x08001c24   Section        0  stm32f4xx_hal_rcc.o(i.HAL_RCC_GetPCLK2Freq)
    i.HAL_RCC_GetSysClockFreq                0x08001c44   Section        0  stm32f4xx_hal_rcc.o(i.HAL_RCC_GetSysClockFreq)
    i.HAL_RCC_OscConfig                      0x08001cf4   Section        0  stm32f4xx_hal_rcc.o(i.HAL_RCC_OscConfig)
    i.HAL_SYSTICK_Config                     0x08002190   Section        0  stm32f4xx_hal_cortex.o(i.HAL_SYSTICK_Config)
    i.HAL_TIMEx_BreakCallback                0x080021c4   Section        0  stm32f4xx_hal_tim_ex.o(i.HAL_TIMEx_BreakCallback)
    i.HAL_TIMEx_CommutCallback               0x080021c6   Section        0  stm32f4xx_hal_tim_ex.o(i.HAL_TIMEx_CommutCallback)
    i.HAL_TIM_IC_CaptureCallback             0x080021c8   Section        0  stm32f4xx_hal_tim.o(i.HAL_TIM_IC_CaptureCallback)
    i.HAL_TIM_IC_ConfigChannel               0x080021ca   Section        0  stm32f4xx_hal_tim.o(i.HAL_TIM_IC_ConfigChannel)
    i.HAL_TIM_IC_Init                        0x0800229e   Section        0  stm32f4xx_hal_tim.o(i.HAL_TIM_IC_Init)
    i.HAL_TIM_IC_MspInit                     0x08002304   Section        0  stm32f4xx_hal_tim.o(i.HAL_TIM_IC_MspInit)
    i.HAL_TIM_IC_Start_IT                    0x08002308   Section        0  stm32f4xx_hal_tim.o(i.HAL_TIM_IC_Start_IT)
    i.HAL_TIM_IRQHandler                     0x08002490   Section        0  stm32f4xx_hal_tim.o(i.HAL_TIM_IRQHandler)
    i.HAL_TIM_OC_DelayElapsedCallback        0x08002626   Section        0  stm32f4xx_hal_tim.o(i.HAL_TIM_OC_DelayElapsedCallback)
    i.HAL_TIM_PWM_ConfigChannel              0x08002628   Section        0  stm32f4xx_hal_tim.o(i.HAL_TIM_PWM_ConfigChannel)
    i.HAL_TIM_PWM_Init                       0x08002724   Section        0  stm32f4xx_hal_tim.o(i.HAL_TIM_PWM_Init)
    i.HAL_TIM_PWM_MspInit                    0x0800278c   Section        0  gtim.o(i.HAL_TIM_PWM_MspInit)
    i.HAL_TIM_PWM_PulseFinishedCallback      0x08002814   Section        0  stm32f4xx_hal_tim.o(i.HAL_TIM_PWM_PulseFinishedCallback)
    i.HAL_TIM_PWM_Start                      0x08002818   Section        0  stm32f4xx_hal_tim.o(i.HAL_TIM_PWM_Start)
    i.HAL_TIM_PeriodElapsedCallback          0x08002924   Section        0  btim.o(i.HAL_TIM_PeriodElapsedCallback)
    i.HAL_TIM_ReadCapturedValue              0x08002960   Section        0  stm32f4xx_hal_tim.o(i.HAL_TIM_ReadCapturedValue)
    i.HAL_TIM_SlaveConfigSynchro             0x08002992   Section        0  stm32f4xx_hal_tim.o(i.HAL_TIM_SlaveConfigSynchro)
    i.HAL_TIM_TriggerCallback                0x080029fe   Section        0  stm32f4xx_hal_tim.o(i.HAL_TIM_TriggerCallback)
    i.HAL_UARTEx_RxEventCallback             0x08002a00   Section        0  stm32f4xx_hal_uart.o(i.HAL_UARTEx_RxEventCallback)
    i.HAL_UART_ErrorCallback                 0x08002a02   Section        0  stm32f4xx_hal_uart.o(i.HAL_UART_ErrorCallback)
    i.HAL_UART_IRQHandler                    0x08002a04   Section        0  stm32f4xx_hal_uart.o(i.HAL_UART_IRQHandler)
    i.HAL_UART_Init                          0x08002c54   Section        0  stm32f4xx_hal_uart.o(i.HAL_UART_Init)
    i.HAL_UART_MspInit                       0x08002cc8   Section        0  usart.o(i.HAL_UART_MspInit)
    i.HAL_UART_Receive_IT                    0x08002d94   Section        0  stm32f4xx_hal_uart.o(i.HAL_UART_Receive_IT)
    i.HAL_UART_RxCpltCallback                0x08002dd8   Section        0  usart.o(i.HAL_UART_RxCpltCallback)
    i.HAL_UART_TxCpltCallback                0x08002e74   Section        0  stm32f4xx_hal_uart.o(i.HAL_UART_TxCpltCallback)
    i.HAL_WWDG_EarlyWakeupCallback           0x08002e78   Section        0  wwdg.o(i.HAL_WWDG_EarlyWakeupCallback)
    i.HAL_WWDG_IRQHandler                    0x08002e9c   Section        0  stm32f4xx_hal_wwdg.o(i.HAL_WWDG_IRQHandler)
    i.HAL_WWDG_Refresh                       0x08002ec4   Section        0  stm32f4xx_hal_wwdg.o(i.HAL_WWDG_Refresh)
    i.HardFault_Handler                      0x08002ed0   Section        0  stm32f4xx_it.o(i.HardFault_Handler)
    i.MemManage_Handler                      0x08002ed4   Section        0  stm32f4xx_it.o(i.MemManage_Handler)
    i.NMI_Handler                            0x08002ed8   Section        0  stm32f4xx_it.o(i.NMI_Handler)
    i.PendSV_Handler                         0x08002eda   Section        0  stm32f4xx_it.o(i.PendSV_Handler)
    i.SVC_Handler                            0x08002edc   Section        0  stm32f4xx_it.o(i.SVC_Handler)
    i.SysTick_Handler                        0x08002ede   Section        0  stm32f4xx_it.o(i.SysTick_Handler)
    i.SystemInit                             0x08002ee8   Section        0  system_stm32f4xx.o(i.SystemInit)
    i.TIM3_IRQHandler                        0x08002efc   Section        0  gtim.o(i.TIM3_IRQHandler)
    i.TIM6_DAC_IRQHandler                    0x08002f2c   Section        0  btim.o(i.TIM6_DAC_IRQHandler)
    i.TIM7_IRQHandler                        0x08002f3c   Section        0  btim.o(i.TIM7_IRQHandler)
    i.TIM8_CC_IRQHandler                     0x08002f4c   Section        0  atim.o(i.TIM8_CC_IRQHandler)
    i.TIM8_UP_TIM13_IRQHandler               0x08002f54   Section        0  atim.o(i.TIM8_UP_TIM13_IRQHandler)
    i.TIM_Base_SetConfig                     0x08002f5c   Section        0  stm32f4xx_hal_tim.o(i.TIM_Base_SetConfig)
    i.TIM_CCxChannelCmd                      0x08003034   Section        0  stm32f4xx_hal_tim.o(i.TIM_CCxChannelCmd)
    i.TIM_ETR_SetConfig                      0x08003056   Section        0  stm32f4xx_hal_tim.o(i.TIM_ETR_SetConfig)
    i.TIM_OC1_SetConfig                      0x0800306c   Section        0  stm32f4xx_hal_tim.o(i.TIM_OC1_SetConfig)
    TIM_OC1_SetConfig                        0x0800306d   Thumb Code   104  stm32f4xx_hal_tim.o(i.TIM_OC1_SetConfig)
    i.TIM_OC2_SetConfig                      0x080030dc   Section        0  stm32f4xx_hal_tim.o(i.TIM_OC2_SetConfig)
    i.TIM_OC3_SetConfig                      0x08003158   Section        0  stm32f4xx_hal_tim.o(i.TIM_OC3_SetConfig)
    TIM_OC3_SetConfig                        0x08003159   Thumb Code   112  stm32f4xx_hal_tim.o(i.TIM_OC3_SetConfig)
    i.TIM_OC4_SetConfig                      0x080031d0   Section        0  stm32f4xx_hal_tim.o(i.TIM_OC4_SetConfig)
    TIM_OC4_SetConfig                        0x080031d1   Thumb Code    74  stm32f4xx_hal_tim.o(i.TIM_OC4_SetConfig)
    i.TIM_SlaveTimer_SetConfig               0x08003224   Section        0  stm32f4xx_hal_tim.o(i.TIM_SlaveTimer_SetConfig)
    TIM_SlaveTimer_SetConfig                 0x08003225   Thumb Code   170  stm32f4xx_hal_tim.o(i.TIM_SlaveTimer_SetConfig)
    i.TIM_TI1_ConfigInputStage               0x080032ce   Section        0  stm32f4xx_hal_tim.o(i.TIM_TI1_ConfigInputStage)
    TIM_TI1_ConfigInputStage                 0x080032cf   Thumb Code    38  stm32f4xx_hal_tim.o(i.TIM_TI1_ConfigInputStage)
    i.TIM_TI1_SetConfig                      0x080032f4   Section        0  stm32f4xx_hal_tim.o(i.TIM_TI1_SetConfig)
    i.TIM_TI2_ConfigInputStage               0x08003384   Section        0  stm32f4xx_hal_tim.o(i.TIM_TI2_ConfigInputStage)
    TIM_TI2_ConfigInputStage                 0x08003385   Thumb Code    40  stm32f4xx_hal_tim.o(i.TIM_TI2_ConfigInputStage)
    i.TIM_TI2_SetConfig                      0x080033ac   Section        0  stm32f4xx_hal_tim.o(i.TIM_TI2_SetConfig)
    TIM_TI2_SetConfig                        0x080033ad   Thumb Code    58  stm32f4xx_hal_tim.o(i.TIM_TI2_SetConfig)
    i.TIM_TI3_SetConfig                      0x080033e6   Section        0  stm32f4xx_hal_tim.o(i.TIM_TI3_SetConfig)
    TIM_TI3_SetConfig                        0x080033e7   Thumb Code    56  stm32f4xx_hal_tim.o(i.TIM_TI3_SetConfig)
    i.TIM_TI4_SetConfig                      0x0800341e   Section        0  stm32f4xx_hal_tim.o(i.TIM_TI4_SetConfig)
    TIM_TI4_SetConfig                        0x0800341f   Thumb Code    60  stm32f4xx_hal_tim.o(i.TIM_TI4_SetConfig)
    i.UART_DMAAbortOnError                   0x0800345a   Section        0  stm32f4xx_hal_uart.o(i.UART_DMAAbortOnError)
    UART_DMAAbortOnError                     0x0800345b   Thumb Code    20  stm32f4xx_hal_uart.o(i.UART_DMAAbortOnError)
    i.UART_EndRxTransfer                     0x0800346e   Section        0  stm32f4xx_hal_uart.o(i.UART_EndRxTransfer)
    UART_EndRxTransfer                       0x0800346f   Thumb Code    54  stm32f4xx_hal_uart.o(i.UART_EndRxTransfer)
    i.UART_EndTransmit_IT                    0x080034a4   Section        0  stm32f4xx_hal_uart.o(i.UART_EndTransmit_IT)
    UART_EndTransmit_IT                      0x080034a5   Thumb Code    32  stm32f4xx_hal_uart.o(i.UART_EndTransmit_IT)
    i.UART_Receive_IT                        0x080034c4   Section        0  stm32f4xx_hal_uart.o(i.UART_Receive_IT)
    UART_Receive_IT                          0x080034c5   Thumb Code   190  stm32f4xx_hal_uart.o(i.UART_Receive_IT)
    i.UART_SetConfig                         0x08003584   Section        0  stm32f4xx_hal_uart.o(i.UART_SetConfig)
    UART_SetConfig                           0x08003585   Thumb Code   546  stm32f4xx_hal_uart.o(i.UART_SetConfig)
    i.UART_Start_Receive_IT                  0x080037b0   Section        0  stm32f4xx_hal_uart.o(i.UART_Start_Receive_IT)
    i.UART_Transmit_IT                       0x080037f6   Section        0  stm32f4xx_hal_uart.o(i.UART_Transmit_IT)
    UART_Transmit_IT                         0x080037f7   Thumb Code    96  stm32f4xx_hal_uart.o(i.UART_Transmit_IT)
    i.USART1_IRQHandler                      0x08003858   Section        0  usart.o(i.USART1_IRQHandler)
    i.UsageFault_Handler                     0x08003868   Section        0  stm32f4xx_it.o(i.UsageFault_Handler)
    i.WWDG_IRQHandler                        0x0800386c   Section        0  wwdg.o(i.WWDG_IRQHandler)
    i.__ARM_fpclassify                       0x0800387c   Section        0  fpclassify.o(i.__ARM_fpclassify)
    i.__NVIC_GetPriorityGrouping             0x080038ac   Section        0  stm32f4xx_hal_cortex.o(i.__NVIC_GetPriorityGrouping)
    __NVIC_GetPriorityGrouping               0x080038ad   Thumb Code    10  stm32f4xx_hal_cortex.o(i.__NVIC_GetPriorityGrouping)
    i.__NVIC_SetPriority                     0x080038bc   Section        0  stm32f4xx_hal_cortex.o(i.__NVIC_SetPriority)
    __NVIC_SetPriority                       0x080038bd   Thumb Code    32  stm32f4xx_hal_cortex.o(i.__NVIC_SetPriority)
    i._is_digit                              0x080038e4   Section        0  __printf_wp.o(i._is_digit)
    i._sys_exit                              0x080038f2   Section        0  usart.o(i._sys_exit)
    i.atim_timx_pwmin_chy_init               0x080038f8   Section        0  atim.o(i.atim_timx_pwmin_chy_init)
    i.atim_timx_pwmin_chy_process            0x08003a24   Section        0  atim.o(i.atim_timx_pwmin_chy_process)
    atim_timx_pwmin_chy_process              0x08003a25   Thumb Code   500  atim.o(i.atim_timx_pwmin_chy_process)
    i.atim_timx_pwmin_chy_restart            0x08003c34   Section        0  atim.o(i.atim_timx_pwmin_chy_restart)
    i.delay_init                             0x08003cb0   Section        0  delay.o(i.delay_init)
    i.delay_ms                               0x08003cbc   Section        0  delay.o(i.delay_ms)
    i.delay_us                               0x08003cd0   Section        0  delay.o(i.delay_us)
    i.fputc                                  0x08003d18   Section        0  usart.o(i.fputc)
    i.gtim_timx_pwm_chy_init                 0x08003d34   Section        0  gtim.o(i.gtim_timx_pwm_chy_init)
    i.led_init                               0x08003d84   Section        0  led.o(i.led_init)
    i.main                                   0x08003e1c   Section        0  main.o(i.main)
    i.sys_intx_disable                       0x08003ff4   Section        0  sys.o(i.sys_intx_disable)
    i.sys_intx_enable                        0x08003ff8   Section        0  sys.o(i.sys_intx_enable)
    i.sys_stm32_clock_init                   0x08003ffc   Section        0  sys.o(i.sys_stm32_clock_init)
    i.usart_init                             0x080040d8   Section        0  usart.o(i.usart_init)
    locale$$code                             0x08004110   Section       44  lc_numeric_c.o(locale$$code)
    x$fpl$dadd                               0x0800413c   Section      336  daddsub_clz.o(x$fpl$dadd)
    $v0                                      0x0800413c   Number         0  daddsub_clz.o(x$fpl$dadd)
    _dadd1                                   0x0800414d   Thumb Code     0  daddsub_clz.o(x$fpl$dadd)
    x$fpl$ddiv                               0x0800428c   Section      688  ddiv.o(x$fpl$ddiv)
    $v0                                      0x0800428c   Number         0  ddiv.o(x$fpl$ddiv)
    ddiv_entry                               0x08004293   Thumb Code     0  ddiv.o(x$fpl$ddiv)
    x$fpl$dfltu                              0x0800453c   Section       38  dflt_clz.o(x$fpl$dfltu)
    $v0                                      0x0800453c   Number         0  dflt_clz.o(x$fpl$dfltu)
    x$fpl$dmul                               0x08004564   Section      340  dmul.o(x$fpl$dmul)
    $v0                                      0x08004564   Number         0  dmul.o(x$fpl$dmul)
    x$fpl$dnaninf                            0x080046b8   Section      156  dnaninf.o(x$fpl$dnaninf)
    $v0                                      0x080046b8   Number         0  dnaninf.o(x$fpl$dnaninf)
    x$fpl$dretinf                            0x08004754   Section       12  dretinf.o(x$fpl$dretinf)
    $v0                                      0x08004754   Number         0  dretinf.o(x$fpl$dretinf)
    x$fpl$dsub                               0x08004760   Section      468  daddsub_clz.o(x$fpl$dsub)
    $v0                                      0x08004760   Number         0  daddsub_clz.o(x$fpl$dsub)
    _dsub1                                   0x08004771   Thumb Code     0  daddsub_clz.o(x$fpl$dsub)
    x$fpl$fpinit                             0x08004934   Section       10  fpinit.o(x$fpl$fpinit)
    $v0                                      0x08004934   Number         0  fpinit.o(x$fpl$fpinit)
    x$fpl$printf1                            0x0800493e   Section        4  printf1.o(x$fpl$printf1)
    $v0                                      0x0800493e   Number         0  printf1.o(x$fpl$printf1)
    .constdata                               0x08004942   Section       24  system_stm32f4xx.o(.constdata)
    x$fpl$usenofp                            0x08004942   Section        0  usenofp.o(x$fpl$usenofp)
    .constdata                               0x0800495c   Section      148  bigflt0.o(.constdata)
    tenpwrs_x                                0x0800495c   Data          60  bigflt0.o(.constdata)
    tenpwrs_i                                0x08004998   Data          64  bigflt0.o(.constdata)
    locale$$data                             0x08004a10   Section       28  lc_numeric_c.o(locale$$data)
    __lcnum_c_name                           0x08004a14   Data           2  lc_numeric_c.o(locale$$data)
    __lcnum_c_start                          0x08004a1c   Data           0  lc_numeric_c.o(locale$$data)
    __lcnum_c_point                          0x08004a28   Data           0  lc_numeric_c.o(locale$$data)
    __lcnum_c_thousands                      0x08004a2a   Data           0  lc_numeric_c.o(locale$$data)
    __lcnum_c_grouping                       0x08004a2b   Data           0  lc_numeric_c.o(locale$$data)
    __lcnum_c_end                            0x08004a2c   Data           0  lc_numeric_c.o(locale$$data)
    .data                                    0x20000000   Section        4  system_stm32f4xx.o(.data)
    .data                                    0x20000004   Section        4  delay.o(.data)
    g_fac_us                                 0x20000004   Data           4  delay.o(.data)
    .data                                    0x20000008   Section        7  usart.o(.data)
    .data                                    0x20000010   Section        9  stm32f4xx_hal.o(.data)
    .data                                    0x2000001c   Section       13  atim.o(.data)
    sflag                                    0x20000028   Data           1  atim.o(.data)
    .bss                                     0x2000002c   Section      268  usart.o(.bss)
    .bss                                     0x20000138   Section       20  wwdg.o(.bss)
    .bss                                     0x2000014c   Section       72  btim.o(.bss)
    .bss                                     0x20000194   Section       72  atim.o(.bss)
    .bss                                     0x200001dc   Section      172  gtim.o(.bss)
    .bss                                     0x20000288   Section       96  libspace.o(.bss)
    HEAP                                     0x200002e8   Section        0  startup_stm32f407xx.o(HEAP)
    STACK                                    0x200002e8   Section     1024  startup_stm32f407xx.o(STACK)
    Heap_Mem                                 0x200002e8   Data           0  startup_stm32f407xx.o(HEAP)
    Stack_Mem                                0x200002e8   Data        1024  startup_stm32f407xx.o(STACK)
    __initial_sp                             0x200006e8   Data           0  startup_stm32f407xx.o(STACK)

    Global Symbols

    Symbol Name                              Value     Ov Type        Size  Object(Section)

    BuildAttributes$$THM_ISAv4$E$P$D$K$B$S$7EM$VFPi3$EXTD16$VFPS$VFMA$PE$A:L22UL41UL21$X:L11$S22US41US21$IEEE1$IW$USESV6$~STKCKD$USESV7$~SHL$OTIME$ROPI$IEEEJ$EBA8$UX$STANDARDLIB$REQ8$PRES8$EABIv2 0x00000000   Number         0  anon$$obj.o ABSOLUTE
    __ARM_use_no_argv                        0x00000000   Number         0  main.o ABSOLUTE
    _printf_flags                            0x00000000   Number         0  printf_stubs.o ABSOLUTE
    _printf_return_value                     0x00000000   Number         0  printf_stubs.o ABSOLUTE
    _printf_sizespec                         0x00000000   Number         0  printf_stubs.o ABSOLUTE
    _printf_widthprec                        0x00000000   Number         0  printf_stubs.o ABSOLUTE
    __ARM_exceptions_init                     - Undefined Weak Reference
    __alloca_initialize                       - Undefined Weak Reference
    __arm_preinit_                            - Undefined Weak Reference
    __cpp_initialize__aeabi_                  - Undefined Weak Reference
    __cxa_finalize                            - Undefined Weak Reference
    __sigvec_lookup                           - Undefined Weak Reference
    _atexit_init                              - Undefined Weak Reference
    _call_atexit_fns                          - Undefined Weak Reference
    _clock_init                               - Undefined Weak Reference
    _fp_trap_init                             - Undefined Weak Reference
    _fp_trap_shutdown                         - Undefined Weak Reference
    _get_lc_collate                           - Undefined Weak Reference
    _get_lc_ctype                             - Undefined Weak Reference
    _get_lc_monetary                          - Undefined Weak Reference
    _get_lc_time                              - Undefined Weak Reference
    _getenv_init                              - Undefined Weak Reference
    _handle_redirection                       - Undefined Weak Reference
    _init_alloc                               - Undefined Weak Reference
    _init_user_alloc                          - Undefined Weak Reference
    _initio                                   - Undefined Weak Reference
    _mutex_acquire                            - Undefined Weak Reference
    _mutex_release                            - Undefined Weak Reference
    _printf_post_padding                      - Undefined Weak Reference
    _printf_pre_padding                       - Undefined Weak Reference
    _printf_truncate_signed                   - Undefined Weak Reference
    _printf_truncate_unsigned                 - Undefined Weak Reference
    _rand_init                                - Undefined Weak Reference
    _signal_finish                            - Undefined Weak Reference
    _signal_init                              - Undefined Weak Reference
    _terminate_alloc                          - Undefined Weak Reference
    _terminate_user_alloc                     - Undefined Weak Reference
    _terminateio                              - Undefined Weak Reference
    __Vectors_Size                           0x00000188   Number         0  startup_stm32f407xx.o ABSOLUTE
    __Vectors                                0x08000000   Data           4  startup_stm32f407xx.o(RESET)
    __Vectors_End                            0x08000188   Data           0  startup_stm32f407xx.o(RESET)
    __main                                   0x08000189   Thumb Code     8  __main.o(!!!main)
    __scatterload                            0x08000191   Thumb Code     0  __scatter.o(!!!scatter)
    __scatterload_rt2                        0x08000191   Thumb Code    44  __scatter.o(!!!scatter)
    __scatterload_rt2_thumb_only             0x08000191   Thumb Code     0  __scatter.o(!!!scatter)
    __scatterload_null                       0x0800019f   Thumb Code     0  __scatter.o(!!!scatter)
    __scatterload_copy                       0x080001c5   Thumb Code    26  __scatter_copy.o(!!handler_copy)
    __scatterload_zeroinit                   0x080001e1   Thumb Code    28  __scatter_zi.o(!!handler_zi)
    _printf_f                                0x080001fd   Thumb Code     0  _printf_f.o(.ARM.Collect$$_printf_percent$$00000003)
    _printf_percent                          0x080001fd   Thumb Code     0  _printf_percent.o(.ARM.Collect$$_printf_percent$$00000000)
    _printf_d                                0x08000203   Thumb Code     0  _printf_d.o(.ARM.Collect$$_printf_percent$$00000009)
    _printf_percent_end                      0x08000209   Thumb Code     0  _printf_percent_end.o(.ARM.Collect$$_printf_percent$$00000017)
    __rt_lib_init                            0x0800020d   Thumb Code     0  libinit.o(.ARM.Collect$$libinit$$00000000)
    __rt_lib_init_fp_1                       0x0800020f   Thumb Code     0  libinit2.o(.ARM.Collect$$libinit$$00000001)
    __rt_lib_init_heap_1                     0x08000213   Thumb Code     0  libinit2.o(.ARM.Collect$$libinit$$0000000A)
    __rt_lib_init_lc_common                  0x08000213   Thumb Code     0  libinit2.o(.ARM.Collect$$libinit$$0000000F)
    __rt_lib_init_preinit_1                  0x08000213   Thumb Code     0  libinit2.o(.ARM.Collect$$libinit$$00000004)
    __rt_lib_init_rand_1                     0x08000213   Thumb Code     0  libinit2.o(.ARM.Collect$$libinit$$0000000E)
    __rt_lib_init_user_alloc_1               0x08000213   Thumb Code     0  libinit2.o(.ARM.Collect$$libinit$$0000000C)
    __rt_lib_init_lc_collate_1               0x08000219   Thumb Code     0  libinit2.o(.ARM.Collect$$libinit$$00000011)
    __rt_lib_init_lc_ctype_1                 0x08000219   Thumb Code     0  libinit2.o(.ARM.Collect$$libinit$$00000013)
    __rt_lib_init_lc_monetary_1              0x08000219   Thumb Code     0  libinit2.o(.ARM.Collect$$libinit$$00000015)
    __rt_lib_init_lc_numeric_2               0x08000219   Thumb Code     0  libinit2.o(.ARM.Collect$$libinit$$00000016)
    __rt_lib_init_alloca_1                   0x08000223   Thumb Code     0  libinit2.o(.ARM.Collect$$libinit$$0000002E)
    __rt_lib_init_argv_1                     0x08000223   Thumb Code     0  libinit2.o(.ARM.Collect$$libinit$$0000002C)
    __rt_lib_init_atexit_1                   0x08000223   Thumb Code     0  libinit2.o(.ARM.Collect$$libinit$$0000001B)
    __rt_lib_init_clock_1                    0x08000223   Thumb Code     0  libinit2.o(.ARM.Collect$$libinit$$00000021)
    __rt_lib_init_cpp_1                      0x08000223   Thumb Code     0  libinit2.o(.ARM.Collect$$libinit$$00000032)
    __rt_lib_init_exceptions_1               0x08000223   Thumb Code     0  libinit2.o(.ARM.Collect$$libinit$$00000030)
    __rt_lib_init_fp_trap_1                  0x08000223   Thumb Code     0  libinit2.o(.ARM.Collect$$libinit$$0000001F)
    __rt_lib_init_getenv_1                   0x08000223   Thumb Code     0  libinit2.o(.ARM.Collect$$libinit$$00000023)
    __rt_lib_init_lc_numeric_1               0x08000223   Thumb Code     0  libinit2.o(.ARM.Collect$$libinit$$00000017)
    __rt_lib_init_lc_time_1                  0x08000223   Thumb Code     0  libinit2.o(.ARM.Collect$$libinit$$00000019)
    __rt_lib_init_return                     0x08000223   Thumb Code     0  libinit2.o(.ARM.Collect$$libinit$$00000033)
    __rt_lib_init_signal_1                   0x08000223   Thumb Code     0  libinit2.o(.ARM.Collect$$libinit$$0000001D)
    __rt_lib_init_stdio_1                    0x08000223   Thumb Code     0  libinit2.o(.ARM.Collect$$libinit$$00000025)
    __rt_lib_shutdown                        0x08000225   Thumb Code     0  libshutdown.o(.ARM.Collect$$libshutdown$$00000000)
    __rt_lib_shutdown_fp_trap_1              0x08000227   Thumb Code     0  libshutdown2.o(.ARM.Collect$$libshutdown$$00000006)
    __rt_lib_shutdown_heap_1                 0x08000227   Thumb Code     0  libshutdown2.o(.ARM.Collect$$libshutdown$$0000000E)
    __rt_lib_shutdown_return                 0x08000227   Thumb Code     0  libshutdown2.o(.ARM.Collect$$libshutdown$$0000000F)
    __rt_lib_shutdown_signal_1               0x08000227   Thumb Code     0  libshutdown2.o(.ARM.Collect$$libshutdown$$00000009)
    __rt_lib_shutdown_stdio_1                0x08000227   Thumb Code     0  libshutdown2.o(.ARM.Collect$$libshutdown$$00000003)
    __rt_lib_shutdown_user_alloc_1           0x08000227   Thumb Code     0  libshutdown2.o(.ARM.Collect$$libshutdown$$0000000B)
    __rt_entry                               0x08000229   Thumb Code     0  __rtentry.o(.ARM.Collect$$rtentry$$00000000)
    __rt_entry_presh_1                       0x08000229   Thumb Code     0  __rtentry2.o(.ARM.Collect$$rtentry$$00000002)
    __rt_entry_sh                            0x08000229   Thumb Code     0  __rtentry4.o(.ARM.Collect$$rtentry$$00000004)
    __rt_entry_li                            0x0800022f   Thumb Code     0  __rtentry2.o(.ARM.Collect$$rtentry$$0000000A)
    __rt_entry_postsh_1                      0x0800022f   Thumb Code     0  __rtentry2.o(.ARM.Collect$$rtentry$$00000009)
    __rt_entry_main                          0x08000233   Thumb Code     0  __rtentry2.o(.ARM.Collect$$rtentry$$0000000D)
    __rt_entry_postli_1                      0x08000233   Thumb Code     0  __rtentry2.o(.ARM.Collect$$rtentry$$0000000C)
    __rt_exit                                0x0800023b   Thumb Code     0  rtexit.o(.ARM.Collect$$rtexit$$00000000)
    __rt_exit_ls                             0x0800023d   Thumb Code     0  rtexit2.o(.ARM.Collect$$rtexit$$00000003)
    __rt_exit_prels_1                        0x0800023d   Thumb Code     0  rtexit2.o(.ARM.Collect$$rtexit$$00000002)
    __rt_exit_exit                           0x08000241   Thumb Code     0  rtexit2.o(.ARM.Collect$$rtexit$$00000004)
    Reset_Handler                            0x08000249   Thumb Code    18  startup_stm32f407xx.o(.text)
    ADC_IRQHandler                           0x0800026d   Thumb Code     0  startup_stm32f407xx.o(.text)
    CAN1_RX0_IRQHandler                      0x0800026d   Thumb Code     0  startup_stm32f407xx.o(.text)
    CAN1_RX1_IRQHandler                      0x0800026d   Thumb Code     0  startup_stm32f407xx.o(.text)
    CAN1_SCE_IRQHandler                      0x0800026d   Thumb Code     0  startup_stm32f407xx.o(.text)
    CAN1_TX_IRQHandler                       0x0800026d   Thumb Code     0  startup_stm32f407xx.o(.text)
    CAN2_RX0_IRQHandler                      0x0800026d   Thumb Code     0  startup_stm32f407xx.o(.text)
    CAN2_RX1_IRQHandler                      0x0800026d   Thumb Code     0  startup_stm32f407xx.o(.text)
    CAN2_SCE_IRQHandler                      0x0800026d   Thumb Code     0  startup_stm32f407xx.o(.text)
    CAN2_TX_IRQHandler                       0x0800026d   Thumb Code     0  startup_stm32f407xx.o(.text)
    DCMI_IRQHandler                          0x0800026d   Thumb Code     0  startup_stm32f407xx.o(.text)
    DMA1_Stream0_IRQHandler                  0x0800026d   Thumb Code     0  startup_stm32f407xx.o(.text)
    DMA1_Stream1_IRQHandler                  0x0800026d   Thumb Code     0  startup_stm32f407xx.o(.text)
    DMA1_Stream2_IRQHandler                  0x0800026d   Thumb Code     0  startup_stm32f407xx.o(.text)
    DMA1_Stream3_IRQHandler                  0x0800026d   Thumb Code     0  startup_stm32f407xx.o(.text)
    DMA1_Stream4_IRQHandler                  0x0800026d   Thumb Code     0  startup_stm32f407xx.o(.text)
    DMA1_Stream5_IRQHandler                  0x0800026d   Thumb Code     0  startup_stm32f407xx.o(.text)
    DMA1_Stream6_IRQHandler                  0x0800026d   Thumb Code     0  startup_stm32f407xx.o(.text)
    DMA1_Stream7_IRQHandler                  0x0800026d   Thumb Code     0  startup_stm32f407xx.o(.text)
    DMA2_Stream0_IRQHandler                  0x0800026d   Thumb Code     0  startup_stm32f407xx.o(.text)
    DMA2_Stream1_IRQHandler                  0x0800026d   Thumb Code     0  startup_stm32f407xx.o(.text)
    DMA2_Stream2_IRQHandler                  0x0800026d   Thumb Code     0  startup_stm32f407xx.o(.text)
    DMA2_Stream3_IRQHandler                  0x0800026d   Thumb Code     0  startup_stm32f407xx.o(.text)
    DMA2_Stream4_IRQHandler                  0x0800026d   Thumb Code     0  startup_stm32f407xx.o(.text)
    DMA2_Stream5_IRQHandler                  0x0800026d   Thumb Code     0  startup_stm32f407xx.o(.text)
    DMA2_Stream6_IRQHandler                  0x0800026d   Thumb Code     0  startup_stm32f407xx.o(.text)
    DMA2_Stream7_IRQHandler                  0x0800026d   Thumb Code     0  startup_stm32f407xx.o(.text)
    ETH_IRQHandler                           0x0800026d   Thumb Code     0  startup_stm32f407xx.o(.text)
    ETH_WKUP_IRQHandler                      0x0800026d   Thumb Code     0  startup_stm32f407xx.o(.text)
    EXTI15_10_IRQHandler                     0x0800026d   Thumb Code     0  startup_stm32f407xx.o(.text)
    EXTI1_IRQHandler                         0x0800026d   Thumb Code     0  startup_stm32f407xx.o(.text)
    EXTI9_5_IRQHandler                       0x0800026d   Thumb Code     0  startup_stm32f407xx.o(.text)
    FLASH_IRQHandler                         0x0800026d   Thumb Code     0  startup_stm32f407xx.o(.text)
    FMC_IRQHandler                           0x0800026d   Thumb Code     0  startup_stm32f407xx.o(.text)
    FPU_IRQHandler                           0x0800026d   Thumb Code     0  startup_stm32f407xx.o(.text)
    HASH_RNG_IRQHandler                      0x0800026d   Thumb Code     0  startup_stm32f407xx.o(.text)
    I2C1_ER_IRQHandler                       0x0800026d   Thumb Code     0  startup_stm32f407xx.o(.text)
    I2C1_EV_IRQHandler                       0x0800026d   Thumb Code     0  startup_stm32f407xx.o(.text)
    I2C2_ER_IRQHandler                       0x0800026d   Thumb Code     0  startup_stm32f407xx.o(.text)
    I2C2_EV_IRQHandler                       0x0800026d   Thumb Code     0  startup_stm32f407xx.o(.text)
    I2C3_ER_IRQHandler                       0x0800026d   Thumb Code     0  startup_stm32f407xx.o(.text)
    I2C3_EV_IRQHandler                       0x0800026d   Thumb Code     0  startup_stm32f407xx.o(.text)
    OTG_FS_IRQHandler                        0x0800026d   Thumb Code     0  startup_stm32f407xx.o(.text)
    OTG_FS_WKUP_IRQHandler                   0x0800026d   Thumb Code     0  startup_stm32f407xx.o(.text)
    OTG_HS_EP1_IN_IRQHandler                 0x0800026d   Thumb Code     0  startup_stm32f407xx.o(.text)
    OTG_HS_EP1_OUT_IRQHandler                0x0800026d   Thumb Code     0  startup_stm32f407xx.o(.text)
    OTG_HS_IRQHandler                        0x0800026d   Thumb Code     0  startup_stm32f407xx.o(.text)
    OTG_HS_WKUP_IRQHandler                   0x0800026d   Thumb Code     0  startup_stm32f407xx.o(.text)
    PVD_IRQHandler                           0x0800026d   Thumb Code     0  startup_stm32f407xx.o(.text)
    RCC_IRQHandler                           0x0800026d   Thumb Code     0  startup_stm32f407xx.o(.text)
    RTC_Alarm_IRQHandler                     0x0800026d   Thumb Code     0  startup_stm32f407xx.o(.text)
    RTC_WKUP_IRQHandler                      0x0800026d   Thumb Code     0  startup_stm32f407xx.o(.text)
    SDIO_IRQHandler                          0x0800026d   Thumb Code     0  startup_stm32f407xx.o(.text)
    SPI1_IRQHandler                          0x0800026d   Thumb Code     0  startup_stm32f407xx.o(.text)
    SPI2_IRQHandler                          0x0800026d   Thumb Code     0  startup_stm32f407xx.o(.text)
    SPI3_IRQHandler                          0x0800026d   Thumb Code     0  startup_stm32f407xx.o(.text)
    TAMP_STAMP_IRQHandler                    0x0800026d   Thumb Code     0  startup_stm32f407xx.o(.text)
    TIM1_BRK_TIM9_IRQHandler                 0x0800026d   Thumb Code     0  startup_stm32f407xx.o(.text)
    TIM1_CC_IRQHandler                       0x0800026d   Thumb Code     0  startup_stm32f407xx.o(.text)
    TIM1_TRG_COM_TIM11_IRQHandler            0x0800026d   Thumb Code     0  startup_stm32f407xx.o(.text)
    TIM1_UP_TIM10_IRQHandler                 0x0800026d   Thumb Code     0  startup_stm32f407xx.o(.text)
    TIM2_IRQHandler                          0x0800026d   Thumb Code     0  startup_stm32f407xx.o(.text)
    TIM4_IRQHandler                          0x0800026d   Thumb Code     0  startup_stm32f407xx.o(.text)
    TIM5_IRQHandler                          0x0800026d   Thumb Code     0  startup_stm32f407xx.o(.text)
    TIM8_BRK_TIM12_IRQHandler                0x0800026d   Thumb Code     0  startup_stm32f407xx.o(.text)
    TIM8_TRG_COM_TIM14_IRQHandler            0x0800026d   Thumb Code     0  startup_stm32f407xx.o(.text)
    UART4_IRQHandler                         0x0800026d   Thumb Code     0  startup_stm32f407xx.o(.text)
    UART5_IRQHandler                         0x0800026d   Thumb Code     0  startup_stm32f407xx.o(.text)
    USART2_IRQHandler                        0x0800026d   Thumb Code     0  startup_stm32f407xx.o(.text)
    USART3_IRQHandler                        0x0800026d   Thumb Code     0  startup_stm32f407xx.o(.text)
    USART6_IRQHandler                        0x0800026d   Thumb Code     0  startup_stm32f407xx.o(.text)
    __user_initial_stackheap                 0x08000271   Thumb Code     0  startup_stm32f407xx.o(.text)
    __use_no_semihosting                     0x08000295   Thumb Code     2  use_no_semi_2.o(.text)
    __aeabi_uldivmod                         0x08000297   Thumb Code     0  lludivv7m.o(.text)
    _ll_udiv                                 0x08000297   Thumb Code   238  lludivv7m.o(.text)
    __2printf                                0x08000385   Thumb Code    20  noretval__2printf.o(.text)
    _printf_int_dec                          0x0800039d   Thumb Code   104  _printf_dec.o(.text)
    __printf                                 0x08000415   Thumb Code   270  __printf_wp.o(.text)
    __aeabi_memclr4                          0x08000523   Thumb Code     0  rt_memclr_w.o(.text)
    __aeabi_memclr8                          0x08000523   Thumb Code     0  rt_memclr_w.o(.text)
    __rt_memclr_w                            0x08000523   Thumb Code    78  rt_memclr_w.o(.text)
    _memset_w                                0x08000527   Thumb Code     0  rt_memclr_w.o(.text)
    __use_two_region_memory                  0x08000571   Thumb Code     2  heapauxi.o(.text)
    __rt_heap_escrow$2region                 0x08000573   Thumb Code     2  heapauxi.o(.text)
    __rt_heap_expand$2region                 0x08000575   Thumb Code     2  heapauxi.o(.text)
    __semihosting$guard                      0x08000577   Thumb Code     0  use_no_semi.o(.text)
    __use_no_semihosting_swi                 0x08000577   Thumb Code     2  use_no_semi.o(.text)
    _printf_int_common                       0x08000579   Thumb Code   178  _printf_intcommon.o(.text)
    __lib_sel_fp_printf                      0x0800062b   Thumb Code     2  _printf_fp_dec.o(.text)
    _printf_fp_dec_real                      0x080007d9   Thumb Code   620  _printf_fp_dec.o(.text)
    _printf_char_file                        0x08000a45   Thumb Code    32  _printf_char_file.o(.text)
    __rt_locale                              0x08000a69   Thumb Code     8  rt_locale_intlibspace.o(.text)
    _ll_udiv10                               0x08000a71   Thumb Code   138  lludiv10.o(.text)
    _printf_char_common                      0x08000b07   Thumb Code    32  _printf_char_common.o(.text)
    _printf_fp_infnan                        0x08000b2d   Thumb Code   112  _printf_fp_infnan.o(.text)
    _btod_etento                             0x08000bad   Thumb Code   216  bigflt0.o(.text)
    ferror                                   0x08000c89   Thumb Code     8  ferror.o(.text)
    __user_libspace                          0x08000c91   Thumb Code     8  libspace.o(.text)
    __user_perproc_libspace                  0x08000c91   Thumb Code     0  libspace.o(.text)
    __user_perthread_libspace                0x08000c91   Thumb Code     0  libspace.o(.text)
    __user_setup_stackheap                   0x08000c99   Thumb Code    74  sys_stackheap_outer.o(.text)
    exit                                     0x08000ce3   Thumb Code    12  exit.o(.text)
    strcmp                                   0x08000cf1   Thumb Code   128  strcmpv7m.o(.text)
    _btod_d2e                                0x08000d71   Thumb Code    62  btod.o(CL$$btod_d2e)
    _d2e_denorm_low                          0x08000daf   Thumb Code    70  btod.o(CL$$btod_d2e_denorm_low)
    _d2e_norm_op1                            0x08000df5   Thumb Code    96  btod.o(CL$$btod_d2e_norm_op1)
    __btod_div_common                        0x08000e55   Thumb Code   696  btod.o(CL$$btod_div_common)
    _e2e                                     0x0800118d   Thumb Code   198  btod.o(CL$$btod_e2e)
    _btod_ediv                               0x08001253   Thumb Code    40  btod.o(CL$$btod_ediv)
    _btod_emul                               0x0800127b   Thumb Code    40  btod.o(CL$$btod_emul)
    __btod_mult_common                       0x080012a3   Thumb Code   580  btod.o(CL$$btod_mult_common)
    BusFault_Handler                         0x080014e7   Thumb Code     4  stm32f4xx_it.o(i.BusFault_Handler)
    DebugMon_Handler                         0x080014eb   Thumb Code     2  stm32f4xx_it.o(i.DebugMon_Handler)
    EXTI0_IRQHandler                         0x080014ed   Thumb Code    16  exti.o(i.EXTI0_IRQHandler)
    EXTI2_IRQHandler                         0x08001501   Thumb Code    16  exti.o(i.EXTI2_IRQHandler)
    EXTI3_IRQHandler                         0x08001515   Thumb Code    16  exti.o(i.EXTI3_IRQHandler)
    EXTI4_IRQHandler                         0x08001529   Thumb Code    16  exti.o(i.EXTI4_IRQHandler)
    HAL_DMA_Abort                            0x0800153d   Thumb Code   170  stm32f4xx_hal_dma.o(i.HAL_DMA_Abort)
    HAL_DMA_Abort_IT                         0x080015e7   Thumb Code    40  stm32f4xx_hal_dma.o(i.HAL_DMA_Abort_IT)
    HAL_GPIO_EXTI_Callback                   0x08001611   Thumb Code   148  exti.o(i.HAL_GPIO_EXTI_Callback)
    HAL_GPIO_EXTI_IRQHandler                 0x080016b1   Thumb Code    24  stm32f4xx_hal_gpio.o(i.HAL_GPIO_EXTI_IRQHandler)
    HAL_GPIO_Init                            0x080016cd   Thumb Code   470  stm32f4xx_hal_gpio.o(i.HAL_GPIO_Init)
    HAL_GPIO_ReadPin                         0x080018d1   Thumb Code    16  stm32f4xx_hal_gpio.o(i.HAL_GPIO_ReadPin)
    HAL_GPIO_TogglePin                       0x080018e1   Thumb Code    20  stm32f4xx_hal_gpio.o(i.HAL_GPIO_TogglePin)
    HAL_GPIO_WritePin                        0x080018f5   Thumb Code    12  stm32f4xx_hal_gpio.o(i.HAL_GPIO_WritePin)
    HAL_GetREVID                             0x08001901   Thumb Code     8  stm32f4xx_hal.o(i.HAL_GetREVID)
    HAL_GetTick                              0x0800190d   Thumb Code     6  stm32f4xx_hal.o(i.HAL_GetTick)
    HAL_IncTick                              0x08001919   Thumb Code    16  stm32f4xx_hal.o(i.HAL_IncTick)
    HAL_Init                                 0x08001931   Thumb Code    44  stm32f4xx_hal.o(i.HAL_Init)
    HAL_InitTick                             0x08001961   Thumb Code    64  stm32f4xx_hal.o(i.HAL_InitTick)
    HAL_MspInit                              0x080019ad   Thumb Code     2  stm32f4xx_hal.o(i.HAL_MspInit)
    HAL_NVIC_EnableIRQ                       0x080019af   Thumb Code    32  stm32f4xx_hal_cortex.o(i.HAL_NVIC_EnableIRQ)
    HAL_NVIC_SetPriority                     0x080019cf   Thumb Code   124  stm32f4xx_hal_cortex.o(i.HAL_NVIC_SetPriority)
    HAL_NVIC_SetPriorityGrouping             0x08001a4d   Thumb Code    32  stm32f4xx_hal_cortex.o(i.HAL_NVIC_SetPriorityGrouping)
    HAL_RCC_ClockConfig                      0x08001a75   Thumb Code   368  stm32f4xx_hal_rcc.o(i.HAL_RCC_ClockConfig)
    HAL_RCC_GetHCLKFreq                      0x08001bf9   Thumb Code     6  stm32f4xx_hal_rcc.o(i.HAL_RCC_GetHCLKFreq)
    HAL_RCC_GetPCLK1Freq                     0x08001c05   Thumb Code    22  stm32f4xx_hal_rcc.o(i.HAL_RCC_GetPCLK1Freq)
    HAL_RCC_GetPCLK2Freq                     0x08001c25   Thumb Code    22  stm32f4xx_hal_rcc.o(i.HAL_RCC_GetPCLK2Freq)
    HAL_RCC_GetSysClockFreq                  0x08001c45   Thumb Code   162  stm32f4xx_hal_rcc.o(i.HAL_RCC_GetSysClockFreq)
    HAL_RCC_OscConfig                        0x08001cf5   Thumb Code  1172  stm32f4xx_hal_rcc.o(i.HAL_RCC_OscConfig)
    HAL_SYSTICK_Config                       0x08002191   Thumb Code    52  stm32f4xx_hal_cortex.o(i.HAL_SYSTICK_Config)
    HAL_TIMEx_BreakCallback                  0x080021c5   Thumb Code     2  stm32f4xx_hal_tim_ex.o(i.HAL_TIMEx_BreakCallback)
    HAL_TIMEx_CommutCallback                 0x080021c7   Thumb Code     2  stm32f4xx_hal_tim_ex.o(i.HAL_TIMEx_CommutCallback)
    HAL_TIM_IC_CaptureCallback               0x080021c9   Thumb Code     2  stm32f4xx_hal_tim.o(i.HAL_TIM_IC_CaptureCallback)
    HAL_TIM_IC_ConfigChannel                 0x080021cb   Thumb Code   212  stm32f4xx_hal_tim.o(i.HAL_TIM_IC_ConfigChannel)
    HAL_TIM_IC_Init                          0x0800229f   Thumb Code   102  stm32f4xx_hal_tim.o(i.HAL_TIM_IC_Init)
    HAL_TIM_IC_MspInit                       0x08002305   Thumb Code     2  stm32f4xx_hal_tim.o(i.HAL_TIM_IC_MspInit)
    HAL_TIM_IC_Start_IT                      0x08002309   Thumb Code   364  stm32f4xx_hal_tim.o(i.HAL_TIM_IC_Start_IT)
    HAL_TIM_IRQHandler                       0x08002491   Thumb Code   406  stm32f4xx_hal_tim.o(i.HAL_TIM_IRQHandler)
    HAL_TIM_OC_DelayElapsedCallback          0x08002627   Thumb Code     2  stm32f4xx_hal_tim.o(i.HAL_TIM_OC_DelayElapsedCallback)
    HAL_TIM_PWM_ConfigChannel                0x08002629   Thumb Code   252  stm32f4xx_hal_tim.o(i.HAL_TIM_PWM_ConfigChannel)
    HAL_TIM_PWM_Init                         0x08002725   Thumb Code   102  stm32f4xx_hal_tim.o(i.HAL_TIM_PWM_Init)
    HAL_TIM_PWM_MspInit                      0x0800278d   Thumb Code   124  gtim.o(i.HAL_TIM_PWM_MspInit)
    HAL_TIM_PWM_PulseFinishedCallback        0x08002815   Thumb Code     2  stm32f4xx_hal_tim.o(i.HAL_TIM_PWM_PulseFinishedCallback)
    HAL_TIM_PWM_Start                        0x08002819   Thumb Code   238  stm32f4xx_hal_tim.o(i.HAL_TIM_PWM_Start)
    HAL_TIM_PeriodElapsedCallback            0x08002925   Thumb Code    46  btim.o(i.HAL_TIM_PeriodElapsedCallback)
    HAL_TIM_ReadCapturedValue                0x08002961   Thumb Code    50  stm32f4xx_hal_tim.o(i.HAL_TIM_ReadCapturedValue)
    HAL_TIM_SlaveConfigSynchro               0x08002993   Thumb Code   108  stm32f4xx_hal_tim.o(i.HAL_TIM_SlaveConfigSynchro)
    HAL_TIM_TriggerCallback                  0x080029ff   Thumb Code     2  stm32f4xx_hal_tim.o(i.HAL_TIM_TriggerCallback)
    HAL_UARTEx_RxEventCallback               0x08002a01   Thumb Code     2  stm32f4xx_hal_uart.o(i.HAL_UARTEx_RxEventCallback)
    HAL_UART_ErrorCallback                   0x08002a03   Thumb Code     2  stm32f4xx_hal_uart.o(i.HAL_UART_ErrorCallback)
    HAL_UART_IRQHandler                      0x08002a05   Thumb Code   586  stm32f4xx_hal_uart.o(i.HAL_UART_IRQHandler)
    HAL_UART_Init                            0x08002c55   Thumb Code   114  stm32f4xx_hal_uart.o(i.HAL_UART_Init)
    HAL_UART_MspInit                         0x08002cc9   Thumb Code   190  usart.o(i.HAL_UART_MspInit)
    HAL_UART_Receive_IT                      0x08002d95   Thumb Code    66  stm32f4xx_hal_uart.o(i.HAL_UART_Receive_IT)
    HAL_UART_RxCpltCallback                  0x08002dd9   Thumb Code   134  usart.o(i.HAL_UART_RxCpltCallback)
    HAL_UART_TxCpltCallback                  0x08002e75   Thumb Code     2  stm32f4xx_hal_uart.o(i.HAL_UART_TxCpltCallback)
    HAL_WWDG_EarlyWakeupCallback             0x08002e79   Thumb Code    26  wwdg.o(i.HAL_WWDG_EarlyWakeupCallback)
    HAL_WWDG_IRQHandler                      0x08002e9d   Thumb Code    40  stm32f4xx_hal_wwdg.o(i.HAL_WWDG_IRQHandler)
    HAL_WWDG_Refresh                         0x08002ec5   Thumb Code    12  stm32f4xx_hal_wwdg.o(i.HAL_WWDG_Refresh)
    HardFault_Handler                        0x08002ed1   Thumb Code     4  stm32f4xx_it.o(i.HardFault_Handler)
    MemManage_Handler                        0x08002ed5   Thumb Code     4  stm32f4xx_it.o(i.MemManage_Handler)
    NMI_Handler                              0x08002ed9   Thumb Code     2  stm32f4xx_it.o(i.NMI_Handler)
    PendSV_Handler                           0x08002edb   Thumb Code     2  stm32f4xx_it.o(i.PendSV_Handler)
    SVC_Handler                              0x08002edd   Thumb Code     2  stm32f4xx_it.o(i.SVC_Handler)
    SysTick_Handler                          0x08002edf   Thumb Code     8  stm32f4xx_it.o(i.SysTick_Handler)
    SystemInit                               0x08002ee9   Thumb Code    14  system_stm32f4xx.o(i.SystemInit)
    TIM3_IRQHandler                          0x08002efd   Thumb Code    40  gtim.o(i.TIM3_IRQHandler)
    TIM6_DAC_IRQHandler                      0x08002f2d   Thumb Code    10  btim.o(i.TIM6_DAC_IRQHandler)
    TIM7_IRQHandler                          0x08002f3d   Thumb Code    10  btim.o(i.TIM7_IRQHandler)
    TIM8_CC_IRQHandler                       0x08002f4d   Thumb Code     8  atim.o(i.TIM8_CC_IRQHandler)
    TIM8_UP_TIM13_IRQHandler                 0x08002f55   Thumb Code     8  atim.o(i.TIM8_UP_TIM13_IRQHandler)
    TIM_Base_SetConfig                       0x08002f5d   Thumb Code   170  stm32f4xx_hal_tim.o(i.TIM_Base_SetConfig)
    TIM_CCxChannelCmd                        0x08003035   Thumb Code    34  stm32f4xx_hal_tim.o(i.TIM_CCxChannelCmd)
    TIM_ETR_SetConfig                        0x08003057   Thumb Code    22  stm32f4xx_hal_tim.o(i.TIM_ETR_SetConfig)
    TIM_OC2_SetConfig                        0x080030dd   Thumb Code   114  stm32f4xx_hal_tim.o(i.TIM_OC2_SetConfig)
    TIM_TI1_SetConfig                        0x080032f5   Thumb Code   114  stm32f4xx_hal_tim.o(i.TIM_TI1_SetConfig)
    UART_Start_Receive_IT                    0x080037b1   Thumb Code    70  stm32f4xx_hal_uart.o(i.UART_Start_Receive_IT)
    USART1_IRQHandler                        0x08003859   Thumb Code    10  usart.o(i.USART1_IRQHandler)
    UsageFault_Handler                       0x08003869   Thumb Code     4  stm32f4xx_it.o(i.UsageFault_Handler)
    WWDG_IRQHandler                          0x0800386d   Thumb Code    10  wwdg.o(i.WWDG_IRQHandler)
    __ARM_fpclassify                         0x0800387d   Thumb Code    48  fpclassify.o(i.__ARM_fpclassify)
    _is_digit                                0x080038e5   Thumb Code    14  __printf_wp.o(i._is_digit)
    _sys_exit                                0x080038f3   Thumb Code     4  usart.o(i._sys_exit)
    atim_timx_pwmin_chy_init                 0x080038f9   Thumb Code   284  atim.o(i.atim_timx_pwmin_chy_init)
    atim_timx_pwmin_chy_restart              0x08003c35   Thumb Code   110  atim.o(i.atim_timx_pwmin_chy_restart)
    delay_init                               0x08003cb1   Thumb Code     6  delay.o(i.delay_init)
    delay_ms                                 0x08003cbd   Thumb Code    18  delay.o(i.delay_ms)
    delay_us                                 0x08003cd1   Thumb Code    68  delay.o(i.delay_us)
    fputc                                    0x08003d19   Thumb Code    22  usart.o(i.fputc)
    gtim_timx_pwm_chy_init                   0x08003d35   Thumb Code    68  gtim.o(i.gtim_timx_pwm_chy_init)
    led_init                                 0x08003d85   Thumb Code   142  led.o(i.led_init)
    main                                     0x08003e1d   Thumb Code   300  main.o(i.main)
    sys_intx_disable                         0x08003ff5   Thumb Code     4  sys.o(i.sys_intx_disable)
    sys_intx_enable                          0x08003ff9   Thumb Code     4  sys.o(i.sys_intx_enable)
    sys_stm32_clock_init                     0x08003ffd   Thumb Code   208  sys.o(i.sys_stm32_clock_init)
    usart_init                               0x080040d9   Thumb Code    44  usart.o(i.usart_init)
    _get_lc_numeric                          0x08004111   Thumb Code    44  lc_numeric_c.o(locale$$code)
    __aeabi_dadd                             0x0800413d   Thumb Code     0  daddsub_clz.o(x$fpl$dadd)
    _dadd                                    0x0800413d   Thumb Code   332  daddsub_clz.o(x$fpl$dadd)
    __aeabi_ddiv                             0x0800428d   Thumb Code     0  ddiv.o(x$fpl$ddiv)
    _ddiv                                    0x0800428d   Thumb Code   552  ddiv.o(x$fpl$ddiv)
    __aeabi_ui2d                             0x0800453d   Thumb Code     0  dflt_clz.o(x$fpl$dfltu)
    _dfltu                                   0x0800453d   Thumb Code    38  dflt_clz.o(x$fpl$dfltu)
    __aeabi_dmul                             0x08004565   Thumb Code     0  dmul.o(x$fpl$dmul)
    _dmul                                    0x08004565   Thumb Code   332  dmul.o(x$fpl$dmul)
    __fpl_dnaninf                            0x080046b9   Thumb Code   156  dnaninf.o(x$fpl$dnaninf)
    __fpl_dretinf                            0x08004755   Thumb Code    12  dretinf.o(x$fpl$dretinf)
    __aeabi_dsub                             0x08004761   Thumb Code     0  daddsub_clz.o(x$fpl$dsub)
    _dsub                                    0x08004761   Thumb Code   464  daddsub_clz.o(x$fpl$dsub)
    _fp_init                                 0x08004935   Thumb Code    10  fpinit.o(x$fpl$fpinit)
    __fplib_config_fpu_vfp                   0x0800493d   Thumb Code     0  fpinit.o(x$fpl$fpinit)
    __fplib_config_pureend_doubles           0x0800493d   Thumb Code     0  fpinit.o(x$fpl$fpinit)
    _printf_fp_dec                           0x0800493f   Thumb Code     4  printf1.o(x$fpl$printf1)
    AHBPrescTable                            0x08004942   Data          16  system_stm32f4xx.o(.constdata)
    __I$use$fp                               0x08004942   Number         0  usenofp.o(x$fpl$usenofp)
    APBPrescTable                            0x08004952   Data           8  system_stm32f4xx.o(.constdata)
    Region$$Table$$Base                      0x080049f0   Number         0  anon$$obj.o(Region$$Table)
    Region$$Table$$Limit                     0x08004a10   Number         0  anon$$obj.o(Region$$Table)
    SystemCoreClock                          0x20000000   Data           4  system_stm32f4xx.o(.data)
    __stdout                                 0x20000008   Data           4  usart.o(.data)
    g_usart_rx_sta                           0x2000000c   Data           2  usart.o(.data)
    g_rx_buffer                              0x2000000e   Data           1  usart.o(.data)
    uwTick                                   0x20000010   Data           4  stm32f4xx_hal.o(.data)
    uwTickPrio                               0x20000014   Data           4  stm32f4xx_hal.o(.data)
    uwTickFreq                               0x20000018   Data           1  stm32f4xx_hal.o(.data)
    g_timxchy_pwmin_sta                      0x2000001c   Data           1  atim.o(.data)
    g_timxchy_pwmin_psc                      0x2000001e   Data           2  atim.o(.data)
    g_timxchy_pwmin_hval                     0x20000020   Data           4  atim.o(.data)
    g_timxchy_pwmin_cval                     0x20000024   Data           4  atim.o(.data)
    g_usart_rx_buf                           0x2000002c   Data         200  usart.o(.bss)
    g_uart1_handle                           0x200000f4   Data          68  usart.o(.bss)
    wwdg_handle                              0x20000138   Data          20  wwdg.o(.bss)
    tim_handler                              0x2000014c   Data          72  btim.o(.bss)
    g_timx_pwmin_chy_handle                  0x20000194   Data          72  atim.o(.bss)
    g_timx_handler                           0x200001dc   Data          72  gtim.o(.bss)
    g_timx_pwm_chy_handler                   0x20000224   Data          72  gtim.o(.bss)
    timx_pwm_chy_handler                     0x2000026c   Data          28  gtim.o(.bss)
    __libspace_start                         0x20000288   Data          96  libspace.o(.bss)
    __temporary_stack_top$libspace           0x200002e8   Data           0  libspace.o(.bss)



==============================================================================

Memory Map of the image

  Image Entry point : 0x08000189

  Load Region LR_IROM1 (Base: 0x08000000, Size: 0x00004a58, Max: 0x00100000, ABSOLUTE)

    Execution Region ER_IROM1 (Base: 0x08000000, Size: 0x00004a2c, Max: 0x00100000, ABSOLUTE)

    Base Addr    Size         Type   Attr      Idx    E Section Name        Object

    0x08000000   0x00000188   Data   RO            3    RESET               startup_stm32f407xx.o
    0x08000188   0x00000008   Code   RO         3550  * !!!main             c_w.l(__main.o)
    0x08000190   0x00000034   Code   RO         3792    !!!scatter          c_w.l(__scatter.o)
    0x080001c4   0x0000001a   Code   RO         3794    !!handler_copy      c_w.l(__scatter_copy.o)
    0x080001de   0x00000002   PAD
    0x080001e0   0x0000001c   Code   RO         3796    !!handler_zi        c_w.l(__scatter_zi.o)
    0x080001fc   0x00000000   Code   RO         3545    .ARM.Collect$$_printf_percent$$00000000  c_w.l(_printf_percent.o)
    0x080001fc   0x00000006   Code   RO         3544    .ARM.Collect$$_printf_percent$$00000003  c_w.l(_printf_f.o)
    0x08000202   0x00000006   Code   RO         3543    .ARM.Collect$$_printf_percent$$00000009  c_w.l(_printf_d.o)
    0x08000208   0x00000004   Code   RO         3585    .ARM.Collect$$_printf_percent$$00000017  c_w.l(_printf_percent_end.o)
    0x0800020c   0x00000002   Code   RO         3675    .ARM.Collect$$libinit$$00000000  c_w.l(libinit.o)
    0x0800020e   0x00000004   Code   RO         3676    .ARM.Collect$$libinit$$00000001  c_w.l(libinit2.o)
    0x08000212   0x00000000   Code   RO         3679    .ARM.Collect$$libinit$$00000004  c_w.l(libinit2.o)
    0x08000212   0x00000000   Code   RO         3682    .ARM.Collect$$libinit$$0000000A  c_w.l(libinit2.o)
    0x08000212   0x00000000   Code   RO         3684    .ARM.Collect$$libinit$$0000000C  c_w.l(libinit2.o)
    0x08000212   0x00000000   Code   RO         3686    .ARM.Collect$$libinit$$0000000E  c_w.l(libinit2.o)
    0x08000212   0x00000006   Code   RO         3687    .ARM.Collect$$libinit$$0000000F  c_w.l(libinit2.o)
    0x08000218   0x00000000   Code   RO         3689    .ARM.Collect$$libinit$$00000011  c_w.l(libinit2.o)
    0x08000218   0x00000000   Code   RO         3691    .ARM.Collect$$libinit$$00000013  c_w.l(libinit2.o)
    0x08000218   0x00000000   Code   RO         3693    .ARM.Collect$$libinit$$00000015  c_w.l(libinit2.o)
    0x08000218   0x0000000a   Code   RO         3694    .ARM.Collect$$libinit$$00000016  c_w.l(libinit2.o)
    0x08000222   0x00000000   Code   RO         3695    .ARM.Collect$$libinit$$00000017  c_w.l(libinit2.o)
    0x08000222   0x00000000   Code   RO         3697    .ARM.Collect$$libinit$$00000019  c_w.l(libinit2.o)
    0x08000222   0x00000000   Code   RO         3699    .ARM.Collect$$libinit$$0000001B  c_w.l(libinit2.o)
    0x08000222   0x00000000   Code   RO         3701    .ARM.Collect$$libinit$$0000001D  c_w.l(libinit2.o)
    0x08000222   0x00000000   Code   RO         3703    .ARM.Collect$$libinit$$0000001F  c_w.l(libinit2.o)
    0x08000222   0x00000000   Code   RO         3705    .ARM.Collect$$libinit$$00000021  c_w.l(libinit2.o)
    0x08000222   0x00000000   Code   RO         3707    .ARM.Collect$$libinit$$00000023  c_w.l(libinit2.o)
    0x08000222   0x00000000   Code   RO         3709    .ARM.Collect$$libinit$$00000025  c_w.l(libinit2.o)
    0x08000222   0x00000000   Code   RO         3713    .ARM.Collect$$libinit$$0000002C  c_w.l(libinit2.o)
    0x08000222   0x00000000   Code   RO         3715    .ARM.Collect$$libinit$$0000002E  c_w.l(libinit2.o)
    0x08000222   0x00000000   Code   RO         3717    .ARM.Collect$$libinit$$00000030  c_w.l(libinit2.o)
    0x08000222   0x00000000   Code   RO         3719    .ARM.Collect$$libinit$$00000032  c_w.l(libinit2.o)
    0x08000222   0x00000002   Code   RO         3720    .ARM.Collect$$libinit$$00000033  c_w.l(libinit2.o)
    0x08000224   0x00000002   Code   RO         3758    .ARM.Collect$$libshutdown$$00000000  c_w.l(libshutdown.o)
    0x08000226   0x00000000   Code   RO         3777    .ARM.Collect$$libshutdown$$00000003  c_w.l(libshutdown2.o)
    0x08000226   0x00000000   Code   RO         3780    .ARM.Collect$$libshutdown$$00000006  c_w.l(libshutdown2.o)
    0x08000226   0x00000000   Code   RO         3783    .ARM.Collect$$libshutdown$$00000009  c_w.l(libshutdown2.o)
    0x08000226   0x00000000   Code   RO         3785    .ARM.Collect$$libshutdown$$0000000B  c_w.l(libshutdown2.o)
    0x08000226   0x00000000   Code   RO         3788    .ARM.Collect$$libshutdown$$0000000E  c_w.l(libshutdown2.o)
    0x08000226   0x00000002   Code   RO         3789    .ARM.Collect$$libshutdown$$0000000F  c_w.l(libshutdown2.o)
    0x08000228   0x00000000   Code   RO         3574    .ARM.Collect$$rtentry$$00000000  c_w.l(__rtentry.o)
    0x08000228   0x00000000   Code   RO         3592    .ARM.Collect$$rtentry$$00000002  c_w.l(__rtentry2.o)
    0x08000228   0x00000006   Code   RO         3604    .ARM.Collect$$rtentry$$00000004  c_w.l(__rtentry4.o)
    0x0800022e   0x00000000   Code   RO         3594    .ARM.Collect$$rtentry$$00000009  c_w.l(__rtentry2.o)
    0x0800022e   0x00000004   Code   RO         3595    .ARM.Collect$$rtentry$$0000000A  c_w.l(__rtentry2.o)
    0x08000232   0x00000000   Code   RO         3597    .ARM.Collect$$rtentry$$0000000C  c_w.l(__rtentry2.o)
    0x08000232   0x00000008   Code   RO         3598    .ARM.Collect$$rtentry$$0000000D  c_w.l(__rtentry2.o)
    0x0800023a   0x00000002   Code   RO         3721    .ARM.Collect$$rtexit$$00000000  c_w.l(rtexit.o)
    0x0800023c   0x00000000   Code   RO         3734    .ARM.Collect$$rtexit$$00000002  c_w.l(rtexit2.o)
    0x0800023c   0x00000004   Code   RO         3735    .ARM.Collect$$rtexit$$00000003  c_w.l(rtexit2.o)
    0x08000240   0x00000006   Code   RO         3736    .ARM.Collect$$rtexit$$00000004  c_w.l(rtexit2.o)
    0x08000246   0x00000002   PAD
    0x08000248   0x0000004c   Code   RO            4    .text               startup_stm32f407xx.o
    0x08000294   0x00000002   Code   RO         3511    .text               c_w.l(use_no_semi_2.o)
    0x08000296   0x000000ee   Code   RO         3513    .text               c_w.l(lludivv7m.o)
    0x08000384   0x00000018   Code   RO         3517    .text               c_w.l(noretval__2printf.o)
    0x0800039c   0x00000078   Code   RO         3521    .text               c_w.l(_printf_dec.o)
    0x08000414   0x0000010e   Code   RO         3531    .text               c_w.l(__printf_wp.o)
    0x08000522   0x0000004e   Code   RO         3546    .text               c_w.l(rt_memclr_w.o)
    0x08000570   0x00000006   Code   RO         3548    .text               c_w.l(heapauxi.o)
    0x08000576   0x00000002   Code   RO         3572    .text               c_w.l(use_no_semi.o)
    0x08000578   0x000000b2   Code   RO         3579    .text               c_w.l(_printf_intcommon.o)
    0x0800062a   0x0000041a   Code   RO         3581    .text               c_w.l(_printf_fp_dec.o)
    0x08000a44   0x00000024   Code   RO         3583    .text               c_w.l(_printf_char_file.o)
    0x08000a68   0x00000008   Code   RO         3611    .text               c_w.l(rt_locale_intlibspace.o)
    0x08000a70   0x0000008a   Code   RO         3613    .text               c_w.l(lludiv10.o)
    0x08000afa   0x00000002   PAD
    0x08000afc   0x00000030   Code   RO         3615    .text               c_w.l(_printf_char_common.o)
    0x08000b2c   0x00000080   Code   RO         3617    .text               c_w.l(_printf_fp_infnan.o)
    0x08000bac   0x000000dc   Code   RO         3619    .text               c_w.l(bigflt0.o)
    0x08000c88   0x00000008   Code   RO         3644    .text               c_w.l(ferror.o)
    0x08000c90   0x00000008   Code   RO         3655    .text               c_w.l(libspace.o)
    0x08000c98   0x0000004a   Code   RO         3658    .text               c_w.l(sys_stackheap_outer.o)
    0x08000ce2   0x0000000c   Code   RO         3662    .text               c_w.l(exit.o)
    0x08000cee   0x00000002   PAD
    0x08000cf0   0x00000080   Code   RO         3668    .text               c_w.l(strcmpv7m.o)
    0x08000d70   0x0000003e   Code   RO         3622    CL$$btod_d2e        c_w.l(btod.o)
    0x08000dae   0x00000046   Code   RO         3624    CL$$btod_d2e_denorm_low  c_w.l(btod.o)
    0x08000df4   0x00000060   Code   RO         3623    CL$$btod_d2e_norm_op1  c_w.l(btod.o)
    0x08000e54   0x00000338   Code   RO         3632    CL$$btod_div_common  c_w.l(btod.o)
    0x0800118c   0x000000c6   Code   RO         3629    CL$$btod_e2e        c_w.l(btod.o)
    0x08001252   0x00000028   Code   RO         3626    CL$$btod_ediv       c_w.l(btod.o)
    0x0800127a   0x00000028   Code   RO         3625    CL$$btod_emul       c_w.l(btod.o)
    0x080012a2   0x00000244   Code   RO         3631    CL$$btod_mult_common  c_w.l(btod.o)
    0x080014e6   0x00000004   Code   RO          278    i.BusFault_Handler  stm32f4xx_it.o
    0x080014ea   0x00000002   Code   RO          279    i.DebugMon_Handler  stm32f4xx_it.o
    0x080014ec   0x00000014   Code   RO         3227    i.EXTI0_IRQHandler  exti.o
    0x08001500   0x00000014   Code   RO         3228    i.EXTI2_IRQHandler  exti.o
    0x08001514   0x00000014   Code   RO         3229    i.EXTI3_IRQHandler  exti.o
    0x08001528   0x00000014   Code   RO         3230    i.EXTI4_IRQHandler  exti.o
    0x0800153c   0x000000aa   Code   RO          913    i.HAL_DMA_Abort     stm32f4xx_hal_dma.o
    0x080015e6   0x00000028   Code   RO          914    i.HAL_DMA_Abort_IT  stm32f4xx_hal_dma.o
    0x0800160e   0x00000002   PAD
    0x08001610   0x000000a0   Code   RO         3231    i.HAL_GPIO_EXTI_Callback  exti.o
    0x080016b0   0x0000001c   Code   RO         1018    i.HAL_GPIO_EXTI_IRQHandler  stm32f4xx_hal_gpio.o
    0x080016cc   0x00000204   Code   RO         1019    i.HAL_GPIO_Init     stm32f4xx_hal_gpio.o
    0x080018d0   0x00000010   Code   RO         1021    i.HAL_GPIO_ReadPin  stm32f4xx_hal_gpio.o
    0x080018e0   0x00000014   Code   RO         1022    i.HAL_GPIO_TogglePin  stm32f4xx_hal_gpio.o
    0x080018f4   0x0000000c   Code   RO         1023    i.HAL_GPIO_WritePin  stm32f4xx_hal_gpio.o
    0x08001900   0x0000000c   Code   RO          596    i.HAL_GetREVID      stm32f4xx_hal.o
    0x0800190c   0x0000000c   Code   RO          597    i.HAL_GetTick       stm32f4xx_hal.o
    0x08001918   0x00000018   Code   RO          603    i.HAL_IncTick       stm32f4xx_hal.o
    0x08001930   0x00000030   Code   RO          604    i.HAL_Init          stm32f4xx_hal.o
    0x08001960   0x0000004c   Code   RO          605    i.HAL_InitTick      stm32f4xx_hal.o
    0x080019ac   0x00000002   Code   RO          607    i.HAL_MspInit       stm32f4xx_hal.o
    0x080019ae   0x00000020   Code   RO          775    i.HAL_NVIC_EnableIRQ  stm32f4xx_hal_cortex.o
    0x080019ce   0x0000007c   Code   RO          781    i.HAL_NVIC_SetPriority  stm32f4xx_hal_cortex.o
    0x08001a4a   0x00000002   PAD
    0x08001a4c   0x00000028   Code   RO          782    i.HAL_NVIC_SetPriorityGrouping  stm32f4xx_hal_cortex.o
    0x08001a74   0x00000184   Code   RO         1083    i.HAL_RCC_ClockConfig  stm32f4xx_hal_rcc.o
    0x08001bf8   0x0000000c   Code   RO         1088    i.HAL_RCC_GetHCLKFreq  stm32f4xx_hal_rcc.o
    0x08001c04   0x00000020   Code   RO         1090    i.HAL_RCC_GetPCLK1Freq  stm32f4xx_hal_rcc.o
    0x08001c24   0x00000020   Code   RO         1091    i.HAL_RCC_GetPCLK2Freq  stm32f4xx_hal_rcc.o
    0x08001c44   0x000000b0   Code   RO         1092    i.HAL_RCC_GetSysClockFreq  stm32f4xx_hal_rcc.o
    0x08001cf4   0x0000049c   Code   RO         1095    i.HAL_RCC_OscConfig  stm32f4xx_hal_rcc.o
    0x08002190   0x00000034   Code   RO          786    i.HAL_SYSTICK_Config  stm32f4xx_hal_cortex.o
    0x080021c4   0x00000002   Code   RO         2881    i.HAL_TIMEx_BreakCallback  stm32f4xx_hal_tim_ex.o
    0x080021c6   0x00000002   Code   RO         2882    i.HAL_TIMEx_CommutCallback  stm32f4xx_hal_tim_ex.o
    0x080021c8   0x00000002   Code   RO         2200    i.HAL_TIM_IC_CaptureCallback  stm32f4xx_hal_tim.o
    0x080021ca   0x000000d4   Code   RO         2202    i.HAL_TIM_IC_ConfigChannel  stm32f4xx_hal_tim.o
    0x0800229e   0x00000066   Code   RO         2205    i.HAL_TIM_IC_Init   stm32f4xx_hal_tim.o
    0x08002304   0x00000002   Code   RO         2207    i.HAL_TIM_IC_MspInit  stm32f4xx_hal_tim.o
    0x08002306   0x00000002   PAD
    0x08002308   0x00000188   Code   RO         2210    i.HAL_TIM_IC_Start_IT  stm32f4xx_hal_tim.o
    0x08002490   0x00000196   Code   RO         2214    i.HAL_TIM_IRQHandler  stm32f4xx_hal_tim.o
    0x08002626   0x00000002   Code   RO         2217    i.HAL_TIM_OC_DelayElapsedCallback  stm32f4xx_hal_tim.o
    0x08002628   0x000000fc   Code   RO         2238    i.HAL_TIM_PWM_ConfigChannel  stm32f4xx_hal_tim.o
    0x08002724   0x00000066   Code   RO         2241    i.HAL_TIM_PWM_Init  stm32f4xx_hal_tim.o
    0x0800278a   0x00000002   PAD
    0x0800278c   0x00000088   Code   RO         3467    i.HAL_TIM_PWM_MspInit  gtim.o
    0x08002814   0x00000002   Code   RO         2244    i.HAL_TIM_PWM_PulseFinishedCallback  stm32f4xx_hal_tim.o
    0x08002816   0x00000002   PAD
    0x08002818   0x0000010c   Code   RO         2246    i.HAL_TIM_PWM_Start  stm32f4xx_hal_tim.o
    0x08002924   0x0000003c   Code   RO         3360    i.HAL_TIM_PeriodElapsedCallback  btim.o
    0x08002960   0x00000032   Code   RO         2254    i.HAL_TIM_ReadCapturedValue  stm32f4xx_hal_tim.o
    0x08002992   0x0000006c   Code   RO         2255    i.HAL_TIM_SlaveConfigSynchro  stm32f4xx_hal_tim.o
    0x080029fe   0x00000002   Code   RO         2257    i.HAL_TIM_TriggerCallback  stm32f4xx_hal_tim.o
    0x08002a00   0x00000002   Code   RO         1689    i.HAL_UARTEx_RxEventCallback  stm32f4xx_hal_uart.o
    0x08002a02   0x00000002   Code   RO         1703    i.HAL_UART_ErrorCallback  stm32f4xx_hal_uart.o
    0x08002a04   0x00000250   Code   RO         1706    i.HAL_UART_IRQHandler  stm32f4xx_hal_uart.o
    0x08002c54   0x00000072   Code   RO         1707    i.HAL_UART_Init     stm32f4xx_hal_uart.o
    0x08002cc6   0x00000002   PAD
    0x08002cc8   0x000000cc   Code   RO          507    i.HAL_UART_MspInit  usart.o
    0x08002d94   0x00000042   Code   RO         1712    i.HAL_UART_Receive_IT  stm32f4xx_hal_uart.o
    0x08002dd6   0x00000002   PAD
    0x08002dd8   0x0000009c   Code   RO          508    i.HAL_UART_RxCpltCallback  usart.o
    0x08002e74   0x00000002   Code   RO         1718    i.HAL_UART_TxCpltCallback  stm32f4xx_hal_uart.o
    0x08002e76   0x00000002   PAD
    0x08002e78   0x00000024   Code   RO         3314    i.HAL_WWDG_EarlyWakeupCallback  wwdg.o
    0x08002e9c   0x00000028   Code   RO         2117    i.HAL_WWDG_IRQHandler  stm32f4xx_hal_wwdg.o
    0x08002ec4   0x0000000c   Code   RO         2120    i.HAL_WWDG_Refresh  stm32f4xx_hal_wwdg.o
    0x08002ed0   0x00000004   Code   RO          280    i.HardFault_Handler  stm32f4xx_it.o
    0x08002ed4   0x00000004   Code   RO          281    i.MemManage_Handler  stm32f4xx_it.o
    0x08002ed8   0x00000002   Code   RO          282    i.NMI_Handler       stm32f4xx_it.o
    0x08002eda   0x00000002   Code   RO          283    i.PendSV_Handler    stm32f4xx_it.o
    0x08002edc   0x00000002   Code   RO          284    i.SVC_Handler       stm32f4xx_it.o
    0x08002ede   0x00000008   Code   RO          285    i.SysTick_Handler   stm32f4xx_it.o
    0x08002ee6   0x00000002   PAD
    0x08002ee8   0x00000014   Code   RO          354    i.SystemInit        system_stm32f4xx.o
    0x08002efc   0x00000030   Code   RO         3468    i.TIM3_IRQHandler   gtim.o
    0x08002f2c   0x00000010   Code   RO         3361    i.TIM6_DAC_IRQHandler  btim.o
    0x08002f3c   0x00000010   Code   RO         3362    i.TIM7_IRQHandler   btim.o
    0x08002f4c   0x00000008   Code   RO         3416    i.TIM8_CC_IRQHandler  atim.o
    0x08002f54   0x00000008   Code   RO         3417    i.TIM8_UP_TIM13_IRQHandler  atim.o
    0x08002f5c   0x000000d8   Code   RO         2259    i.TIM_Base_SetConfig  stm32f4xx_hal_tim.o
    0x08003034   0x00000022   Code   RO         2260    i.TIM_CCxChannelCmd  stm32f4xx_hal_tim.o
    0x08003056   0x00000016   Code   RO         2270    i.TIM_ETR_SetConfig  stm32f4xx_hal_tim.o
    0x0800306c   0x00000070   Code   RO         2272    i.TIM_OC1_SetConfig  stm32f4xx_hal_tim.o
    0x080030dc   0x0000007c   Code   RO         2273    i.TIM_OC2_SetConfig  stm32f4xx_hal_tim.o
    0x08003158   0x00000078   Code   RO         2274    i.TIM_OC3_SetConfig  stm32f4xx_hal_tim.o
    0x080031d0   0x00000054   Code   RO         2275    i.TIM_OC4_SetConfig  stm32f4xx_hal_tim.o
    0x08003224   0x000000aa   Code   RO         2276    i.TIM_SlaveTimer_SetConfig  stm32f4xx_hal_tim.o
    0x080032ce   0x00000026   Code   RO         2277    i.TIM_TI1_ConfigInputStage  stm32f4xx_hal_tim.o
    0x080032f4   0x00000090   Code   RO         2278    i.TIM_TI1_SetConfig  stm32f4xx_hal_tim.o
    0x08003384   0x00000028   Code   RO         2279    i.TIM_TI2_ConfigInputStage  stm32f4xx_hal_tim.o
    0x080033ac   0x0000003a   Code   RO         2280    i.TIM_TI2_SetConfig  stm32f4xx_hal_tim.o
    0x080033e6   0x00000038   Code   RO         2281    i.TIM_TI3_SetConfig  stm32f4xx_hal_tim.o
    0x0800341e   0x0000003c   Code   RO         2282    i.TIM_TI4_SetConfig  stm32f4xx_hal_tim.o
    0x0800345a   0x00000014   Code   RO         1720    i.UART_DMAAbortOnError  stm32f4xx_hal_uart.o
    0x0800346e   0x00000036   Code   RO         1730    i.UART_EndRxTransfer  stm32f4xx_hal_uart.o
    0x080034a4   0x00000020   Code   RO         1731    i.UART_EndTransmit_IT  stm32f4xx_hal_uart.o
    0x080034c4   0x000000be   Code   RO         1733    i.UART_Receive_IT   stm32f4xx_hal_uart.o
    0x08003582   0x00000002   PAD
    0x08003584   0x0000022c   Code   RO         1734    i.UART_SetConfig    stm32f4xx_hal_uart.o
    0x080037b0   0x00000046   Code   RO         1736    i.UART_Start_Receive_IT  stm32f4xx_hal_uart.o
    0x080037f6   0x00000060   Code   RO         1737    i.UART_Transmit_IT  stm32f4xx_hal_uart.o
    0x08003856   0x00000002   PAD
    0x08003858   0x00000010   Code   RO          509    i.USART1_IRQHandler  usart.o
    0x08003868   0x00000004   Code   RO          286    i.UsageFault_Handler  stm32f4xx_it.o
    0x0800386c   0x00000010   Code   RO         3316    i.WWDG_IRQHandler   wwdg.o
    0x0800387c   0x00000030   Code   RO         3653    i.__ARM_fpclassify  m_wm.l(fpclassify.o)
    0x080038ac   0x00000010   Code   RO          788    i.__NVIC_GetPriorityGrouping  stm32f4xx_hal_cortex.o
    0x080038bc   0x00000028   Code   RO          789    i.__NVIC_SetPriority  stm32f4xx_hal_cortex.o
    0x080038e4   0x0000000e   Code   RO         3533    i._is_digit         c_w.l(__printf_wp.o)
    0x080038f2   0x00000004   Code   RO          511    i._sys_exit         usart.o
    0x080038f6   0x00000002   PAD
    0x080038f8   0x0000012c   Code   RO         3418    i.atim_timx_pwmin_chy_init  atim.o
    0x08003a24   0x00000210   Code   RO         3419    i.atim_timx_pwmin_chy_process  atim.o
    0x08003c34   0x0000007c   Code   RO         3420    i.atim_timx_pwmin_chy_restart  atim.o
    0x08003cb0   0x0000000c   Code   RO          391    i.delay_init        delay.o
    0x08003cbc   0x00000012   Code   RO          392    i.delay_ms          delay.o
    0x08003cce   0x00000002   PAD
    0x08003cd0   0x00000048   Code   RO          393    i.delay_us          delay.o
    0x08003d18   0x0000001c   Code   RO          513    i.fputc             usart.o
    0x08003d34   0x00000050   Code   RO         3470    i.gtim_timx_pwm_chy_init  gtim.o
    0x08003d84   0x00000098   Code   RO         3148    i.led_init          led.o
    0x08003e1c   0x000001d8   Code   RO           13    i.main              main.o
    0x08003ff4   0x00000004   Code   RO          434    i.sys_intx_disable  sys.o
    0x08003ff8   0x00000004   Code   RO          435    i.sys_intx_enable   sys.o
    0x08003ffc   0x000000dc   Code   RO          440    i.sys_stm32_clock_init  sys.o
    0x080040d8   0x00000038   Code   RO          514    i.usart_init        usart.o
    0x08004110   0x0000002c   Code   RO         3649    locale$$code        c_w.l(lc_numeric_c.o)
    0x0800413c   0x00000150   Code   RO         3552    x$fpl$dadd          fz_wm.l(daddsub_clz.o)
    0x0800428c   0x000002b0   Code   RO         3559    x$fpl$ddiv          fz_wm.l(ddiv.o)
    0x0800453c   0x00000026   Code   RO         3562    x$fpl$dfltu         fz_wm.l(dflt_clz.o)
    0x08004562   0x00000002   PAD
    0x08004564   0x00000154   Code   RO         3568    x$fpl$dmul          fz_wm.l(dmul.o)
    0x080046b8   0x0000009c   Code   RO         3586    x$fpl$dnaninf       fz_wm.l(dnaninf.o)
    0x08004754   0x0000000c   Code   RO         3588    x$fpl$dretinf       fz_wm.l(dretinf.o)
    0x08004760   0x000001d4   Code   RO         3554    x$fpl$dsub          fz_wm.l(daddsub_clz.o)
    0x08004934   0x0000000a   Code   RO         3731    x$fpl$fpinit        fz_wm.l(fpinit.o)
    0x0800493e   0x00000004   Code   RO         3570    x$fpl$printf1       fz_wm.l(printf1.o)
    0x08004942   0x00000000   Code   RO         3590    x$fpl$usenofp       fz_wm.l(usenofp.o)
    0x08004942   0x00000018   Data   RO          355    .constdata          system_stm32f4xx.o
    0x0800495a   0x00000002   PAD
    0x0800495c   0x00000094   Data   RO         3620    .constdata          c_w.l(bigflt0.o)
    0x080049f0   0x00000020   Data   RO         3790    Region$$Table       anon$$obj.o
    0x08004a10   0x0000001c   Data   RO         3648    locale$$data        c_w.l(lc_numeric_c.o)


    Execution Region RW_IRAM1 (Base: 0x20000000, Size: 0x000006e8, Max: 0x00020000, ABSOLUTE)

    Base Addr    Size         Type   Attr      Idx    E Section Name        Object

    0x20000000   0x00000004   Data   RW          356    .data               system_stm32f4xx.o
    0x20000004   0x00000004   Data   RW          394    .data               delay.o
    0x20000008   0x00000007   Data   RW          516    .data               usart.o
    0x2000000f   0x00000001   PAD
    0x20000010   0x00000009   Data   RW          611    .data               stm32f4xx_hal.o
    0x20000019   0x00000003   PAD
    0x2000001c   0x0000000d   Data   RW         3422    .data               atim.o
    0x20000029   0x00000003   PAD
    0x2000002c   0x0000010c   Zero   RW          515    .bss                usart.o
    0x20000138   0x00000014   Zero   RW         3318    .bss                wwdg.o
    0x2000014c   0x00000048   Zero   RW         3365    .bss                btim.o
    0x20000194   0x00000048   Zero   RW         3421    .bss                atim.o
    0x200001dc   0x000000ac   Zero   RW         3471    .bss                gtim.o
    0x20000288   0x00000060   Zero   RW         3656    .bss                c_w.l(libspace.o)
    0x200002e8   0x00000000   Zero   RW            2    HEAP                startup_stm32f407xx.o
    0x200002e8   0x00000400   Zero   RW            1    STACK               startup_stm32f407xx.o


==============================================================================

Image component sizes


      Code (inc. data)   RO Data    RW Data    ZI Data      Debug   Object Name

       968         58          0         13         72       4121   atim.o
        92         26          0          0         72       2278   btim.o
       102         10          0          4          0       2003   delay.o
       240         28          0          0          0       2757   exti.o
       264         32          0          0        172       2650   gtim.o
       152         10          0          0          0        983   led.o
       472        172          0          0          0     691139   main.o
        76         28        392          0       1024       1008   startup_stm32f407xx.o
       174         34          0          9          0      10026   stm32f4xx_hal.o
       304         22          0          0          0      34611   stm32f4xx_hal_cortex.o
       210          0          0          0          0       2015   stm32f4xx_hal_dma.o
       592         50          0          0          0       4195   stm32f4xx_hal_gpio.o
      1820         84          0          0          0       5780   stm32f4xx_hal_rcc.o
      3180        178          0          0          0      22083   stm32f4xx_hal_tim.o
         4          0          0          0          0       1657   stm32f4xx_hal_tim_ex.o
      1796         16          0          0          0      10056   stm32f4xx_hal_uart.o
        52          0          0          0          0       1673   stm32f4xx_hal_wwdg.o
        32          0          0          0          0       4406   stm32f4xx_it.o
       228         12          0          0          0       2344   sys.o
        20          6         24          4          0       1423   system_stm32f4xx.o
       464         60          0          7        268       5765   usart.o
        52         16          0          0         20       1683   wwdg.o

    ----------------------------------------------------------------------
     11320        842        450         44       1628     814656   Object Totals
         0          0         32          0          0          0   (incl. Generated)
        26          0          2          7          0          0   (incl. Padding)

    ----------------------------------------------------------------------

      Code (inc. data)   RO Data    RW Data    ZI Data      Debug   Library Member Name

         8          0          0          0          0         68   __main.o
       284          0          0          0          0        156   __printf_wp.o
         0          0          0          0          0          0   __rtentry.o
        12          0          0          0          0          0   __rtentry2.o
         6          0          0          0          0          0   __rtentry4.o
        52          8          0          0          0          0   __scatter.o
        26          0          0          0          0          0   __scatter_copy.o
        28          0          0          0          0          0   __scatter_zi.o
        48          6          0          0          0         96   _printf_char_common.o
        36          4          0          0          0         80   _printf_char_file.o
         6          0          0          0          0          0   _printf_d.o
       120         16          0          0          0         92   _printf_dec.o
         6          0          0          0          0          0   _printf_f.o
      1050          0          0          0          0        216   _printf_fp_dec.o
       128         16          0          0          0         84   _printf_fp_infnan.o
       178          0          0          0          0         88   _printf_intcommon.o
         0          0          0          0          0          0   _printf_percent.o
         4          0          0          0          0          0   _printf_percent_end.o
       220          4        148          0          0         96   bigflt0.o
      1910        128          0          0          0        672   btod.o
        12          0          0          0          0         72   exit.o
         8          0          0          0          0         68   ferror.o
         6          0          0          0          0        152   heapauxi.o
        44         10         28          0          0         76   lc_numeric_c.o
         2          0          0          0          0          0   libinit.o
        22          0          0          0          0          0   libinit2.o
         2          0          0          0          0          0   libshutdown.o
         2          0          0          0          0          0   libshutdown2.o
         8          4          0          0         96         68   libspace.o
       138          0          0          0          0         80   lludiv10.o
       238          0          0          0          0        100   lludivv7m.o
        24          4          0          0          0         84   noretval__2printf.o
         8          4          0          0          0         68   rt_locale_intlibspace.o
        78          0          0          0          0         80   rt_memclr_w.o
         2          0          0          0          0          0   rtexit.o
        10          0          0          0          0          0   rtexit2.o
       128          0          0          0          0         68   strcmpv7m.o
        74          0          0          0          0         80   sys_stackheap_outer.o
         2          0          0          0          0         68   use_no_semi.o
         2          0          0          0          0         68   use_no_semi_2.o
       804         16          0          0          0        368   daddsub_clz.o
       688        140          0          0          0        256   ddiv.o
        38          0          0          0          0        116   dflt_clz.o
       340         12          0          0          0        152   dmul.o
       156          4          0          0          0        140   dnaninf.o
        12          0          0          0          0        116   dretinf.o
        10          0          0          0          0        116   fpinit.o
         4          0          0          0          0        116   printf1.o
         0          0          0          0          0          0   usenofp.o
        48          0          0          0          0        124   fpclassify.o

    ----------------------------------------------------------------------
      7042        376        176          0         96       4284   Library Totals
        10          0          0          0          0          0   (incl. Padding)

    ----------------------------------------------------------------------

      Code (inc. data)   RO Data    RW Data    ZI Data      Debug   Library Name

      4932        204        176          0         96       2780   c_w.l
      2052        172          0          0          0       1380   fz_wm.l
        48          0          0          0          0        124   m_wm.l

    ----------------------------------------------------------------------
      7042        376        176          0         96       4284   Library Totals

    ----------------------------------------------------------------------

==============================================================================


      Code (inc. data)   RO Data    RW Data    ZI Data      Debug   

     18362       1218        626         44       1724     805932   Grand Totals
     18362       1218        626         44       1724     805932   ELF Image Totals
     18362       1218        626         44          0          0   ROM Totals

==============================================================================

    Total RO  Size (Code + RO Data)                18988 (  18.54kB)
    Total RW  Size (RW Data + ZI Data)              1768 (   1.73kB)
    Total ROM Size (Code + RO Data + RW Data)      19032 (  18.59kB)

==============================================================================

