Component: ARM Compiler 5.05 update 1 (build 106) Tool: armlink [4d0efa]

==============================================================================

Section Cross References

    startup_stm32f407xx.o(STACK) refers (Special) to heapauxi.o(.text) for __use_two_region_memory
    startup_stm32f407xx.o(HEAP) refers (Special) to heapauxi.o(.text) for __use_two_region_memory
    startup_stm32f407xx.o(RESET) refers (Special) to heapauxi.o(.text) for __use_two_region_memory
    startup_stm32f407xx.o(RESET) refers to startup_stm32f407xx.o(STACK) for __initial_sp
    startup_stm32f407xx.o(RESET) refers to startup_stm32f407xx.o(.text) for Reset_Handler
    startup_stm32f407xx.o(RESET) refers to stm32f4xx_it.o(i.NMI_Handler) for NMI_Handler
    startup_stm32f407xx.o(RESET) refers to stm32f4xx_it.o(i.HardFault_Handler) for HardFault_Handler
    startup_stm32f407xx.o(RESET) refers to stm32f4xx_it.o(i.MemManage_Handler) for MemManage_Handler
    startup_stm32f407xx.o(RESET) refers to stm32f4xx_it.o(i.BusFault_Handler) for BusFault_Handler
    startup_stm32f407xx.o(RESET) refers to stm32f4xx_it.o(i.UsageFault_Handler) for UsageFault_Handler
    startup_stm32f407xx.o(RESET) refers to stm32f4xx_it.o(i.SVC_Handler) for SVC_Handler
    startup_stm32f407xx.o(RESET) refers to stm32f4xx_it.o(i.DebugMon_Handler) for DebugMon_Handler
    startup_stm32f407xx.o(RESET) refers to stm32f4xx_it.o(i.PendSV_Handler) for PendSV_Handler
    startup_stm32f407xx.o(RESET) refers to stm32f4xx_it.o(i.SysTick_Handler) for SysTick_Handler
    startup_stm32f407xx.o(RESET) refers to usart.o(i.USART1_IRQHandler) for USART1_IRQHandler
    startup_stm32f407xx.o(.text) refers (Special) to heapauxi.o(.text) for __use_two_region_memory
    startup_stm32f407xx.o(.text) refers to system_stm32f4xx.o(i.SystemInit) for SystemInit
    startup_stm32f407xx.o(.text) refers to __main.o(!!!main) for __main
    startup_stm32f407xx.o(.text) refers to startup_stm32f407xx.o(HEAP) for Heap_Mem
    startup_stm32f407xx.o(.text) refers to startup_stm32f407xx.o(STACK) for Stack_Mem
    main.o(i.compass_calibration) refers to _printf_percent.o(.ARM.Collect$$_printf_percent$$00000000) for _printf_percent
    main.o(i.compass_calibration) refers to _printf_d.o(.ARM.Collect$$_printf_percent$$00000009) for _printf_d
    main.o(i.compass_calibration) refers to _printf_dec.o(.text) for _printf_int_dec
    main.o(i.compass_calibration) refers to lcd.o(i.lcd_clear) for lcd_clear
    main.o(i.compass_calibration) refers to lcd.o(i.lcd_show_string) for lcd_show_string
    main.o(i.compass_calibration) refers to key.o(i.key_scan) for key_scan
    main.o(i.compass_calibration) refers to st480mc.o(i.st480mc_read_magdata) for st480mc_read_magdata
    main.o(i.compass_calibration) refers to stm32f4xx_hal_gpio.o(i.HAL_GPIO_TogglePin) for HAL_GPIO_TogglePin
    main.o(i.compass_calibration) refers to noretval__2printf.o(.text) for __2printf
    main.o(i.compass_calibration) refers to main.o(.data) for g_magx_offset
    main.o(i.compass_get_angle) refers to st480mc.o(i.st480mc_read_magdata_average) for st480mc_read_magdata_average
    main.o(i.compass_get_angle) refers to dflt_clz.o(x$fpl$dflt) for __aeabi_i2d
    main.o(i.compass_get_angle) refers to ddiv.o(x$fpl$ddiv) for __aeabi_ddiv
    main.o(i.compass_get_angle) refers to atan.o(i.__hardfp_atan) for __hardfp_atan
    main.o(i.compass_get_angle) refers to dmul.o(x$fpl$dmul) for __aeabi_dmul
    main.o(i.compass_get_angle) refers to d2f.o(x$fpl$d2f) for __aeabi_d2f
    main.o(i.compass_get_angle) refers to daddsub_clz.o(x$fpl$dadd) for __aeabi_dadd
    main.o(i.compass_get_angle) refers to main.o(.data) for g_magx_offset
    main.o(i.main) refers to stm32f4xx_hal.o(i.HAL_Init) for HAL_Init
    main.o(i.main) refers to sys.o(i.sys_stm32_clock_init) for sys_stm32_clock_init
    main.o(i.main) refers to delay.o(i.delay_init) for delay_init
    main.o(i.main) refers to usart.o(i.usart_init) for usart_init
    main.o(i.main) refers to led.o(i.led_init) for led_init
    main.o(i.main) refers to key.o(i.key_init) for key_init
    main.o(i.main) refers to lcd.o(i.lcd_init) for lcd_init
    main.o(i.main) refers to lcd.o(i.lcd_show_string) for lcd_show_string
    main.o(i.main) refers to delay.o(i.delay_ms) for delay_ms
    main.o(i.main) refers to lcd.o(i.lcd_fill) for lcd_fill
    main.o(i.main) refers to st480mc.o(i.st480mc_init) for st480mc_init
    main.o(i.main) refers to key.o(i.key_scan) for key_scan
    main.o(i.main) refers to main.o(i.compass_calibration) for compass_calibration
    main.o(i.main) refers to lcd.o(i.lcd_clear) for lcd_clear
    main.o(i.main) refers to main.o(i.compass_get_angle) for compass_get_angle
    main.o(i.main) refers to main.o(i.user_show_angle) for user_show_angle
    main.o(i.main) refers to st480mc.o(i.st480mc_read_temperature) for st480mc_read_temperature
    main.o(i.main) refers to main.o(i.user_show_temprate) for user_show_temprate
[...]
    i.HAL_NVIC_EnableIRQ                     0x08001aee   Section        0  stm32f4xx_hal_cortex.o(i.HAL_NVIC_EnableIRQ)
    i.HAL_NVIC_SetPriority                   0x08001b0e   Section        0  stm32f4xx_hal_cortex.o(i.HAL_NVIC_SetPriority)
    i.HAL_NVIC_SetPriorityGrouping           0x08001b8c   Section        0  stm32f4xx_hal_cortex.o(i.HAL_NVIC_SetPriorityGrouping)
    i.HAL_RCC_ClockConfig                    0x08001bb4   Section        0  stm32f4xx_hal_rcc.o(i.HAL_RCC_ClockConfig)
    i.HAL_RCC_GetHCLKFreq                    0x08001d38   Section        0  stm32f4xx_hal_rcc.o(i.HAL_RCC_GetHCLKFreq)
    i.HAL_RCC_GetPCLK1Freq                   0x08001d44   Section        0  stm32f4xx_hal_rcc.o(i.HAL_RCC_GetPCLK1Freq)
    i.HAL_RCC_GetPCLK2Freq                   0x08001d64   Section        0  stm32f4xx_hal_rcc.o(i.HAL_RCC_GetPCLK2Freq)
    i.HAL_RCC_GetSysClockFreq                0x08001d84   Section        0  stm32f4xx_hal_rcc.o(i.HAL_RCC_GetSysClockFreq)
    i.HAL_RCC_OscConfig                      0x08001e34   Section        0  stm32f4xx_hal_rcc.o(i.HAL_RCC_OscConfig)
    i.HAL_SRAM_Init                          0x080022d0   Section        0  stm32f4xx_hal_sram.o(i.HAL_SRAM_Init)
    i.HAL_SRAM_MspInit                       0x08002328   Section        0  lcd.o(i.HAL_SRAM_MspInit)
    i.HAL_SYSTICK_Config                     0x080023cc   Section        0  stm32f4xx_hal_cortex.o(i.HAL_SYSTICK_Config)
    i.HAL_UARTEx_RxEventCallback             0x08002400   Section        0  stm32f4xx_hal_uart.o(i.HAL_UARTEx_RxEventCallback)
    i.HAL_UART_ErrorCallback                 0x08002402   Section        0  stm32f4xx_hal_uart.o(i.HAL_UART_ErrorCallback)
    i.HAL_UART_IRQHandler                    0x08002404   Section        0  stm32f4xx_hal_uart.o(i.HAL_UART_IRQHandler)
    i.HAL_UART_Init                          0x08002654   Section        0  stm32f4xx_hal_uart.o(i.HAL_UART_Init)
    i.HAL_UART_MspInit                       0x080026c8   Section        0  usart.o(i.HAL_UART_MspInit)
    i.HAL_UART_Receive_IT                    0x08002794   Section        0  stm32f4xx_hal_uart.o(i.HAL_UART_Receive_IT)
    i.HAL_UART_RxCpltCallback                0x080027d8   Section        0  usart.o(i.HAL_UART_RxCpltCallback)
    i.HAL_UART_TxCpltCallback                0x08002874   Section        0  stm32f4xx_hal_uart.o(i.HAL_UART_TxCpltCallback)
    i.HardFault_Handler                      0x08002876   Section        0  stm32f4xx_it.o(i.HardFault_Handler)
    i.MemManage_Handler                      0x0800287a   Section        0  stm32f4xx_it.o(i.MemManage_Handler)
    i.NMI_Handler                            0x0800287e   Section        0  stm32f4xx_it.o(i.NMI_Handler)
    i.PendSV_Handler                         0x08002880   Section        0  stm32f4xx_it.o(i.PendSV_Handler)
    i.SVC_Handler                            0x08002882   Section        0  stm32f4xx_it.o(i.SVC_Handler)
    i.SysTick_Handler                        0x08002884   Section        0  stm32f4xx_it.o(i.SysTick_Handler)
    i.SystemInit                             0x0800288c   Section        0  system_stm32f4xx.o(i.SystemInit)
    i.UART_DMAAbortOnError                   0x080028a0   Section        0  stm32f4xx_hal_uart.o(i.UART_DMAAbortOnError)
    UART_DMAAbortOnError                     0x080028a1   Thumb Code    20  stm32f4xx_hal_uart.o(i.UART_DMAAbortOnError)
    i.UART_EndRxTransfer                     0x080028b4   Section        0  stm32f4xx_hal_uart.o(i.UART_EndRxTransfer)
    UART_EndRxTransfer                       0x080028b5   Thumb Code    54  stm32f4xx_hal_uart.o(i.UART_EndRxTransfer)
    i.UART_EndTransmit_IT                    0x080028ea   Section        0  stm32f4xx_hal_uart.o(i.UART_EndTransmit_IT)
    UART_EndTransmit_IT                      0x080028eb   Thumb Code    32  stm32f4xx_hal_uart.o(i.UART_EndTransmit_IT)
    i.UART_Receive_IT                        0x0800290a   Section        0  stm32f4xx_hal_uart.o(i.UART_Receive_IT)
    UART_Receive_IT                          0x0800290b   Thumb Code   190  stm32f4xx_hal_uart.o(i.UART_Receive_IT)
    i.UART_SetConfig                         0x080029c8   Section        0  stm32f4xx_hal_uart.o(i.UART_SetConfig)
    UART_SetConfig                           0x080029c9   Thumb Code   546  stm32f4xx_hal_uart.o(i.UART_SetConfig)
    i.UART_Start_Receive_IT                  0x08002bf4   Section        0  stm32f4xx_hal_uart.o(i.UART_Start_Receive_IT)
    i.UART_Transmit_IT                       0x08002c3a   Section        0  stm32f4xx_hal_uart.o(i.UART_Transmit_IT)
    UART_Transmit_IT                         0x08002c3b   Thumb Code    96  stm32f4xx_hal_uart.o(i.UART_Transmit_IT)
    i.USART1_IRQHandler                      0x08002c9c   Section        0  usart.o(i.USART1_IRQHandler)
    i.UsageFault_Handler                     0x08002cac   Section        0  stm32f4xx_it.o(i.UsageFault_Handler)
    i.__ARM_fpclassify                       0x08002cb0   Section        0  fpclassify.o(i.__ARM_fpclassify)
    i.__NVIC_GetPriorityGrouping             0x08002ce0   Section        0  stm32f4xx_hal_cortex.o(i.__NVIC_GetPriorityGrouping)
    __NVIC_GetPriorityGrouping               0x08002ce1   Thumb Code    10  stm32f4xx_hal_cortex.o(i.__NVIC_GetPriorityGrouping)
    i.__NVIC_SetPriority                     0x08002cf0   Section        0  stm32f4xx_hal_cortex.o(i.__NVIC_SetPriority)
    __NVIC_SetPriority                       0x08002cf1   Thumb Code    32  stm32f4xx_hal_cortex.o(i.__NVIC_SetPriority)
    i.__hardfp_atan                          0x08002d18   Section        0  atan.o(i.__hardfp_atan)
    i.__kernel_poly                          0x08002ff0   Section        0  poly.o(i.__kernel_poly)
    i.__mathlib_dbl_infnan                   0x080030e8   Section        0  dunder.o(i.__mathlib_dbl_infnan)
    i.__mathlib_dbl_underflow                0x08003100   Section        0  dunder.o(i.__mathlib_dbl_underflow)
    i._is_digit                              0x08003120   Section        0  __printf_wp.o(i._is_digit)
    i._sys_exit                              0x0800312e   Section        0  usart.o(i._sys_exit)
    i.compass_calibration                    0x08003134   Section        0  main.o(i.compass_calibration)
    i.compass_get_angle                      0x08003324   Section        0  main.o(i.compass_get_angle)
    i.delay_init                             0x08003558   Section        0  delay.o(i.delay_init)
    i.delay_ms                               0x08003564   Section        0  delay.o(i.delay_ms)
    i.delay_us                               0x08003578   Section        0  delay.o(i.delay_us)
    i.fabs                                   0x080035c0   Section        0  fabs.o(i.fabs)
    i.fputc                                  0x080035d8   Section        0  usart.o(i.fputc)
    i.iic_ack                                0x080035f4   Section        0  myiic.o(i.iic_ack)
    i.iic_delay                              0x08003648   Section        0  myiic.o(i.iic_delay)
    iic_delay                                0x08003649   Thumb Code    10  myiic.o(i.iic_delay)
    i.iic_init                               0x08003654   Section        0  myiic.o(i.iic_init)
    i.iic_nack                               0x080036d8   Section        0  myiic.o(i.iic_nack)
    i.iic_read_byte                          0x08003718   Section        0  myiic.o(i.iic_read_byte)
    i.iic_send_byte                          0x08003778   Section        0  myiic.o(i.iic_send_byte)
    i.iic_start                              0x080037ec   Section        0  myiic.o(i.iic_start)
    i.iic_stop                               0x0800383c   Section        0  myiic.o(i.iic_stop)
    i.iic_wait_ack                           0x0800387c   Section        0  myiic.o(i.iic_wait_ack)
    i.key_init                               0x080038e4   Section        0  key.o(i.key_init)
    i.key_scan                               0x080039c4   Section        0  key.o(i.key_scan)
    i.lcd_clear                              0x08003a88   Section        0  lcd.o(i.lcd_clear)
    i.lcd_display_dir                        0x08003abc   Section        0  lcd.o(i.lcd_display_dir)
    i.lcd_draw_point                         0x08003c28   Section        0  lcd.o(i.lcd_draw_point)
    i.lcd_ex_ili9341_reginit                 0x08003c48   Section        0  lcd.o(i.lcd_ex_ili9341_reginit)
    i.lcd_ex_ili9806_reginit                 0x08003e74   Section        0  lcd.o(i.lcd_ex_ili9806_reginit)
    i.lcd_ex_nt35310_reginit                 0x080041b4   Section        0  lcd.o(i.lcd_ex_nt35310_reginit)
    i.lcd_ex_nt35510_reginit                 0x080050a6   Section        0  lcd.o(i.lcd_ex_nt35510_reginit)
    i.lcd_ex_ssd1963_reginit                 0x08005fa2   Section        0  lcd.o(i.lcd_ex_ssd1963_reginit)
    i.lcd_ex_st7789_reginit                  0x08006110   Section        0  lcd.o(i.lcd_ex_st7789_reginit)
    i.lcd_ex_st7796_reginit                  0x080062b8   Section        0  lcd.o(i.lcd_ex_st7796_reginit)
    i.lcd_fill                               0x08006480   Section        0  lcd.o(i.lcd_fill)
    i.lcd_init                               0x080064d4   Section        0  lcd.o(i.lcd_init)
    i.lcd_opt_delay                          0x080069fc   Section        0  lcd.o(i.lcd_opt_delay)
    lcd_opt_delay                            0x080069fd   Thumb Code    12  lcd.o(i.lcd_opt_delay)
    i.lcd_rd_data                            0x08006a08   Section        0  lcd.o(i.lcd_rd_data)
    lcd_rd_data                              0x08006a09   Thumb Code    20  lcd.o(i.lcd_rd_data)
    i.lcd_scan_dir                           0x08006a20   Section        0  lcd.o(i.lcd_scan_dir)
    i.lcd_set_cursor                         0x08006c5c   Section        0  lcd.o(i.lcd_set_cursor)
    i.lcd_show_char                          0x08006d7c   Section        0  lcd.o(i.lcd_show_char)
    i.lcd_show_string                        0x08006ebc   Section        0  lcd.o(i.lcd_show_string)
    i.lcd_ssd_backlight_set                  0x08006f28   Section        0  lcd.o(i.lcd_ssd_backlight_set)
    i.lcd_wr_data                            0x08006f88   Section        0  lcd.o(i.lcd_wr_data)
    i.lcd_wr_regno                           0x08006fa0   Section        0  lcd.o(i.lcd_wr_regno)
    i.lcd_write_ram_prepare                  0x08006fb8   Section        0  lcd.o(i.lcd_write_ram_prepare)
    i.lcd_write_reg                          0x08006fcc   Section        0  lcd.o(i.lcd_write_reg)
    i.led_init                               0x08006fe0   Section        0  led.o(i.led_init)
    i.main                                   0x08007078   Section        0  main.o(i.main)
    i.st480mc_init                           0x08007258   Section        0  st480mc.o(i.st480mc_init)
    i.st480mc_read_magdata                   0x08007288   Section        0  st480mc.o(i.st480mc_read_magdata)
    i.st480mc_read_magdata_average           0x080072ee   Section        0  st480mc.o(i.st480mc_read_magdata_average)
    i.st480mc_read_nbytes                    0x08007376   Section        0  st480mc.o(i.st480mc_read_nbytes)
    i.st480mc_read_temperature               0x080073d0   Section        0  st480mc.o(i.st480mc_read_temperature)
    i.sys_stm32_clock_init                   0x08007444   Section        0  sys.o(i.sys_stm32_clock_init)
    i.usart_init                             0x08007520   Section        0  usart.o(i.usart_init)
    i.user_show_angle                        0x08007558   Section        0  main.o(i.user_show_angle)
    i.user_show_mag                          0x080075cc   Section        0  main.o(i.user_show_mag)
    i.user_show_temprate                     0x08007624   Section        0  main.o(i.user_show_temprate)
    locale$$code                             0x08007694   Section       44  lc_numeric_c.o(locale$$code)
    x$fpl$basic                              0x080076c0   Section       24  basic.o(x$fpl$basic)
    $v0                                      0x080076c0   Number         0  basic.o(x$fpl$basic)
    x$fpl$d2f                                0x080076d8   Section       98  d2f.o(x$fpl$d2f)
    $v0                                      0x080076d8   Number         0  d2f.o(x$fpl$d2f)
    x$fpl$dadd                               0x0800773c   Section      336  daddsub_clz.o(x$fpl$dadd)
    $v0                                      0x0800773c   Number         0  daddsub_clz.o(x$fpl$dadd)
    _dadd1                                   0x0800774d   Thumb Code     0  daddsub_clz.o(x$fpl$dadd)
    x$fpl$ddiv                               0x0800788c   Section      688  ddiv.o(x$fpl$ddiv)
    $v0                                      0x0800788c   Number         0  ddiv.o(x$fpl$ddiv)
    ddiv_entry                               0x08007893   Thumb Code     0  ddiv.o(x$fpl$ddiv)
    x$fpl$dfixu                              0x08007b3c   Section       90  dfixu.o(x$fpl$dfixu)
    $v0                                      0x08007b3c   Number         0  dfixu.o(x$fpl$dfixu)
    x$fpl$dflt                               0x08007b96   Section       46  dflt_clz.o(x$fpl$dflt)
    $v0                                      0x08007b96   Number         0  dflt_clz.o(x$fpl$dflt)
    x$fpl$dfltu                              0x08007bc4   Section       38  dflt_clz.o(x$fpl$dfltu)
    $v0                                      0x08007bc4   Number         0  dflt_clz.o(x$fpl$dfltu)
    x$fpl$dmul                               0x08007bec   Section      340  dmul.o(x$fpl$dmul)
    $v0                                      0x08007bec   Number         0  dmul.o(x$fpl$dmul)
    x$fpl$dnaninf                            0x08007d40   Section      156  dnaninf.o(x$fpl$dnaninf)
    $v0                                      0x08007d40   Number         0  dnaninf.o(x$fpl$dnaninf)
    x$fpl$dretinf                            0x08007ddc   Section       12  dretinf.o(x$fpl$dretinf)
    $v0                                      0x08007ddc   Number         0  dretinf.o(x$fpl$dretinf)
    x$fpl$drsb                               0x08007de8   Section       22  daddsub_clz.o(x$fpl$drsb)
    $v0                                      0x08007de8   Number         0  daddsub_clz.o(x$fpl$drsb)
    x$fpl$dsub                               0x08007e00   Section      468  daddsub_clz.o(x$fpl$dsub)
    $v0                                      0x08007e00   Number         0  daddsub_clz.o(x$fpl$dsub)
    _dsub1                                   0x08007e11   Thumb Code     0  daddsub_clz.o(x$fpl$dsub)
    x$fpl$f2d                                0x08007fd4   Section       86  f2d.o(x$fpl$f2d)
    $v0                                      0x08007fd4   Number         0  f2d.o(x$fpl$f2d)
    x$fpl$fnaninf                            0x0800802a   Section      140  fnaninf.o(x$fpl$fnaninf)
    $v0                                      0x0800802a   Number         0  fnaninf.o(x$fpl$fnaninf)
    x$fpl$fpinit                             0x080080b6   Section       10  fpinit.o(x$fpl$fpinit)
    $v0                                      0x080080b6   Number         0  fpinit.o(x$fpl$fpinit)
    x$fpl$fretinf                            0x080080c0   Section       10  fretinf.o(x$fpl$fretinf)
    $v0                                      0x080080c0   Number         0  fretinf.o(x$fpl$fretinf)
    x$fpl$printf1                            0x080080ca   Section        4  printf1.o(x$fpl$printf1)
    $v0                                      0x080080ca   Number         0  printf1.o(x$fpl$printf1)
    .constdata                               0x080080ce   Section       24  system_stm32f4xx.o(.constdata)
    x$fpl$usenofp                            0x080080ce   Section        0  usenofp.o(x$fpl$usenofp)
    .constdata                               0x080080e6   Section    12160  lcd.o(.constdata)
    .constdata                               0x0800b066   Section       40  _printf_hex_int.o(.constdata)
    uc_hextab                                0x0800b066   Data          20  _printf_hex_int.o(.constdata)
    lc_hextab                                0x0800b07a   Data          20  _printf_hex_int.o(.constdata)
    .constdata                               0x0800b090   Section      152  atan.o(.constdata)
    atanhi                                   0x0800b090   Data          32  atan.o(.constdata)
    atanlo                                   0x0800b0b0   Data          32  atan.o(.constdata)
    aTodd                                    0x0800b0d0   Data          40  atan.o(.constdata)
    aTeven                                   0x0800b0f8   Data          48  atan.o(.constdata)
    .constdata                               0x0800b128   Section      148  bigflt0.o(.constdata)
    tenpwrs_x                                0x0800b128   Data          60  bigflt0.o(.constdata)
    tenpwrs_i                                0x0800b164   Data          64  bigflt0.o(.constdata)
    locale$$data                             0x0800b1dc   Section       28  lc_numeric_c.o(locale$$data)
    __lcnum_c_name                           0x0800b1e0   Data           2  lc_numeric_c.o(locale$$data)
    __lcnum_c_start                          0x0800b1e8   Data           0  lc_numeric_c.o(locale$$data)
    __lcnum_c_point                          0x0800b1f4   Data           0  lc_numeric_c.o(locale$$data)
    __lcnum_c_thousands                      0x0800b1f6   Data           0  lc_numeric_c.o(locale$$data)
    __lcnum_c_grouping                       0x0800b1f7   Data           0  lc_numeric_c.o(locale$$data)
    __lcnum_c_end                            0x0800b1f8   Data           0  lc_numeric_c.o(locale$$data)
    .data                                    0x20000000   Section        4  main.o(.data)
    .data                                    0x20000004   Section        4  system_stm32f4xx.o(.data)
    .data                                    0x20000008   Section        4  delay.o(.data)
    g_fac_us                                 0x20000008   Data           4  delay.o(.data)
    .data                                    0x2000000c   Section        7  usart.o(.data)
    .data                                    0x20000014   Section        9  stm32f4xx_hal.o(.data)
    .data                                    0x2000001d   Section        1  key.o(.data)
    key_up                                   0x2000001d   Data           1  key.o(.data)
    .data                                    0x20000020   Section        8  lcd.o(.data)
    .bss                                     0x20000028   Section      268  usart.o(.bss)
    .bss                                     0x20000134   Section       94  lcd.o(.bss)
    .bss                                     0x20000194   Section       96  libspace.o(.bss)
    HEAP                                     0x200001f8   Section        0  startup_stm32f407xx.o(HEAP)
    STACK                                    0x200001f8   Section     1024  startup_stm32f407xx.o(STACK)
    Heap_Mem                                 0x200001f8   Data           0  startup_stm32f407xx.o(HEAP)
    Stack_Mem                                0x200001f8   Data        1024  startup_stm32f407xx.o(STACK)
    __initial_sp                             0x200005f8   Data           0  startup_stm32f407xx.o(STACK)

    Global Symbols

    Symbol Name                              Value     Ov Type        Size  Object(Section)

    BuildAttributes$$THM_ISAv4$E$P$D$K$B$S$7EM$VFPi3$EXTD16$VFPS$VFMA$PE$A:L22UL41UL21$X:L11$S22US41US21$IEEE1$IW$USESV6$~STKCKD$USESV7$~SHL$OTIME$ROPI$IEEEX$EBA8$UX$STANDARDLIB$REQ8$PRES8$EABIv2 0x00000000   Number         0  anon$$obj.o ABSOLUTE
    __ARM_use_no_argv                        0x00000000   Number         0  main.o ABSOLUTE
    _printf_flags                            0x00000000   Number         0  printf_stubs.o ABSOLUTE
    _printf_return_value                     0x00000000   Number         0  printf_stubs.o ABSOLUTE
    _printf_sizespec                         0x00000000   Number         0  printf_stubs.o ABSOLUTE
    _printf_widthprec                        0x00000000   Number         0  printf_stubs.o ABSOLUTE
    __ARM_exceptions_init                     - Undefined Weak Reference
    __alloca_initialize                       - Undefined Weak Reference
    __arm_preinit_                            - Undefined Weak Reference
    __cpp_initialize__aeabi_                  - Undefined Weak Reference
    __cxa_finalize                            - Undefined Weak Reference
    __sigvec_lookup                           - Undefined Weak Reference
    _atexit_init                              - Undefined Weak Reference
    _call_atexit_fns                          - Undefined Weak Reference
    _clock_init                               - Undefined Weak Reference
    _fp_trap_init                             - Undefined Weak Reference
    _fp_trap_shutdown                         - Undefined Weak Reference
    _get_lc_collate                           - Undefined Weak Reference
    _get_lc_ctype                             - Undefined Weak Reference
    _get_lc_monetary                          - Undefined Weak Reference
    _get_lc_time                              - Undefined Weak Reference
    _getenv_init                              - Undefined Weak Reference
    _handle_redirection                       - Undefined Weak Reference
    _init_alloc                               - Undefined Weak Reference
    _init_user_alloc                          - Undefined Weak Reference
    _initio                                   - Undefined Weak Reference
    _mutex_acquire                            - Undefined Weak Reference
    _mutex_release                            - Undefined Weak Reference
    _printf_mbtowc                            - Undefined Weak Reference
    _printf_truncate_signed                   - Undefined Weak Reference
    _printf_truncate_unsigned                 - Undefined Weak Reference
    _rand_init                                - Undefined Weak Reference
    _signal_finish                            - Undefined Weak Reference
    _signal_init                              - Undefined Weak Reference
    _terminate_alloc                          - Undefined Weak Reference
    _terminate_user_alloc                     - Undefined Weak Reference
    _terminateio                              - Undefined Weak Reference
    __Vectors_Size                           0x00000188   Number         0  startup_stm32f407xx.o ABSOLUTE
    __Vectors                                0x08000000   Data           4  startup_stm32f407xx.o(RESET)
    __Vectors_End                            0x08000188   Data           0  startup_stm32f407xx.o(RESET)
    __main                                   0x08000189   Thumb Code     8  __main.o(!!!main)
    __scatterload                            0x08000191   Thumb Code     0  __scatter.o(!!!scatter)
    __scatterload_rt2                        0x08000191   Thumb Code    44  __scatter.o(!!!scatter)
    __scatterload_rt2_thumb_only             0x08000191   Thumb Code     0  __scatter.o(!!!scatter)
    __scatterload_null                       0x0800019f   Thumb Code     0  __scatter.o(!!!scatter)
    __scatterload_copy                       0x080001c5   Thumb Code    26  __scatter_copy.o(!!handler_copy)
    __scatterload_zeroinit                   0x080001e1   Thumb Code    28  __scatter_zi.o(!!handler_zi)
    _printf_f                                0x080001fd   Thumb Code     0  _printf_f.o(.ARM.Collect$$_printf_percent$$00000003)
    _printf_percent                          0x080001fd   Thumb Code     0  _printf_percent.o(.ARM.Collect$$_printf_percent$$00000000)
    _printf_d                                0x08000203   Thumb Code     0  _printf_d.o(.ARM.Collect$$_printf_percent$$00000009)
    _printf_x                                0x08000209   Thumb Code     0  _printf_x.o(.ARM.Collect$$_printf_percent$$0000000C)
    _printf_s                                0x0800020f   Thumb Code     0  _printf_s.o(.ARM.Collect$$_printf_percent$$00000014)
    _printf_percent_end                      0x08000215   Thumb Code     0  _printf_percent_end.o(.ARM.Collect$$_printf_percent$$00000017)
    __rt_lib_init                            0x08000219   Thumb Code     0  libinit.o(.ARM.Collect$$libinit$$00000000)
    __rt_lib_init_fp_1                       0x0800021b   Thumb Code     0  libinit2.o(.ARM.Collect$$libinit$$00000001)
    __rt_lib_init_heap_1                     0x0800021f   Thumb Code     0  libinit2.o(.ARM.Collect$$libinit$$0000000A)
    __rt_lib_init_lc_common                  0x0800021f   Thumb Code     0  libinit2.o(.ARM.Collect$$libinit$$0000000F)
    __rt_lib_init_preinit_1                  0x0800021f   Thumb Code     0  libinit2.o(.ARM.Collect$$libinit$$00000004)
    __rt_lib_init_rand_1                     0x0800021f   Thumb Code     0  libinit2.o(.ARM.Collect$$libinit$$0000000E)
    __rt_lib_init_user_alloc_1               0x0800021f   Thumb Code     0  libinit2.o(.ARM.Collect$$libinit$$0000000C)
    __rt_lib_init_lc_collate_1               0x08000225   Thumb Code     0  libinit2.o(.ARM.Collect$$libinit$$00000011)
    __rt_lib_init_lc_ctype_1                 0x08000225   Thumb Code     0  libinit2.o(.ARM.Collect$$libinit$$00000013)
    __rt_lib_init_lc_monetary_1              0x08000225   Thumb Code     0  libinit2.o(.ARM.Collect$$libinit$$00000015)
    __rt_lib_init_lc_numeric_2               0x08000225   Thumb Code     0  libinit2.o(.ARM.Collect$$libinit$$00000016)
    __rt_lib_init_alloca_1                   0x0800022f   Thumb Code     0  libinit2.o(.ARM.Collect$$libinit$$0000002E)
    __rt_lib_init_argv_1                     0x0800022f   Thumb Code     0  libinit2.o(.ARM.Collect$$libinit$$0000002C)
    __rt_lib_init_atexit_1                   0x0800022f   Thumb Code     0  libinit2.o(.ARM.Collect$$libinit$$0000001B)
    __rt_lib_init_clock_1                    0x0800022f   Thumb Code     0  libinit2.o(.ARM.Collect$$libinit$$00000021)
    __rt_lib_init_cpp_1                      0x0800022f   Thumb Code     0  libinit2.o(.ARM.Collect$$libinit$$00000032)
    __rt_lib_init_exceptions_1               0x0800022f   Thumb Code     0  libinit2.o(.ARM.Collect$$libinit$$00000030)
    __rt_lib_init_fp_trap_1                  0x0800022f   Thumb Code     0  libinit2.o(.ARM.Collect$$libinit$$0000001F)
    __rt_lib_init_getenv_1                   0x0800022f   Thumb Code     0  libinit2.o(.ARM.Collect$$libinit$$00000023)
    __rt_lib_init_lc_numeric_1               0x0800022f   Thumb Code     0  libinit2.o(.ARM.Collect$$libinit$$00000017)
    __rt_lib_init_lc_time_1                  0x0800022f   Thumb Code     0  libinit2.o(.ARM.Collect$$libinit$$00000019)
    __rt_lib_init_return                     0x0800022f   Thumb Code     0  libinit2.o(.ARM.Collect$$libinit$$00000033)
    __rt_lib_init_signal_1                   0x0800022f   Thumb Code     0  libinit2.o(.ARM.Collect$$libinit$$0000001D)
    __rt_lib_init_stdio_1                    0x0800022f   Thumb Code     0  libinit2.o(.ARM.Collect$$libinit$$00000025)
    __rt_lib_shutdown                        0x08000231   Thumb Code     0  libshutdown.o(.ARM.Collect$$libshutdown$$00000000)
    __rt_lib_shutdown_fp_trap_1              0x08000233   Thumb Code     0  libshutdown2.o(.ARM.Collect$$libshutdown$$00000006)
    __rt_lib_shutdown_heap_1                 0x08000233   Thumb Code     0  libshutdown2.o(.ARM.Collect$$libshutdown$$0000000E)
    __rt_lib_shutdown_return                 0x08000233   Thumb Code     0  libshutdown2.o(.ARM.Collect$$libshutdown$$0000000F)
    __rt_lib_shutdown_signal_1               0x08000233   Thumb Code     0  libshutdown2.o(.ARM.Collect$$libshutdown$$00000009)
    __rt_lib_shutdown_stdio_1                0x08000233   Thumb Code     0  libshutdown2.o(.ARM.Collect$$libshutdown$$00000003)
    __rt_lib_shutdown_user_alloc_1           0x08000233   Thumb Code     0  libshutdown2.o(.ARM.Collect$$libshutdown$$0000000B)
    __rt_entry                               0x08000235   Thumb Code     0  __rtentry.o(.ARM.Collect$$rtentry$$00000000)
    __rt_entry_presh_1                       0x08000235   Thumb Code     0  __rtentry2.o(.ARM.Collect$$rtentry$$00000002)
    __rt_entry_sh                            0x08000235   Thumb Code     0  __rtentry4.o(.ARM.Collect$$rtentry$$00000004)
    __rt_entry_li                            0x0800023b   Thumb Code     0  __rtentry2.o(.ARM.Collect$$rtentry$$0000000A)
    __rt_entry_postsh_1                      0x0800023b   Thumb Code     0  __rtentry2.o(.ARM.Collect$$rtentry$$00000009)
    __rt_entry_main                          0x0800023f   Thumb Code     0  __rtentry2.o(.ARM.Collect$$rtentry$$0000000D)
    __rt_entry_postli_1                      0x0800023f   Thumb Code     0  __rtentry2.o(.ARM.Collect$$rtentry$$0000000C)
    __rt_exit                                0x08000247   Thumb Code     0  rtexit.o(.ARM.Collect$$rtexit$$00000000)
    __rt_exit_ls                             0x08000249   Thumb Code     0  rtexit2.o(.ARM.Collect$$rtexit$$00000003)
    __rt_exit_prels_1                        0x08000249   Thumb Code     0  rtexit2.o(.ARM.Collect$$rtexit$$00000002)
    __rt_exit_exit                           0x0800024d   Thumb Code     0  rtexit2.o(.ARM.Collect$$rtexit$$00000004)
    Reset_Handler                            0x08000255   Thumb Code    18  startup_stm32f407xx.o(.text)
    ADC_IRQHandler                           0x08000279   Thumb Code     0  startup_stm32f407xx.o(.text)
    CAN1_RX0_IRQHandler                      0x08000279   Thumb Code     0  startup_stm32f407xx.o(.text)
    CAN1_RX1_IRQHandler                      0x08000279   Thumb Code     0  startup_stm32f407xx.o(.text)
    CAN1_SCE_IRQHandler                      0x08000279   Thumb Code     0  startup_stm32f407xx.o(.text)
    CAN1_TX_IRQHandler                       0x08000279   Thumb Code     0  startup_stm32f407xx.o(.text)
    CAN2_RX0_IRQHandler                      0x08000279   Thumb Code     0  startup_stm32f407xx.o(.text)
    CAN2_RX1_IRQHandler                      0x08000279   Thumb Code     0  startup_stm32f407xx.o(.text)
    CAN2_SCE_IRQHandler                      0x08000279   Thumb Code     0  startup_stm32f407xx.o(.text)
    CAN2_TX_IRQHandler                       0x08000279   Thumb Code     0  startup_stm32f407xx.o(.text)
    DCMI_IRQHandler                          0x08000279   Thumb Code     0  startup_stm32f407xx.o(.text)
    DMA1_Stream0_IRQHandler                  0x08000279   Thumb Code     0  startup_stm32f407xx.o(.text)
    DMA1_Stream1_IRQHandler                  0x08000279   Thumb Code     0  startup_stm32f407xx.o(.text)
    DMA1_Stream2_IRQHandler                  0x08000279   Thumb Code     0  startup_stm32f407xx.o(.text)
    DMA1_Stream3_IRQHandler                  0x08000279   Thumb Code     0  startup_stm32f407xx.o(.text)
    DMA1_Stream4_IRQHandler                  0x08000279   Thumb Code     0  startup_stm32f407xx.o(.text)
    DMA1_Stream5_IRQHandler                  0x08000279   Thumb Code     0  startup_stm32f407xx.o(.text)
    DMA1_Stream6_IRQHandler                  0x08000279   Thumb Code     0  startup_stm32f407xx.o(.text)
    DMA1_Stream7_IRQHandler                  0x08000279   Thumb Code     0  startup_stm32f407xx.o(.text)
    DMA2_Stream0_IRQHandler                  0x08000279   Thumb Code     0  startup_stm32f407xx.o(.text)
    DMA2_Stream1_IRQHandler                  0x08000279   Thumb Code     0  startup_stm32f407xx.o(.text)
    DMA2_Stream2_IRQHandler                  0x08000279   Thumb Code     0  startup_stm32f407xx.o(.text)
    DMA2_Stream3_IRQHandler                  0x08000279   Thumb Code     0  startup_stm32f407xx.o(.text)
    DMA2_Stream4_IRQHandler                  0x08000279   Thumb Code     0  startup_stm32f407xx.o(.text)
    DMA2_Stream5_IRQHandler                  0x08000279   Thumb Code     0  startup_stm32f407xx.o(.text)
    DMA2_Stream6_IRQHandler                  0x08000279   Thumb Code     0  startup_stm32f407xx.o(.text)
    DMA2_Stream7_IRQHandler                  0x08000279   Thumb Code     0  startup_stm32f407xx.o(.text)
    ETH_IRQHandler                           0x08000279   Thumb Code     0  startup_stm32f407xx.o(.text)
    ETH_WKUP_IRQHandler                      0x08000279   Thumb Code     0  startup_stm32f407xx.o(.text)
    EXTI0_IRQHandler                         0x08000279   Thumb Code     0  startup_stm32f407xx.o(.text)
    EXTI15_10_IRQHandler                     0x08000279   Thumb Code     0  startup_stm32f407xx.o(.text)
    EXTI1_IRQHandler                         0x08000279   Thumb Code     0  startup_stm32f407xx.o(.text)
    EXTI2_IRQHandler                         0x08000279   Thumb Code     0  startup_stm32f407xx.o(.text)
    EXTI3_IRQHandler                         0x08000279   Thumb Code     0  startup_stm32f407xx.o(.text)
    EXTI4_IRQHandler                         0x08000279   Thumb Code     0  startup_stm32f407xx.o(.text)
    EXTI9_5_IRQHandler                       0x08000279   Thumb Code     0  startup_stm32f407xx.o(.text)
    FLASH_IRQHandler                         0x08000279   Thumb Code     0  startup_stm32f407xx.o(.text)
    FMC_IRQHandler                           0x08000279   Thumb Code     0  startup_stm32f407xx.o(.text)
    FPU_IRQHandler                           0x08000279   Thumb Code     0  startup_stm32f407xx.o(.text)
    HASH_RNG_IRQHandler                      0x08000279   Thumb Code     0  startup_stm32f407xx.o(.text)
    I2C1_ER_IRQHandler                       0x08000279   Thumb Code     0  startup_stm32f407xx.o(.text)
    I2C1_EV_IRQHandler                       0x08000279   Thumb Code     0  startup_stm32f407xx.o(.text)
    I2C2_ER_IRQHandler                       0x08000279   Thumb Code     0  startup_stm32f407xx.o(.text)
    I2C2_EV_IRQHandler                       0x08000279   Thumb Code     0  startup_stm32f407xx.o(.text)
    I2C3_ER_IRQHandler                       0x08000279   Thumb Code     0  startup_stm32f407xx.o(.text)
    I2C3_EV_IRQHandler                       0x08000279   Thumb Code     0  startup_stm32f407xx.o(.text)
    OTG_FS_IRQHandler                        0x08000279   Thumb Code     0  startup_stm32f407xx.o(.text)
    OTG_FS_WKUP_IRQHandler                   0x08000279   Thumb Code     0  startup_stm32f407xx.o(.text)
    OTG_HS_EP1_IN_IRQHandler                 0x08000279   Thumb Code     0  startup_stm32f407xx.o(.text)
    OTG_HS_EP1_OUT_IRQHandler                0x08000279   Thumb Code     0  startup_stm32f407xx.o(.text)
    OTG_HS_IRQHandler                        0x08000279   Thumb Code     0  startup_stm32f407xx.o(.text)
    OTG_HS_WKUP_IRQHandler                   0x08000279   Thumb Code     0  startup_stm32f407xx.o(.text)
    PVD_IRQHandler                           0x08000279   Thumb Code     0  startup_stm32f407xx.o(.text)
    RCC_IRQHandler                           0x08000279   Thumb Code     0  startup_stm32f407xx.o(.text)
    RTC_Alarm_IRQHandler                     0x08000279   Thumb Code     0  startup_stm32f407xx.o(.text)
    RTC_WKUP_IRQHandler                      0x08000279   Thumb Code     0  startup_stm32f407xx.o(.text)
    SDIO_IRQHandler                          0x08000279   Thumb Code     0  startup_stm32f407xx.o(.text)
    SPI1_IRQHandler                          0x08000279   Thumb Code     0  startup_stm32f407xx.o(.text)
    SPI2_IRQHandler                          0x08000279   Thumb Code     0  startup_stm32f407xx.o(.text)
    SPI3_IRQHandler                          0x08000279   Thumb Code     0  startup_stm32f407xx.o(.text)
    TAMP_STAMP_IRQHandler                    0x08000279   Thumb Code     0  startup_stm32f407xx.o(.text)
    TIM1_BRK_TIM9_IRQHandler                 0x08000279   Thumb Code     0  startup_stm32f407xx.o(.text)
    TIM1_CC_IRQHandler                       0x08000279   Thumb Code     0  startup_stm32f407xx.o(.text)
    TIM1_TRG_COM_TIM11_IRQHandler            0x08000279   Thumb Code     0  startup_stm32f407xx.o(.text)
    TIM1_UP_TIM10_IRQHandler                 0x08000279   Thumb Code     0  startup_stm32f407xx.o(.text)
    TIM2_IRQHandler                          0x08000279   Thumb Code     0  startup_stm32f407xx.o(.text)
    TIM3_IRQHandler                          0x08000279   Thumb Code     0  startup_stm32f407xx.o(.text)
    TIM4_IRQHandler                          0x08000279   Thumb Code     0  startup_stm32f407xx.o(.text)
    TIM5_IRQHandler                          0x08000279   Thumb Code     0  startup_stm32f407xx.o(.text)
    TIM6_DAC_IRQHandler                      0x08000279   Thumb Code     0  startup_stm32f407xx.o(.text)
    TIM7_IRQHandler                          0x08000279   Thumb Code     0  startup_stm32f407xx.o(.text)
    TIM8_BRK_TIM12_IRQHandler                0x08000279   Thumb Code     0  startup_stm32f407xx.o(.text)
    TIM8_CC_IRQHandler                       0x08000279   Thumb Code     0  startup_stm32f407xx.o(.text)
    TIM8_TRG_COM_TIM14_IRQHandler            0x08000279   Thumb Code     0  startup_stm32f407xx.o(.text)
    TIM8_UP_TIM13_IRQHandler                 0x08000279   Thumb Code     0  startup_stm32f407xx.o(.text)
    UART4_IRQHandler                         0x08000279   Thumb Code     0  startup_stm32f407xx.o(.text)
    UART5_IRQHandler                         0x08000279   Thumb Code     0  startup_stm32f407xx.o(.text)
    USART2_IRQHandler                        0x08000279   Thumb Code     0  startup_stm32f407xx.o(.text)
    USART3_IRQHandler                        0x08000279   Thumb Code     0  startup_stm32f407xx.o(.text)
    USART6_IRQHandler                        0x08000279   Thumb Code     0  startup_stm32f407xx.o(.text)
    WWDG_IRQHandler                          0x08000279   Thumb Code     0  startup_stm32f407xx.o(.text)
    __user_initial_stackheap                 0x0800027d   Thumb Code     0  startup_stm32f407xx.o(.text)
    __use_no_semihosting                     0x080002a1   Thumb Code     2  use_no_semi_2.o(.text)
    __aeabi_uldivmod                         0x080002a3   Thumb Code     0  lludivv7m.o(.text)
    _ll_udiv                                 0x080002a3   Thumb Code   238  lludivv7m.o(.text)
    __2printf                                0x08000391   Thumb Code    20  noretval__2printf.o(.text)
    __2sprintf                               0x080003a9   Thumb Code    34  noretval__2sprintf.o(.text)
    _printf_pre_padding                      0x080003d1   Thumb Code    44  _printf_pad.o(.text)
    _printf_post_padding                     0x080003fd   Thumb Code    34  _printf_pad.o(.text)
    _printf_str                              0x0800041f   Thumb Code    82  _printf_str.o(.text)
    _printf_int_dec                          0x08000471   Thumb Code   104  _printf_dec.o(.text)
    _printf_int_hex                          0x080004e9   Thumb Code    84  _printf_hex_int.o(.text)
    _printf_longlong_hex                     0x080004e9   Thumb Code     0  _printf_hex_int.o(.text)
    __printf                                 0x08000541   Thumb Code   270  __printf_wp.o(.text)
    __aeabi_memclr4                          0x0800064f   Thumb Code     0  rt_memclr_w.o(.text)
    __aeabi_memclr8                          0x0800064f   Thumb Code     0  rt_memclr_w.o(.text)
    __rt_memclr_w                            0x0800064f   Thumb Code    78  rt_memclr_w.o(.text)
    _memset_w                                0x08000653   Thumb Code     0  rt_memclr_w.o(.text)
    __use_two_region_memory                  0x0800069d   Thumb Code     2  heapauxi.o(.text)
    __rt_heap_escrow$2region                 0x0800069f   Thumb Code     2  heapauxi.o(.text)
    __rt_heap_expand$2region                 0x080006a1   Thumb Code     2  heapauxi.o(.text)
    __semihosting$guard                      0x080006a3   Thumb Code     0  use_no_semi.o(.text)
    __use_no_semihosting_swi                 0x080006a3   Thumb Code     2  use_no_semi.o(.text)
    _printf_int_common                       0x080006a5   Thumb Code   178  _printf_intcommon.o(.text)
    __lib_sel_fp_printf                      0x08000757   Thumb Code     2  _printf_fp_dec.o(.text)
    _printf_fp_dec_real                      0x08000905   Thumb Code   620  _printf_fp_dec.o(.text)
    _printf_char_common                      0x08000b7b   Thumb Code    32  _printf_char_common.o(.text)
    _sputc                                   0x08000ba1   Thumb Code    10  _sputc.o(.text)
    _printf_cs_common                        0x08000bab   Thumb Code    20  _printf_char.o(.text)
    _printf_char                             0x08000bbf   Thumb Code    16  _printf_char.o(.text)
    _printf_string                           0x08000bcf   Thumb Code     8  _printf_char.o(.text)
    _printf_char_file                        0x08000bd9   Thumb Code    32  _printf_char_file.o(.text)
    __rt_locale                              0x08000bfd   Thumb Code     8  rt_locale_intlibspace.o(.text)
    _ll_udiv10                               0x08000c05   Thumb Code   138  lludiv10.o(.text)
    _printf_fp_infnan                        0x08000c91   Thumb Code   112  _printf_fp_infnan.o(.text)
    _btod_etento                             0x08000d11   Thumb Code   216  bigflt0.o(.text)
    ferror                                   0x08000ded   Thumb Code     8  ferror.o(.text)
    __user_libspace                          0x08000df5   Thumb Code     8  libspace.o(.text)
    __user_perproc_libspace                  0x08000df5   Thumb Code     0  libspace.o(.text)
    __user_perthread_libspace                0x08000df5   Thumb Code     0  libspace.o(.text)
    __user_setup_stackheap                   0x08000dfd   Thumb Code    74  sys_stackheap_outer.o(.text)
    exit                                     0x08000e47   Thumb Code    12  exit.o(.text)
    strcmp                                   0x08000e55   Thumb Code   128  strcmpv7m.o(.text)
    _btod_d2e                                0x08000ed5   Thumb Code    62  btod.o(CL$$btod_d2e)
    _d2e_denorm_low                          0x08000f13   Thumb Code    70  btod.o(CL$$btod_d2e_denorm_low)
    _d2e_norm_op1                            0x08000f59   Thumb Code    96  btod.o(CL$$btod_d2e_norm_op1)
    __btod_div_common                        0x08000fb9   Thumb Code   696  btod.o(CL$$btod_div_common)
    _e2e                                     0x080012f1   Thumb Code   198  btod.o(CL$$btod_e2e)
    _btod_ediv                               0x080013b7   Thumb Code    40  btod.o(CL$$btod_ediv)
    _btod_emul                               0x080013df   Thumb Code    40  btod.o(CL$$btod_emul)
    __btod_mult_common                       0x08001407   Thumb Code   580  btod.o(CL$$btod_mult_common)
    BusFault_Handler                         0x0800164b   Thumb Code     4  stm32f4xx_it.o(i.BusFault_Handler)
    DebugMon_Handler                         0x0800164f   Thumb Code     2  stm32f4xx_it.o(i.DebugMon_Handler)
    FSMC_NORSRAM_Extended_Timing_Init        0x08001651   Thumb Code    66  stm32f4xx_ll_fsmc.o(i.FSMC_NORSRAM_Extended_Timing_Init)
    FSMC_NORSRAM_Init                        0x08001699   Thumb Code    88  stm32f4xx_ll_fsmc.o(i.FSMC_NORSRAM_Init)
    FSMC_NORSRAM_Timing_Init                 0x080016f5   Thumb Code    68  stm32f4xx_ll_fsmc.o(i.FSMC_NORSRAM_Timing_Init)
    HAL_DMA_Abort                            0x08001739   Thumb Code   170  stm32f4xx_hal_dma.o(i.HAL_DMA_Abort)
    HAL_DMA_Abort_IT                         0x080017e3   Thumb Code    40  stm32f4xx_hal_dma.o(i.HAL_DMA_Abort_IT)
    HAL_GPIO_Init                            0x0800180d   Thumb Code   470  stm32f4xx_hal_gpio.o(i.HAL_GPIO_Init)
    HAL_GPIO_ReadPin                         0x08001a11   Thumb Code    16  stm32f4xx_hal_gpio.o(i.HAL_GPIO_ReadPin)
    HAL_GPIO_TogglePin                       0x08001a21   Thumb Code    20  stm32f4xx_hal_gpio.o(i.HAL_GPIO_TogglePin)
    HAL_GPIO_WritePin                        0x08001a35   Thumb Code    12  stm32f4xx_hal_gpio.o(i.HAL_GPIO_WritePin)
    HAL_GetREVID                             0x08001a41   Thumb Code     8  stm32f4xx_hal.o(i.HAL_GetREVID)
    HAL_GetTick                              0x08001a4d   Thumb Code     6  stm32f4xx_hal.o(i.HAL_GetTick)
    HAL_IncTick                              0x08001a59   Thumb Code    16  stm32f4xx_hal.o(i.HAL_IncTick)
    HAL_Init                                 0x08001a71   Thumb Code    44  stm32f4xx_hal.o(i.HAL_Init)
    HAL_InitTick                             0x08001aa1   Thumb Code    64  stm32f4xx_hal.o(i.HAL_InitTick)
    HAL_MspInit                              0x08001aed   Thumb Code     2  stm32f4xx_hal.o(i.HAL_MspInit)
    HAL_NVIC_EnableIRQ                       0x08001aef   Thumb Code    32  stm32f4xx_hal_cortex.o(i.HAL_NVIC_EnableIRQ)
    HAL_NVIC_SetPriority                     0x08001b0f   Thumb Code   124  stm32f4xx_hal_cortex.o(i.HAL_NVIC_SetPriority)
    HAL_NVIC_SetPriorityGrouping             0x08001b8d   Thumb Code    32  stm32f4xx_hal_cortex.o(i.HAL_NVIC_SetPriorityGrouping)
    HAL_RCC_ClockConfig                      0x08001bb5   Thumb Code   368  stm32f4xx_hal_rcc.o(i.HAL_RCC_ClockConfig)
    HAL_RCC_GetHCLKFreq                      0x08001d39   Thumb Code     6  stm32f4xx_hal_rcc.o(i.HAL_RCC_GetHCLKFreq)
    HAL_RCC_GetPCLK1Freq                     0x08001d45   Thumb Code    22  stm32f4xx_hal_rcc.o(i.HAL_RCC_GetPCLK1Freq)
    HAL_RCC_GetPCLK2Freq                     0x08001d65   Thumb Code    22  stm32f4xx_hal_rcc.o(i.HAL_RCC_GetPCLK2Freq)
    HAL_RCC_GetSysClockFreq                  0x08001d85   Thumb Code   162  stm32f4xx_hal_rcc.o(i.HAL_RCC_GetSysClockFreq)
    HAL_RCC_OscConfig                        0x08001e35   Thumb Code  1172  stm32f4xx_hal_rcc.o(i.HAL_RCC_OscConfig)
    HAL_SRAM_Init                            0x080022d1   Thumb Code    88  stm32f4xx_hal_sram.o(i.HAL_SRAM_Init)
    HAL_SRAM_MspInit                         0x08002329   Thumb Code   152  lcd.o(i.HAL_SRAM_MspInit)
    HAL_SYSTICK_Config                       0x080023cd   Thumb Code    52  stm32f4xx_hal_cortex.o(i.HAL_SYSTICK_Config)
    HAL_UARTEx_RxEventCallback               0x08002401   Thumb Code     2  stm32f4xx_hal_uart.o(i.HAL_UARTEx_RxEventCallback)
    HAL_UART_ErrorCallback                   0x08002403   Thumb Code     2  stm32f4xx_hal_uart.o(i.HAL_UART_ErrorCallback)
    HAL_UART_IRQHandler                      0x08002405   Thumb Code   586  stm32f4xx_hal_uart.o(i.HAL_UART_IRQHandler)
    HAL_UART_Init                            0x08002655   Thumb Code   114  stm32f4xx_hal_uart.o(i.HAL_UART_Init)
    HAL_UART_MspInit                         0x080026c9   Thumb Code   190  usart.o(i.HAL_UART_MspInit)
    HAL_UART_Receive_IT                      0x08002795   Thumb Code    66  stm32f4xx_hal_uart.o(i.HAL_UART_Receive_IT)
    HAL_UART_RxCpltCallback                  0x080027d9   Thumb Code   134  usart.o(i.HAL_UART_RxCpltCallback)
    HAL_UART_TxCpltCallback                  0x08002875   Thumb Code     2  stm32f4xx_hal_uart.o(i.HAL_UART_TxCpltCallback)
    HardFault_Handler                        0x08002877   Thumb Code     4  stm32f4xx_it.o(i.HardFault_Handler)
    MemManage_Handler                        0x0800287b   Thumb Code     4  stm32f4xx_it.o(i.MemManage_Handler)
    NMI_Handler                              0x0800287f   Thumb Code     2  stm32f4xx_it.o(i.NMI_Handler)
    PendSV_Handler                           0x08002881   Thumb Code     2  stm32f4xx_it.o(i.PendSV_Handler)
    SVC_Handler                              0x08002883   Thumb Code     2  stm32f4xx_it.o(i.SVC_Handler)
    SysTick_Handler                          0x08002885   Thumb Code     8  stm32f4xx_it.o(i.SysTick_Handler)
    SystemInit                               0x0800288d   Thumb Code    14  system_stm32f4xx.o(i.SystemInit)
    UART_Start_Receive_IT                    0x08002bf5   Thumb Code    70  stm32f4xx_hal_uart.o(i.UART_Start_Receive_IT)
    USART1_IRQHandler                        0x08002c9d   Thumb Code    10  usart.o(i.USART1_IRQHandler)
    UsageFault_Handler                       0x08002cad   Thumb Code     4  stm32f4xx_it.o(i.UsageFault_Handler)
    __ARM_fpclassify                         0x08002cb1   Thumb Code    48  fpclassify.o(i.__ARM_fpclassify)
    __hardfp_atan                            0x08002d19   Thumb Code   622  atan.o(i.__hardfp_atan)
    __kernel_poly                            0x08002ff1   Thumb Code   248  poly.o(i.__kernel_poly)
    __mathlib_dbl_infnan                     0x080030e9   Thumb Code    20  dunder.o(i.__mathlib_dbl_infnan)
    __mathlib_dbl_underflow                  0x08003101   Thumb Code    24  dunder.o(i.__mathlib_dbl_underflow)
    _is_digit                                0x08003121   Thumb Code    14  __printf_wp.o(i._is_digit)
    _sys_exit                                0x0800312f   Thumb Code     4  usart.o(i._sys_exit)
    compass_calibration                      0x08003135   Thumb Code   318  main.o(i.compass_calibration)
    compass_get_angle                        0x08003325   Thumb Code   516  main.o(i.compass_get_angle)
    delay_init                               0x08003559   Thumb Code     6  delay.o(i.delay_init)
    delay_ms                                 0x08003565   Thumb Code    18  delay.o(i.delay_ms)
    delay_us                                 0x08003579   Thumb Code    68  delay.o(i.delay_us)
    fabs                                     0x080035c1   Thumb Code    24  fabs.o(i.fabs)
    fputc                                    0x080035d9   Thumb Code    22  usart.o(i.fputc)
    iic_ack                                  0x080035f5   Thumb Code    80  myiic.o(i.iic_ack)
    iic_init                                 0x08003655   Thumb Code   122  myiic.o(i.iic_init)
    iic_nack                                 0x080036d9   Thumb Code    60  myiic.o(i.iic_nack)
    iic_read_byte                            0x08003719   Thumb Code    92  myiic.o(i.iic_read_byte)
    iic_send_byte                            0x08003779   Thumb Code   110  myiic.o(i.iic_send_byte)
    iic_start                                0x080037ed   Thumb Code    76  myiic.o(i.iic_start)
    iic_stop                                 0x0800383d   Thumb Code    60  myiic.o(i.iic_stop)
    iic_wait_ack                             0x0800387d   Thumb Code   100  myiic.o(i.iic_wait_ack)
    key_init                                 0x080038e5   Thumb Code   210  key.o(i.key_init)
    key_scan                                 0x080039c5   Thumb Code   184  key.o(i.key_scan)
    lcd_clear                                0x08003a89   Thumb Code    42  lcd.o(i.lcd_clear)
    lcd_display_dir                          0x08003abd   Thumb Code   360  lcd.o(i.lcd_display_dir)
    lcd_draw_point                           0x08003c29   Thumb Code    26  lcd.o(i.lcd_draw_point)
    lcd_ex_ili9341_reginit                   0x08003c49   Thumb Code   556  lcd.o(i.lcd_ex_ili9341_reginit)
    lcd_ex_ili9806_reginit                   0x08003e75   Thumb Code   832  lcd.o(i.lcd_ex_ili9806_reginit)
    lcd_ex_nt35310_reginit                   0x080041b5   Thumb Code  3826  lcd.o(i.lcd_ex_nt35310_reginit)
    lcd_ex_nt35510_reginit                   0x080050a7   Thumb Code  3836  lcd.o(i.lcd_ex_nt35510_reginit)
    lcd_ex_ssd1963_reginit                   0x08005fa3   Thumb Code   366  lcd.o(i.lcd_ex_ssd1963_reginit)
    lcd_ex_st7789_reginit                    0x08006111   Thumb Code   424  lcd.o(i.lcd_ex_st7789_reginit)
    lcd_ex_st7796_reginit                    0x080062b9   Thumb Code   454  lcd.o(i.lcd_ex_st7796_reginit)
    lcd_fill                                 0x08006481   Thumb Code    80  lcd.o(i.lcd_fill)
    lcd_init                                 0x080064d5   Thumb Code  1308  lcd.o(i.lcd_init)
    lcd_scan_dir                             0x08006a21   Thumb Code   568  lcd.o(i.lcd_scan_dir)
    lcd_set_cursor                           0x08006c5d   Thumb Code   282  lcd.o(i.lcd_set_cursor)
    lcd_show_char                            0x08006d7d   Thumb Code   294  lcd.o(i.lcd_show_char)
    lcd_show_string                          0x08006ebd   Thumb Code   106  lcd.o(i.lcd_show_string)
    lcd_ssd_backlight_set                    0x08006f29   Thumb Code    88  lcd.o(i.lcd_ssd_backlight_set)
    lcd_wr_data                              0x08006f89   Thumb Code    18  lcd.o(i.lcd_wr_data)
    lcd_wr_regno                             0x08006fa1   Thumb Code    18  lcd.o(i.lcd_wr_regno)
    lcd_write_ram_prepare                    0x08006fb9   Thumb Code    10  lcd.o(i.lcd_write_ram_prepare)
    lcd_write_reg                            0x08006fcd   Thumb Code    14  lcd.o(i.lcd_write_reg)
    led_init                                 0x08006fe1   Thumb Code   142  led.o(i.led_init)
    main                                     0x08007079   Thumb Code   374  main.o(i.main)
    st480mc_init                             0x08007259   Thumb Code    48  st480mc.o(i.st480mc_init)
    st480mc_read_magdata                     0x08007289   Thumb Code   102  st480mc.o(i.st480mc_read_magdata)
    st480mc_read_magdata_average             0x080072ef   Thumb Code   136  st480mc.o(i.st480mc_read_magdata_average)
    st480mc_read_nbytes                      0x08007377   Thumb Code    88  st480mc.o(i.st480mc_read_nbytes)
    st480mc_read_temperature                 0x080073d1   Thumb Code   106  st480mc.o(i.st480mc_read_temperature)
    sys_stm32_clock_init                     0x08007445   Thumb Code   208  sys.o(i.sys_stm32_clock_init)
    usart_init                               0x08007521   Thumb Code    44  usart.o(i.usart_init)
    user_show_angle                          0x08007559   Thumb Code    98  main.o(i.user_show_angle)
    user_show_mag                            0x080075cd   Thumb Code    78  main.o(i.user_show_mag)
    user_show_temprate                       0x08007625   Thumb Code    98  main.o(i.user_show_temprate)
    _get_lc_numeric                          0x08007695   Thumb Code    44  lc_numeric_c.o(locale$$code)
    __aeabi_dneg                             0x080076c1   Thumb Code     0  basic.o(x$fpl$basic)
    _dneg                                    0x080076c1   Thumb Code     6  basic.o(x$fpl$basic)
    __aeabi_fneg                             0x080076c7   Thumb Code     0  basic.o(x$fpl$basic)
    _fneg                                    0x080076c7   Thumb Code     6  basic.o(x$fpl$basic)
    _dabs                                    0x080076cd   Thumb Code     6  basic.o(x$fpl$basic)
    _fabs                                    0x080076d3   Thumb Code     6  basic.o(x$fpl$basic)
    __aeabi_d2f                              0x080076d9   Thumb Code     0  d2f.o(x$fpl$d2f)
    _d2f                                     0x080076d9   Thumb Code    98  d2f.o(x$fpl$d2f)
    __aeabi_dadd                             0x0800773d   Thumb Code     0  daddsub_clz.o(x$fpl$dadd)
    _dadd                                    0x0800773d   Thumb Code   332  daddsub_clz.o(x$fpl$dadd)
    __aeabi_ddiv                             0x0800788d   Thumb Code     0  ddiv.o(x$fpl$ddiv)
    _ddiv                                    0x0800788d   Thumb Code   552  ddiv.o(x$fpl$ddiv)
    __aeabi_d2uiz                            0x08007b3d   Thumb Code     0  dfixu.o(x$fpl$dfixu)
    _dfixu                                   0x08007b3d   Thumb Code    90  dfixu.o(x$fpl$dfixu)
    __aeabi_i2d                              0x08007b97   Thumb Code     0  dflt_clz.o(x$fpl$dflt)
    _dflt                                    0x08007b97   Thumb Code    46  dflt_clz.o(x$fpl$dflt)
    __aeabi_ui2d                             0x08007bc5   Thumb Code     0  dflt_clz.o(x$fpl$dfltu)
    _dfltu                                   0x08007bc5   Thumb Code    38  dflt_clz.o(x$fpl$dfltu)
    __aeabi_dmul                             0x08007bed   Thumb Code     0  dmul.o(x$fpl$dmul)
    _dmul                                    0x08007bed   Thumb Code   332  dmul.o(x$fpl$dmul)
    __fpl_dnaninf                            0x08007d41   Thumb Code   156  dnaninf.o(x$fpl$dnaninf)
    __fpl_dretinf                            0x08007ddd   Thumb Code    12  dretinf.o(x$fpl$dretinf)
    __aeabi_drsub                            0x08007de9   Thumb Code     0  daddsub_clz.o(x$fpl$drsb)
    _drsb                                    0x08007de9   Thumb Code    22  daddsub_clz.o(x$fpl$drsb)
    __aeabi_dsub                             0x08007e01   Thumb Code     0  daddsub_clz.o(x$fpl$dsub)
    _dsub                                    0x08007e01   Thumb Code   464  daddsub_clz.o(x$fpl$dsub)
    __aeabi_f2d                              0x08007fd5   Thumb Code     0  f2d.o(x$fpl$f2d)
    _f2d                                     0x08007fd5   Thumb Code    86  f2d.o(x$fpl$f2d)
    __fpl_fnaninf                            0x0800802b   Thumb Code   140  fnaninf.o(x$fpl$fnaninf)
    _fp_init                                 0x080080b7   Thumb Code    10  fpinit.o(x$fpl$fpinit)
    __fplib_config_fpu_vfp                   0x080080bf   Thumb Code     0  fpinit.o(x$fpl$fpinit)
    __fplib_config_pureend_doubles           0x080080bf   Thumb Code     0  fpinit.o(x$fpl$fpinit)
    __fpl_fretinf                            0x080080c1   Thumb Code    10  fretinf.o(x$fpl$fretinf)
    _printf_fp_dec                           0x080080cb   Thumb Code     4  printf1.o(x$fpl$printf1)
    AHBPrescTable                            0x080080ce   Data          16  system_stm32f4xx.o(.constdata)
    __I$use$fp                               0x080080ce   Number         0  usenofp.o(x$fpl$usenofp)
    APBPrescTable                            0x080080de   Data           8  system_stm32f4xx.o(.constdata)
    asc2_1206                                0x080080e6   Data        1140  lcd.o(.constdata)
    asc2_1608                                0x0800855a   Data        1520  lcd.o(.constdata)
    asc2_2412                                0x08008b4a   Data        3420  lcd.o(.constdata)
    asc2_3216                                0x080098a6   Data        6080  lcd.o(.constdata)
    Region$$Table$$Base                      0x0800b1bc   Number         0  anon$$obj.o(Region$$Table)
    Region$$Table$$Limit                     0x0800b1dc   Number         0  anon$$obj.o(Region$$Table)
    g_magx_offset                            0x20000000   Data           2  main.o(.data)
    g_magy_offset                            0x20000002   Data           2  main.o(.data)
    SystemCoreClock                          0x20000004   Data           4  system_stm32f4xx.o(.data)
    __stdout                                 0x2000000c   Data           4  usart.o(.data)
    g_usart_rx_sta                           0x20000010   Data           2  usart.o(.data)
    g_rx_buffer                              0x20000012   Data           1  usart.o(.data)
    uwTick                                   0x20000014   Data           4  stm32f4xx_hal.o(.data)
    uwTickPrio                               0x20000018   Data           4  stm32f4xx_hal.o(.data)
    uwTickFreq                               0x2000001c   Data           1  stm32f4xx_hal.o(.data)
    g_point_color                            0x20000020   Data           4  lcd.o(.data)
    g_back_color                             0x20000024   Data           4  lcd.o(.data)
    g_usart_rx_buf                           0x20000028   Data         200  usart.o(.bss)
    g_uart1_handle                           0x200000f0   Data          68  usart.o(.bss)
    g_sram_handle                            0x20000134   Data          80  lcd.o(.bss)
    lcddev                                   0x20000184   Data          14  lcd.o(.bss)
    __libspace_start                         0x20000194   Data          96  libspace.o(.bss)
    __temporary_stack_top$libspace           0x200001f4   Data           0  libspace.o(.bss)



==============================================================================

Memory Map of the image

  Image Entry point : 0x08000189

  Load Region LR_IROM1 (Base: 0x08000000, Size: 0x0000b220, Max: 0x00100000, ABSOLUTE)

    Execution Region ER_IROM1 (Base: 0x08000000, Size: 0x0000b1f8, Max: 0x00100000, ABSOLUTE)

    Base Addr    Size         Type   Attr      Idx    E Section Name        Object

    0x08000000   0x00000188   Data   RO            3    RESET               startup_stm32f407xx.o
    0x08000188   0x00000008   Code   RO         4022  * !!!main             c_w.l(__main.o)
    0x08000190   0x00000034   Code   RO         4318    !!!scatter          c_w.l(__scatter.o)
    0x080001c4   0x0000001a   Code   RO         4320    !!handler_copy      c_w.l(__scatter_copy.o)
    0x080001de   0x00000002   PAD
    0x080001e0   0x0000001c   Code   RO         4322    !!handler_zi        c_w.l(__scatter_zi.o)
    0x080001fc   0x00000000   Code   RO         4017    .ARM.Collect$$_printf_percent$$00000000  c_w.l(_printf_percent.o)
    0x080001fc   0x00000006   Code   RO         4016    .ARM.Collect$$_printf_percent$$00000003  c_w.l(_printf_f.o)
    0x08000202   0x00000006   Code   RO         4015    .ARM.Collect$$_printf_percent$$00000009  c_w.l(_printf_d.o)
    0x08000208   0x00000006   Code   RO         4014    .ARM.Collect$$_printf_percent$$0000000C  c_w.l(_printf_x.o)
    0x0800020e   0x00000006   Code   RO         4013    .ARM.Collect$$_printf_percent$$00000014  c_w.l(_printf_s.o)
    0x08000214   0x00000004   Code   RO         4085    .ARM.Collect$$_printf_percent$$00000017  c_w.l(_printf_percent_end.o)
    0x08000218   0x00000002   Code   RO         4201    .ARM.Collect$$libinit$$00000000  c_w.l(libinit.o)
    0x0800021a   0x00000004   Code   RO         4202    .ARM.Collect$$libinit$$00000001  c_w.l(libinit2.o)
    0x0800021e   0x00000000   Code   RO         4205    .ARM.Collect$$libinit$$00000004  c_w.l(libinit2.o)
    0x0800021e   0x00000000   Code   RO         4208    .ARM.Collect$$libinit$$0000000A  c_w.l(libinit2.o)
    0x0800021e   0x00000000   Code   RO         4210    .ARM.Collect$$libinit$$0000000C  c_w.l(libinit2.o)
    0x0800021e   0x00000000   Code   RO         4212    .ARM.Collect$$libinit$$0000000E  c_w.l(libinit2.o)
    0x0800021e   0x00000006   Code   RO         4213    .ARM.Collect$$libinit$$0000000F  c_w.l(libinit2.o)
    0x08000224   0x00000000   Code   RO         4215    .ARM.Collect$$libinit$$00000011  c_w.l(libinit2.o)
    0x08000224   0x00000000   Code   RO         4217    .ARM.Collect$$libinit$$00000013  c_w.l(libinit2.o)
    0x08000224   0x00000000   Code   RO         4219    .ARM.Collect$$libinit$$00000015  c_w.l(libinit2.o)
    0x08000224   0x0000000a   Code   RO         4220    .ARM.Collect$$libinit$$00000016  c_w.l(libinit2.o)
    0x0800022e   0x00000000   Code   RO         4221    .ARM.Collect$$libinit$$00000017  c_w.l(libinit2.o)
    0x0800022e   0x00000000   Code   RO         4223    .ARM.Collect$$libinit$$00000019  c_w.l(libinit2.o)
    0x0800022e   0x00000000   Code   RO         4225    .ARM.Collect$$libinit$$0000001B  c_w.l(libinit2.o)
    0x0800022e   0x00000000   Code   RO         4227    .ARM.Collect$$libinit$$0000001D  c_w.l(libinit2.o)
    0x0800022e   0x00000000   Code   RO         4229    .ARM.Collect$$libinit$$0000001F  c_w.l(libinit2.o)
    0x0800022e   0x00000000   Code   RO         4231    .ARM.Collect$$libinit$$00000021  c_w.l(libinit2.o)
    0x0800022e   0x00000000   Code   RO         4233    .ARM.Collect$$libinit$$00000023  c_w.l(libinit2.o)
    0x0800022e   0x00000000   Code   RO         4235    .ARM.Collect$$libinit$$00000025  c_w.l(libinit2.o)
    0x0800022e   0x00000000   Code   RO         4239    .ARM.Collect$$libinit$$0000002C  c_w.l(libinit2.o)
    0x0800022e   0x00000000   Code   RO         4241    .ARM.Collect$$libinit$$0000002E  c_w.l(libinit2.o)
    0x0800022e   0x00000000   Code   RO         4243    .ARM.Collect$$libinit$$00000030  c_w.l(libinit2.o)
    0x0800022e   0x00000000   Code   RO         4245    .ARM.Collect$$libinit$$00000032  c_w.l(libinit2.o)
    0x0800022e   0x00000002   Code   RO         4246    .ARM.Collect$$libinit$$00000033  c_w.l(libinit2.o)
    0x08000230   0x00000002   Code   RO         4284    .ARM.Collect$$libshutdown$$00000000  c_w.l(libshutdown.o)
    0x08000232   0x00000000   Code   RO         4303    .ARM.Collect$$libshutdown$$00000003  c_w.l(libshutdown2.o)
    0x08000232   0x00000000   Code   RO         4306    .ARM.Collect$$libshutdown$$00000006  c_w.l(libshutdown2.o)
    0x08000232   0x00000000   Code   RO         4309    .ARM.Collect$$libshutdown$$00000009  c_w.l(libshutdown2.o)
    0x08000232   0x00000000   Code   RO         4311    .ARM.Collect$$libshutdown$$0000000B  c_w.l(libshutdown2.o)
    0x08000232   0x00000000   Code   RO         4314    .ARM.Collect$$libshutdown$$0000000E  c_w.l(libshutdown2.o)
    0x08000232   0x00000002   Code   RO         4315    .ARM.Collect$$libshutdown$$0000000F  c_w.l(libshutdown2.o)
    0x08000234   0x00000000   Code   RO         4068    .ARM.Collect$$rtentry$$00000000  c_w.l(__rtentry.o)
    0x08000234   0x00000000   Code   RO         4122    .ARM.Collect$$rtentry$$00000002  c_w.l(__rtentry2.o)
    0x08000234   0x00000006   Code   RO         4134    .ARM.Collect$$rtentry$$00000004  c_w.l(__rtentry4.o)
    0x0800023a   0x00000000   Code   RO         4124    .ARM.Collect$$rtentry$$00000009  c_w.l(__rtentry2.o)
    0x0800023a   0x00000004   Code   RO         4125    .ARM.Collect$$rtentry$$0000000A  c_w.l(__rtentry2.o)
    0x0800023e   0x00000000   Code   RO         4127    .ARM.Collect$$rtentry$$0000000C  c_w.l(__rtentry2.o)
    0x0800023e   0x00000008   Code   RO         4128    .ARM.Collect$$rtentry$$0000000D  c_w.l(__rtentry2.o)
    0x08000246   0x00000002   Code   RO         4247    .ARM.Collect$$rtexit$$00000000  c_w.l(rtexit.o)
    0x08000248   0x00000000   Code   RO         4260    .ARM.Collect$$rtexit$$00000002  c_w.l(rtexit2.o)
    0x08000248   0x00000004   Code   RO         4261    .ARM.Collect$$rtexit$$00000003  c_w.l(rtexit2.o)
    0x0800024c   0x00000006   Code   RO         4262    .ARM.Collect$$rtexit$$00000004  c_w.l(rtexit2.o)
    0x08000252   0x00000002   PAD
    0x08000254   0x0000004c   Code   RO            4    .text               startup_stm32f407xx.o
    0x080002a0   0x00000002   Code   RO         3952    .text               c_w.l(use_no_semi_2.o)
    0x080002a2   0x000000ee   Code   RO         3954    .text               c_w.l(lludivv7m.o)
    0x08000390   0x00000018   Code   RO         3960    .text               c_w.l(noretval__2printf.o)
    0x080003a8   0x00000028   Code   RO         3962    .text               c_w.l(noretval__2sprintf.o)
    0x080003d0   0x0000004e   Code   RO         3966    .text               c_w.l(_printf_pad.o)
    0x0800041e   0x00000052   Code   RO         3968    .text               c_w.l(_printf_str.o)
    0x08000470   0x00000078   Code   RO         3970    .text               c_w.l(_printf_dec.o)
    0x080004e8   0x00000058   Code   RO         3975    .text               c_w.l(_printf_hex_int.o)
    0x08000540   0x0000010e   Code   RO         4001    .text               c_w.l(__printf_wp.o)
    0x0800064e   0x0000004e   Code   RO         4018    .text               c_w.l(rt_memclr_w.o)
    0x0800069c   0x00000006   Code   RO         4020    .text               c_w.l(heapauxi.o)
    0x080006a2   0x00000002   Code   RO         4066    .text               c_w.l(use_no_semi.o)
    0x080006a4   0x000000b2   Code   RO         4073    .text               c_w.l(_printf_intcommon.o)
    0x08000756   0x0000041a   Code   RO         4075    .text               c_w.l(_printf_fp_dec.o)
    0x08000b70   0x00000030   Code   RO         4077    .text               c_w.l(_printf_char_common.o)
    0x08000ba0   0x0000000a   Code   RO         4079    .text               c_w.l(_sputc.o)
    0x08000baa   0x0000002c   Code   RO         4081    .text               c_w.l(_printf_char.o)
    0x08000bd6   0x00000002   PAD
    0x08000bd8   0x00000024   Code   RO         4083    .text               c_w.l(_printf_char_file.o)
    0x08000bfc   0x00000008   Code   RO         4141    .text               c_w.l(rt_locale_intlibspace.o)
    0x08000c04   0x0000008a   Code   RO         4143    .text               c_w.l(lludiv10.o)
    0x08000c8e   0x00000002   PAD
    0x08000c90   0x00000080   Code   RO         4145    .text               c_w.l(_printf_fp_infnan.o)
    0x08000d10   0x000000dc   Code   RO         4149    .text               c_w.l(bigflt0.o)
    0x08000dec   0x00000008   Code   RO         4174    .text               c_w.l(ferror.o)
    0x08000df4   0x00000008   Code   RO         4183    .text               c_w.l(libspace.o)
    0x08000dfc   0x0000004a   Code   RO         4186    .text               c_w.l(sys_stackheap_outer.o)
    0x08000e46   0x0000000c   Code   RO         4188    .text               c_w.l(exit.o)
    0x08000e52   0x00000002   PAD
    0x08000e54   0x00000080   Code   RO         4194    .text               c_w.l(strcmpv7m.o)
    0x08000ed4   0x0000003e   Code   RO         4152    CL$$btod_d2e        c_w.l(btod.o)
    0x08000f12   0x00000046   Code   RO         4154    CL$$btod_d2e_denorm_low  c_w.l(btod.o)
    0x08000f58   0x00000060   Code   RO         4153    CL$$btod_d2e_norm_op1  c_w.l(btod.o)
    0x08000fb8   0x00000338   Code   RO         4162    CL$$btod_div_common  c_w.l(btod.o)
    0x080012f0   0x000000c6   Code   RO         4159    CL$$btod_e2e        c_w.l(btod.o)
    0x080013b6   0x00000028   Code   RO         4156    CL$$btod_ediv       c_w.l(btod.o)
    0x080013de   0x00000028   Code   RO         4155    CL$$btod_emul       c_w.l(btod.o)
    0x08001406   0x00000244   Code   RO         4161    CL$$btod_mult_common  c_w.l(btod.o)
    0x0800164a   0x00000004   Code   RO          306    i.BusFault_Handler  stm32f4xx_it.o
    0x0800164e   0x00000002   Code   RO          307    i.DebugMon_Handler  stm32f4xx_it.o
    0x08001650   0x00000048   Code   RO         3304    i.FSMC_NORSRAM_Extended_Timing_Init  stm32f4xx_ll_fsmc.o
    0x08001698   0x0000005c   Code   RO         3305    i.FSMC_NORSRAM_Init  stm32f4xx_ll_fsmc.o
    0x080016f4   0x00000044   Code   RO         3306    i.FSMC_NORSRAM_Timing_Init  stm32f4xx_ll_fsmc.o
    0x08001738   0x000000aa   Code   RO          941    i.HAL_DMA_Abort     stm32f4xx_hal_dma.o
    0x080017e2   0x00000028   Code   RO          942    i.HAL_DMA_Abort_IT  stm32f4xx_hal_dma.o
    0x0800180a   0x00000002   PAD
    0x0800180c   0x00000204   Code   RO         1047    i.HAL_GPIO_Init     stm32f4xx_hal_gpio.o
    0x08001a10   0x00000010   Code   RO         1049    i.HAL_GPIO_ReadPin  stm32f4xx_hal_gpio.o
    0x08001a20   0x00000014   Code   RO         1050    i.HAL_GPIO_TogglePin  stm32f4xx_hal_gpio.o
    0x08001a34   0x0000000c   Code   RO         1051    i.HAL_GPIO_WritePin  stm32f4xx_hal_gpio.o
    0x08001a40   0x0000000c   Code   RO          624    i.HAL_GetREVID      stm32f4xx_hal.o
    0x08001a4c   0x0000000c   Code   RO          625    i.HAL_GetTick       stm32f4xx_hal.o
    0x08001a58   0x00000018   Code   RO          631    i.HAL_IncTick       stm32f4xx_hal.o
    0x08001a70   0x00000030   Code   RO          632    i.HAL_Init          stm32f4xx_hal.o
    0x08001aa0   0x0000004c   Code   RO          633    i.HAL_InitTick      stm32f4xx_hal.o
    0x08001aec   0x00000002   Code   RO          635    i.HAL_MspInit       stm32f4xx_hal.o
    0x08001aee   0x00000020   Code   RO          803    i.HAL_NVIC_EnableIRQ  stm32f4xx_hal_cortex.o
    0x08001b0e   0x0000007c   Code   RO          809    i.HAL_NVIC_SetPriority  stm32f4xx_hal_cortex.o
    0x08001b8a   0x00000002   PAD
    0x08001b8c   0x00000028   Code   RO          810    i.HAL_NVIC_SetPriorityGrouping  stm32f4xx_hal_cortex.o
    0x08001bb4   0x00000184   Code   RO         1111    i.HAL_RCC_ClockConfig  stm32f4xx_hal_rcc.o
    0x08001d38   0x0000000c   Code   RO         1116    i.HAL_RCC_GetHCLKFreq  stm32f4xx_hal_rcc.o
    0x08001d44   0x00000020   Code   RO         1118    i.HAL_RCC_GetPCLK1Freq  stm32f4xx_hal_rcc.o
    0x08001d64   0x00000020   Code   RO         1119    i.HAL_RCC_GetPCLK2Freq  stm32f4xx_hal_rcc.o
    0x08001d84   0x000000b0   Code   RO         1120    i.HAL_RCC_GetSysClockFreq  stm32f4xx_hal_rcc.o
    0x08001e34   0x0000049c   Code   RO         1123    i.HAL_RCC_OscConfig  stm32f4xx_hal_rcc.o
    0x080022d0   0x00000058   Code   RO         3180    i.HAL_SRAM_Init     stm32f4xx_hal_sram.o
    0x08002328   0x000000a4   Code   RO         3504    i.HAL_SRAM_MspInit  lcd.o
    0x080023cc   0x00000034   Code   RO          814    i.HAL_SYSTICK_Config  stm32f4xx_hal_cortex.o
    0x08002400   0x00000002   Code   RO         1717    i.HAL_UARTEx_RxEventCallback  stm32f4xx_hal_uart.o
    0x08002402   0x00000002   Code   RO         1731    i.HAL_UART_ErrorCallback  stm32f4xx_hal_uart.o
    0x08002404   0x00000250   Code   RO         1734    i.HAL_UART_IRQHandler  stm32f4xx_hal_uart.o
    0x08002654   0x00000072   Code   RO         1735    i.HAL_UART_Init     stm32f4xx_hal_uart.o
    0x080026c6   0x00000002   PAD
    0x080026c8   0x000000cc   Code   RO          535    i.HAL_UART_MspInit  usart.o
    0x08002794   0x00000042   Code   RO         1740    i.HAL_UART_Receive_IT  stm32f4xx_hal_uart.o
    0x080027d6   0x00000002   PAD
    0x080027d8   0x0000009c   Code   RO          536    i.HAL_UART_RxCpltCallback  usart.o
    0x08002874   0x00000002   Code   RO         1746    i.HAL_UART_TxCpltCallback  stm32f4xx_hal_uart.o
    0x08002876   0x00000004   Code   RO          308    i.HardFault_Handler  stm32f4xx_it.o
    0x0800287a   0x00000004   Code   RO          309    i.MemManage_Handler  stm32f4xx_it.o
    0x0800287e   0x00000002   Code   RO          310    i.NMI_Handler       stm32f4xx_it.o
    0x08002880   0x00000002   Code   RO          311    i.PendSV_Handler    stm32f4xx_it.o
    0x08002882   0x00000002   Code   RO          312    i.SVC_Handler       stm32f4xx_it.o
    0x08002884   0x00000008   Code   RO          313    i.SysTick_Handler   stm32f4xx_it.o
    0x0800288c   0x00000014   Code   RO          382    i.SystemInit        system_stm32f4xx.o
    0x080028a0   0x00000014   Code   RO         1748    i.UART_DMAAbortOnError  stm32f4xx_hal_uart.o
    0x080028b4   0x00000036   Code   RO         1758    i.UART_EndRxTransfer  stm32f4xx_hal_uart.o
    0x080028ea   0x00000020   Code   RO         1759    i.UART_EndTransmit_IT  stm32f4xx_hal_uart.o
    0x0800290a   0x000000be   Code   RO         1761    i.UART_Receive_IT   stm32f4xx_hal_uart.o
    0x080029c8   0x0000022c   Code   RO         1762    i.UART_SetConfig    stm32f4xx_hal_uart.o
    0x08002bf4   0x00000046   Code   RO         1764    i.UART_Start_Receive_IT  stm32f4xx_hal_uart.o
    0x08002c3a   0x00000060   Code   RO         1765    i.UART_Transmit_IT  stm32f4xx_hal_uart.o
    0x08002c9a   0x00000002   PAD
    0x08002c9c   0x00000010   Code   RO          537    i.USART1_IRQHandler  usart.o
    0x08002cac   0x00000004   Code   RO          314    i.UsageFault_Handler  stm32f4xx_it.o
    0x08002cb0   0x00000030   Code   RO         4117    i.__ARM_fpclassify  m_wm.l(fpclassify.o)
    0x08002ce0   0x00000010   Code   RO          816    i.__NVIC_GetPriorityGrouping  stm32f4xx_hal_cortex.o
    0x08002cf0   0x00000028   Code   RO          817    i.__NVIC_SetPriority  stm32f4xx_hal_cortex.o
    0x08002d18   0x000002d8   Code   RO         4052    i.__hardfp_atan     m_wm.l(atan.o)
    0x08002ff0   0x000000f8   Code   RO         4119    i.__kernel_poly     m_wm.l(poly.o)
    0x080030e8   0x00000014   Code   RO         4098    i.__mathlib_dbl_infnan  m_wm.l(dunder.o)
    0x080030fc   0x00000004   PAD
    0x08003100   0x00000020   Code   RO         4103    i.__mathlib_dbl_underflow  m_wm.l(dunder.o)
    0x08003120   0x0000000e   Code   RO         4003    i._is_digit         c_w.l(__printf_wp.o)
    0x0800312e   0x00000004   Code   RO          539    i._sys_exit         usart.o
    0x08003132   0x00000002   PAD
    0x08003134   0x000001f0   Code   RO           13    i.compass_calibration  main.o
    0x08003324   0x00000234   Code   RO           14    i.compass_get_angle  main.o
    0x08003558   0x0000000c   Code   RO          419    i.delay_init        delay.o
    0x08003564   0x00000012   Code   RO          420    i.delay_ms          delay.o
    0x08003576   0x00000002   PAD
    0x08003578   0x00000048   Code   RO          421    i.delay_us          delay.o
    0x080035c0   0x00000018   Code   RO         4113    i.fabs              m_wm.l(fabs.o)
    0x080035d8   0x0000001c   Code   RO          541    i.fputc             usart.o
    0x080035f4   0x00000054   Code   RO         3822    i.iic_ack           myiic.o
    0x08003648   0x0000000a   Code   RO         3823    i.iic_delay         myiic.o
    0x08003652   0x00000002   PAD
    0x08003654   0x00000084   Code   RO         3824    i.iic_init          myiic.o
    0x080036d8   0x00000040   Code   RO         3825    i.iic_nack          myiic.o
    0x08003718   0x00000060   Code   RO         3826    i.iic_read_byte     myiic.o
    0x08003778   0x00000074   Code   RO         3827    i.iic_send_byte     myiic.o
    0x080037ec   0x00000050   Code   RO         3828    i.iic_start         myiic.o
    0x0800383c   0x00000040   Code   RO         3829    i.iic_stop          myiic.o
    0x0800387c   0x00000068   Code   RO         3830    i.iic_wait_ack      myiic.o
    0x080038e4   0x000000e0   Code   RO         3473    i.key_init          key.o
    0x080039c4   0x000000c4   Code   RO         3474    i.key_scan          key.o
    0x08003a88   0x00000034   Code   RO         3505    i.lcd_clear         lcd.o
    0x08003abc   0x0000016c   Code   RO         3507    i.lcd_display_dir   lcd.o
    0x08003c28   0x00000020   Code   RO         3513    i.lcd_draw_point    lcd.o
    0x08003c48   0x0000022c   Code   RO         3515    i.lcd_ex_ili9341_reginit  lcd.o
    0x08003e74   0x00000340   Code   RO         3516    i.lcd_ex_ili9806_reginit  lcd.o
    0x080041b4   0x00000ef2   Code   RO         3517    i.lcd_ex_nt35310_reginit  lcd.o
    0x080050a6   0x00000efc   Code   RO         3518    i.lcd_ex_nt35510_reginit  lcd.o
    0x08005fa2   0x0000016e   Code   RO         3519    i.lcd_ex_ssd1963_reginit  lcd.o
    0x08006110   0x000001a8   Code   RO         3520    i.lcd_ex_st7789_reginit  lcd.o
    0x080062b8   0x000001c6   Code   RO         3521    i.lcd_ex_st7796_reginit  lcd.o
    0x0800647e   0x00000002   PAD
    0x08006480   0x00000054   Code   RO         3522    i.lcd_fill          lcd.o
    0x080064d4   0x00000528   Code   RO         3524    i.lcd_init          lcd.o
    0x080069fc   0x0000000c   Code   RO         3525    i.lcd_opt_delay     lcd.o
    0x08006a08   0x00000018   Code   RO         3527    i.lcd_rd_data       lcd.o
    0x08006a20   0x0000023c   Code   RO         3529    i.lcd_scan_dir      lcd.o
    0x08006c5c   0x00000120   Code   RO         3530    i.lcd_set_cursor    lcd.o
    0x08006d7c   0x00000140   Code   RO         3532    i.lcd_show_char     lcd.o
    0x08006ebc   0x0000006a   Code   RO         3534    i.lcd_show_string   lcd.o
    0x08006f26   0x00000002   PAD
    0x08006f28   0x00000060   Code   RO         3536    i.lcd_ssd_backlight_set  lcd.o
    0x08006f88   0x00000018   Code   RO         3537    i.lcd_wr_data       lcd.o
    0x08006fa0   0x00000018   Code   RO         3538    i.lcd_wr_regno      lcd.o
    0x08006fb8   0x00000014   Code   RO         3539    i.lcd_write_ram_prepare  lcd.o
    0x08006fcc   0x00000014   Code   RO         3540    i.lcd_write_reg     lcd.o
    0x08006fe0   0x00000098   Code   RO         3422    i.led_init          led.o
    0x08007078   0x000001e0   Code   RO           15    i.main              main.o
    0x08007258   0x00000030   Code   RO         3893    i.st480mc_init      st480mc.o
    0x08007288   0x00000066   Code   RO         3894    i.st480mc_read_magdata  st480mc.o
    0x080072ee   0x00000088   Code   RO         3895    i.st480mc_read_magdata_average  st480mc.o
    0x08007376   0x00000058   Code   RO         3896    i.st480mc_read_nbytes  st480mc.o
    0x080073ce   0x00000002   PAD
    0x080073d0   0x00000074   Code   RO         3898    i.st480mc_read_temperature  st480mc.o
    0x08007444   0x000000dc   Code   RO          468    i.sys_stm32_clock_init  sys.o
    0x08007520   0x00000038   Code   RO          542    i.usart_init        usart.o
    0x08007558   0x00000074   Code   RO           16    i.user_show_angle   main.o
    0x080075cc   0x00000058   Code   RO           17    i.user_show_mag     main.o
    0x08007624   0x00000070   Code   RO           18    i.user_show_temprate  main.o
    0x08007694   0x0000002c   Code   RO         4179    locale$$code        c_w.l(lc_numeric_c.o)
    0x080076c0   0x00000018   Code   RO         4086    x$fpl$basic         fz_wm.l(basic.o)
    0x080076d8   0x00000062   Code   RO         4024    x$fpl$d2f           fz_wm.l(d2f.o)
    0x0800773a   0x00000002   PAD
    0x0800773c   0x00000150   Code   RO         4026    x$fpl$dadd          fz_wm.l(daddsub_clz.o)
    0x0800788c   0x000002b0   Code   RO         4033    x$fpl$ddiv          fz_wm.l(ddiv.o)
    0x08007b3c   0x0000005a   Code   RO         4036    x$fpl$dfixu         fz_wm.l(dfixu.o)
    0x08007b96   0x0000002e   Code   RO         4041    x$fpl$dflt          fz_wm.l(dflt_clz.o)
    0x08007bc4   0x00000026   Code   RO         4040    x$fpl$dfltu         fz_wm.l(dflt_clz.o)
    0x08007bea   0x00000002   PAD
    0x08007bec   0x00000154   Code   RO         4046    x$fpl$dmul          fz_wm.l(dmul.o)
    0x08007d40   0x0000009c   Code   RO         4088    x$fpl$dnaninf       fz_wm.l(dnaninf.o)
    0x08007ddc   0x0000000c   Code   RO         4090    x$fpl$dretinf       fz_wm.l(dretinf.o)
    0x08007de8   0x00000016   Code   RO         4027    x$fpl$drsb          fz_wm.l(daddsub_clz.o)
    0x08007dfe   0x00000002   PAD
    0x08007e00   0x000001d4   Code   RO         4028    x$fpl$dsub          fz_wm.l(daddsub_clz.o)
    0x08007fd4   0x00000056   Code   RO         4048    x$fpl$f2d           fz_wm.l(f2d.o)
    0x0800802a   0x0000008c   Code   RO         4092    x$fpl$fnaninf       fz_wm.l(fnaninf.o)
    0x080080b6   0x0000000a   Code   RO         4257    x$fpl$fpinit        fz_wm.l(fpinit.o)
    0x080080c0   0x0000000a   Code   RO         4094    x$fpl$fretinf       fz_wm.l(fretinf.o)
    0x080080ca   0x00000004   Code   RO         4050    x$fpl$printf1       fz_wm.l(printf1.o)
    0x080080ce   0x00000000   Code   RO         4096    x$fpl$usenofp       fz_wm.l(usenofp.o)
    0x080080ce   0x00000018   Data   RO          383    .constdata          system_stm32f4xx.o
    0x080080e6   0x00002f80   Data   RO         3542    .constdata          lcd.o
    0x0800b066   0x00000028   Data   RO         3976    .constdata          c_w.l(_printf_hex_int.o)
    0x0800b08e   0x00000002   PAD
    0x0800b090   0x00000098   Data   RO         4055    .constdata          m_wm.l(atan.o)
    0x0800b128   0x00000094   Data   RO         4150    .constdata          c_w.l(bigflt0.o)
    0x0800b1bc   0x00000020   Data   RO         4316    Region$$Table       anon$$obj.o
    0x0800b1dc   0x0000001c   Data   RO         4178    locale$$data        c_w.l(lc_numeric_c.o)


    Execution Region RW_IRAM1 (Base: 0x20000000, Size: 0x000005f8, Max: 0x00020000, ABSOLUTE)

    Base Addr    Size         Type   Attr      Idx    E Section Name        Object

    0x20000000   0x00000004   Data   RW           19    .data               main.o
    0x20000004   0x00000004   Data   RW          384    .data               system_stm32f4xx.o
    0x20000008   0x00000004   Data   RW          422    .data               delay.o
    0x2000000c   0x00000007   Data   RW          544    .data               usart.o
    0x20000013   0x00000001   PAD
    0x20000014   0x00000009   Data   RW          639    .data               stm32f4xx_hal.o
    0x2000001d   0x00000001   Data   RW         3475    .data               key.o
    0x2000001e   0x00000002   PAD
    0x20000020   0x00000008   Data   RW         3543    .data               lcd.o
    0x20000028   0x0000010c   Zero   RW          543    .bss                usart.o
    0x20000134   0x0000005e   Zero   RW         3541    .bss                lcd.o
    0x20000192   0x00000002   PAD
    0x20000194   0x00000060   Zero   RW         4184    .bss                c_w.l(libspace.o)
    0x200001f4   0x00000004   PAD
    0x200001f8   0x00000000   Zero   RW            2    HEAP                startup_stm32f407xx.o
    0x200001f8   0x00000400   Zero   RW            1    STACK               startup_stm32f407xx.o


==============================================================================

Image component sizes


      Code (inc. data)   RO Data    RW Data    ZI Data      Debug   Object Name

       102         10          0          4          0       2067   delay.o
       420         26          0          1          0       1838   key.o
     13816        186      12160          8         94      26362   lcd.o
       152         10          0          0          0       1011   led.o
      1856        374          0          4          0     675178   main.o
       750         40          0          0          0       5758   myiic.o
       490         10          0          0          0       4518   st480mc.o
        76         28        392          0       1024       1020   startup_stm32f407xx.o
       174         34          0          9          0      10170   stm32f4xx_hal.o
       304         22          0          0          0      34715   stm32f4xx_hal_cortex.o
       210          0          0          0          0       2063   stm32f4xx_hal_dma.o
       564         46          0          0          0       3616   stm32f4xx_hal_gpio.o
      1820         84          0          0          0       5892   stm32f4xx_hal_rcc.o
        88          0          0          0          0       1260   stm32f4xx_hal_sram.o
      1796         16          0          0          0      10276   stm32f4xx_hal_uart.o
        32          0          0          0          0       4538   stm32f4xx_it.o
       232         10          0          0          0       2859   stm32f4xx_ll_fsmc.o
       220         12          0          0          0       1379   sys.o
        20          6         24          4          0       1471   system_stm32f4xx.o
       464         60          0          7        268       5881   usart.o

    ----------------------------------------------------------------------
     23608        974      12608         40       1388     801872   Object Totals
         0          0         32          0          0          0   (incl. Generated)
        22          0          0          3          2          0   (incl. Padding)

    ----------------------------------------------------------------------

      Code (inc. data)   RO Data    RW Data    ZI Data      Debug   Library Member Name

         8          0          0          0          0         68   __main.o
       284          0          0          0          0        156   __printf_wp.o
         0          0          0          0          0          0   __rtentry.o
        12          0          0          0          0          0   __rtentry2.o
         6          0          0          0          0          0   __rtentry4.o
        52          8          0          0          0          0   __scatter.o
        26          0          0          0          0          0   __scatter_copy.o
        28          0          0          0          0          0   __scatter_zi.o
        44          0          0          0          0        108   _printf_char.o
        48          6          0          0          0         96   _printf_char_common.o
        36          4          0          0          0         80   _printf_char_file.o
         6          0          0          0          0          0   _printf_d.o
       120         16          0          0          0         92   _printf_dec.o
         6          0          0          0          0          0   _printf_f.o
      1050          0          0          0          0        216   _printf_fp_dec.o
       128         16          0          0          0         84   _printf_fp_infnan.o
        88          4         40          0          0         88   _printf_hex_int.o
       178          0          0          0          0         88   _printf_intcommon.o
        78          0          0          0          0        108   _printf_pad.o
         0          0          0          0          0          0   _printf_percent.o
         4          0          0          0          0          0   _printf_percent_end.o
         6          0          0          0          0          0   _printf_s.o
        82          0          0          0          0         80   _printf_str.o
         6          0          0          0          0          0   _printf_x.o
        10          0          0          0          0         68   _sputc.o
       220          4        148          0          0         96   bigflt0.o
      1910        128          0          0          0        672   btod.o
        12          0          0          0          0         72   exit.o
         8          0          0          0          0         68   ferror.o
         6          0          0          0          0        152   heapauxi.o
        44         10         28          0          0         76   lc_numeric_c.o
         2          0          0          0          0          0   libinit.o
        22          0          0          0          0          0   libinit2.o
         2          0          0          0          0          0   libshutdown.o
         2          0          0          0          0          0   libshutdown2.o
         8          4          0          0         96         68   libspace.o
       138          0          0          0          0         80   lludiv10.o
       238          0          0          0          0        100   lludivv7m.o
        24          4          0          0          0         84   noretval__2printf.o
        40          6          0          0          0         84   noretval__2sprintf.o
         8          4          0          0          0         68   rt_locale_intlibspace.o
        78          0          0          0          0         80   rt_memclr_w.o
         2          0          0          0          0          0   rtexit.o
        10          0          0          0          0          0   rtexit2.o
       128          0          0          0          0         68   strcmpv7m.o
        74          0          0          0          0         80   sys_stackheap_outer.o
         2          0          0          0          0         68   use_no_semi.o
         2          0          0          0          0         68   use_no_semi_2.o
        24          0          0          0          0        164   basic.o
        98          4          0          0          0        140   d2f.o
       826         16          0          0          0        492   daddsub_clz.o
       688        140          0          0          0        256   ddiv.o
        90          4          0          0          0        140   dfixu.o
        84          0          0          0          0        232   dflt_clz.o
       340         12          0          0          0        152   dmul.o
       156          4          0          0          0        140   dnaninf.o
        12          0          0          0          0        116   dretinf.o
        86          4          0          0          0        132   f2d.o
       140          4          0          0          0        132   fnaninf.o
        10          0          0          0          0        116   fpinit.o
        10          0          0          0          0        116   fretinf.o
         4          0          0          0          0        116   printf1.o
         0          0          0          0          0          0   usenofp.o
       728        106        152          0          0        228   atan.o
        52          8          0          0          0        248   dunder.o
        24          0          0          0          0        124   fabs.o
        48          0          0          0          0        124   fpclassify.o
       248          0          0          0          0        152   poly.o

    ----------------------------------------------------------------------
      8974        516        370          0        100       6636   Library Totals
        20          0          2          0          4          0   (incl. Padding)

    ----------------------------------------------------------------------

      Code (inc. data)   RO Data    RW Data    ZI Data      Debug   Library Name

      5286        214        216          0         96       3316   c_w.l
      2568        188          0          0          0       2444   fz_wm.l
      1100        114        152          0          0        876   m_wm.l

    ----------------------------------------------------------------------
      8974        516        370          0        100       6636   Library Totals

    ----------------------------------------------------------------------

==============================================================================


      Code (inc. data)   RO Data    RW Data    ZI Data      Debug   

     32582       1490      12978         40       1488     794388   Grand Totals
     32582       1490      12978         40       1488     794388   ELF Image Totals
     32582       1490      12978         40          0          0   ROM Totals

==============================================================================

    Total RO  Size (Code + RO Data)                45560 (  44.49kB)
    Total RW  Size (RW Data + ZI Data)              1528 (   1.49kB)
    Total ROM Size (Code + RO Data + RW Data)      45600 (  44.53kB)

==============================================================================

